ogbl-wikikg2 loaded in 29s: 2,500,604 entities, 535 relations, 16,109,182 train triples, valid 429,456, test 598,543
args: {'steps': 800000, 'batch': 2048, 'neg': 4096, 'k': 8, 'block_size': 64, 'ent_bias': False, 'rel_gain': False, 'opt': 'rowadagrad', 'lr': 0.005, 'table_lr': 0.6, 'table_sched': 'cosine', 'lam': 0.1, 'clip': 1.0, 'distill': [], 'distill_w': 1.0, 'distill_T': 1.0, 'table_dtype': 'fp32', 'rev_frac': 0.75, 'seed': 0, 'save': 'model_wiki_s0.pt', 'eval': 'both', 'eval_only': False, 'probe_every': 100000, 'probe_size': 20000, 'ckpt_every': 100000, 'log_every': 50000, 'device': 'cuda', 'data_root': 'data_ogb'}
params: 328,842,753 (M=64, table 1.19 GB fp32)  opt=rowadagrad lr=0.005 table_lr=0.6 table_sched=cosine
step 50000/800000  loss 4.755  2.7 ms/step  tau 3.71  (137s)
step 100000/800000  loss 3.990  2.7 ms/step  tau 4.49  (273s)
[probe@100000] MRR 0.6546  hits@1 0.5895  hits@3 0.6849  hits@10 0.7783  (n=20,000, 0s)
step 150000/800000  loss 3.799  2.7 ms/step  tau 4.89  (411s)
step 200000/800000  loss 3.773  2.7 ms/step  tau 5.31  (547s)
[probe@200000] MRR 0.6712  hits@1 0.6062  hits@3 0.7013  hits@10 0.7955  (n=20,000, 0s)
step 250000/800000  loss 3.230  2.7 ms/step  tau 5.71  (683s)
step 300000/800000  loss 3.089  2.7 ms/step  tau 6.12  (821s)
[probe@300000] MRR 0.6842  hits@1 0.6193  hits@3 0.7143  hits@10 0.8110  (n=20,000, 0s)
step 350000/800000  loss 2.939  2.7 ms/step  tau 6.60  (957s)
step 400000/800000  loss 2.891  2.7 ms/step  tau 7.04  (1093s)
[probe@400000] MRR 0.6926  hits@1 0.6282  hits@3 0.7223  hits@10 0.8196  (n=20,000, 0s)
step 450000/800000  loss 2.680  2.7 ms/step  tau 7.63  (1230s)
step 500000/800000  loss 2.699  2.8 ms/step  tau 8.16  (1368s)
[probe@500000] MRR 0.6956  hits@1 0.6302  hits@3 0.7260  hits@10 0.8245  (n=20,000, 0s)
step 550000/800000  loss 2.489  2.8 ms/step  tau 8.84  (1507s)
step 600000/800000  loss 2.480  2.8 ms/step  tau 9.67  (1645s)
[probe@600000] MRR 0.7000  hits@1 0.6346  hits@3 0.7307  hits@10 0.8285  (n=20,000, 0s)
step 650000/800000  loss 2.564  2.7 ms/step  tau 10.60  (1783s)
step 700000/800000  loss 2.377  2.7 ms/step  tau 11.75  (1917s)
[probe@700000] MRR 0.7031  hits@1 0.6380  hits@3 0.7343  hits@10 0.8304  (n=20,000, 0s)
step 750000/800000  loss 2.407  2.7 ms/step  tau 12.92  (2055s)
step 800000/800000  loss 2.393  2.7 ms/step  tau 13.29  (2190s)
[probe@800000] MRR 0.7038  hits@1 0.6385  hits@3 0.7347  hits@10 0.8328  (n=20,000, 0s)
saved model_wiki_s0.pt  (train 2191s)

=== OGB official evaluation (ogbl-wikikg2) ===
[valid] MRR 0.7041  hits@1 0.6383  hits@3 0.7353  hits@10 0.8339  (n=429,456, 2s)
[test] MRR 0.6678  hits@1 0.6011  hits@3 0.6965  hits@10 0.8002  (n=598,543, 3s)
leaderboard context (test MRR): RotatE 0.433, PairRE 0.521, AutoSF 0.546, TripleRE 0.579, ComplEx-RP 0.639, TranS 0.694, StarGraph+TripleRE 0.729, RelEns 0.739
model_wiki_s0: valid MRR(f16) 0.7039 -> ens_cache/model_wiki_s0.valid.npz
dir 0: 1,311,380 (rel,target) keys, max holders 1510473, keys over cap 0.6%
dir 1: 13,629,693 (rel,target) keys, max holders 902, keys over cap 0.0%
analogy_s0: valid MRR alone 0.4939 (positive has holders on 55% of rows) -> ens_cache/analogy_s0.valid.npz
analogy_s0_t3: valid MRR alone 0.4957 (positive has holders on 55% of rows) -> ens_cache/analogy_s0_t3.valid.npz
holders: valid MRR alone 0.4250 (positive has holders on 55% of rows) -> ens_cache/holders.valid.npz
done in 19s
model_wiki_s0: test scores cached (MRR not computed) -> ens_cache/model_wiki_s0.test.npz
dir 0: 1,311,380 (rel,target) keys, max holders 1510473, keys over cap 0.6%
dir 1: 13,629,693 (rel,target) keys, max holders 902, keys over cap 0.0%
analogy_s0: test features cached (MRR not computed; positive has holders on 51% of rows) -> ens_cache/analogy_s0.test.npz
analogy_s0_t3: test features cached (MRR not computed; positive has holders on 51% of rows) -> ens_cache/analogy_s0_t3.test.npz
holders: test features cached (MRR not computed; positive has holders on 51% of rows) -> ens_cache/holders.test.npz
done in 20s
members (8): model_wiki_s0, analogy_s0, analogy_s0_t3, holders, cn, cn_aa, linked, cn3_aa  min_rows=4000
  model_wiki_s0: valid MRR alone 0.7039
  analogy_s0: valid MRR alone 0.4937
  analogy_s0_t3: valid MRR alone 0.4954
  holders: valid MRR alone 0.4250
  cn: valid MRR alone 0.1396
  cn_aa: valid MRR alone 0.1643
  linked: valid MRR alone 0.0921
  cn3_aa: valid MRR alone 0.3619
global choice on fit rows: soft50 (0.7040)
direction tail choice: soft50 (0.9528)
direction head choice: soft20 (0.4676)
groups with local weights: 24/726
frozen weights on full valid (in-sample): 0.7389
weights frozen -> results/frozen_s0.npz

================= COMMITTED TEST RESULT (wikikg2) ==============
official Evaluator test MRR: 0.6718
hits@1: 0.6054
hits@3: 0.7010
hits@10: 0.8028
