ogbl-wikikg2 loaded in 27s: 2,500,604 entities, 535 relations, 16,109,182 train triples, valid 429,456, test 598,543
args: {'steps': 800000, 'batch': 2048, 'neg': 4096, 'k': 8, 'block_size': 64, 'ent_bias': False, 'rel_gain': False, 'opt': 'rowadagrad', 'lr': 0.005, 'table_lr': 0.6, 'table_sched': 'cosine', 'lam': 0.1, 'clip': 1.0, 'distill': [], 'distill_w': 1.0, 'distill_T': 1.0, 'table_dtype': 'fp32', 'rev_frac': 0.75, 'seed': 5, 'save': 'model_wiki_s5.pt', 'eval': 'both', 'eval_only': False, 'probe_every': 100000, 'probe_size': 20000, 'ckpt_every': 100000, 'log_every': 50000, 'device': 'cuda', 'data_root': 'data_ogb'}
params: 328,842,753 (M=64, table 1.19 GB fp32)  opt=rowadagrad lr=0.005 table_lr=0.6 table_sched=cosine
resumed from checkpoint at step 700000
step 750000/800000  loss 2.350  3.2 ms/step  tau 12.92  (161s)
step 800000/800000  loss 2.387  3.3 ms/step  tau 13.29  (323s)
[probe@800000] MRR 0.7009  hits@1 0.6347  hits@3 0.7336  hits@10 0.8306  (n=20,000, 0s)
saved model_wiki_s5.pt  (train 325s)

=== OGB official evaluation (ogbl-wikikg2) ===
[valid] MRR 0.7023  hits@1 0.6363  hits@3 0.7337  hits@10 0.8323  (n=429,456, 2s)
[test] MRR 0.6678  hits@1 0.6009  hits@3 0.6967  hits@10 0.8001  (n=598,543, 3s)
leaderboard context (test MRR): RotatE 0.433, PairRE 0.521, AutoSF 0.546, TripleRE 0.579, ComplEx-RP 0.639, TranS 0.694, StarGraph+TripleRE 0.729, RelEns 0.739
model_wiki_s5: valid MRR(f16) 0.7021 -> ens_cache/model_wiki_s5.valid.npz
dir 0: 1,311,380 (rel,target) keys, max holders 1510473, keys over cap 0.6%
dir 1: 13,629,693 (rel,target) keys, max holders 902, keys over cap 0.0%
analogy_s5: valid MRR alone 0.4920 (positive has holders on 55% of rows) -> ens_cache/analogy_s5.valid.npz
analogy_s5_t3: valid MRR alone 0.4941 (positive has holders on 55% of rows) -> ens_cache/analogy_s5_t3.valid.npz
holders: valid MRR alone 0.4250 (positive has holders on 55% of rows) -> ens_cache/holders.valid.npz
done in 20s
model_wiki_s5: test scores cached (MRR not computed) -> ens_cache/model_wiki_s5.test.npz
dir 0: 1,311,380 (rel,target) keys, max holders 1510473, keys over cap 0.6%
dir 1: 13,629,693 (rel,target) keys, max holders 902, keys over cap 0.0%
analogy_s5: test features cached (MRR not computed; positive has holders on 51% of rows) -> ens_cache/analogy_s5.test.npz
analogy_s5_t3: test features cached (MRR not computed; positive has holders on 51% of rows) -> ens_cache/analogy_s5_t3.test.npz
holders: test features cached (MRR not computed; positive has holders on 51% of rows) -> ens_cache/holders.test.npz
done in 21s
members (8): model_wiki_s5, analogy_s5, analogy_s5_t3, holders, cn, cn_aa, linked, cn3_aa  min_rows=4000
  model_wiki_s5: valid MRR alone 0.7021  (tail 0.9504 head 0.4538)
  analogy_s5: valid MRR alone 0.4918  (tail 0.8446 head 0.1391)
  analogy_s5_t3: valid MRR alone 0.4938  (tail 0.8456 head 0.1419)
  holders: valid MRR alone 0.4250  (tail 0.7999 head 0.0502)
  cn: valid MRR alone 0.1396  (tail 0.0743 head 0.2050)
  cn_aa: valid MRR alone 0.1643  (tail 0.0957 head 0.2330)
  linked: valid MRR alone 0.0921  (tail 0.0936 head 0.0906)
  cn3_aa: valid MRR alone 0.3619  (tail 0.5015 head 0.2224)
global choice on fit rows: soft50 (0.7022)
direction tail choice: soft50 (0.9519)
direction head choice: soft20 (0.4654)
groups with local weights: 24/726
frozen weights on full valid (in-sample): 0.7379
weights frozen -> results/frozen_s5.npz
  fallback weights applied to 9,176 rows of unseen (relation, direction) groups

================= COMMITTED TEST RESULT (wikikg2) ==============
official Evaluator test MRR: 0.6791
  by direction: tail 0.9388  head 0.4194
hits@1: 0.6127
hits@3: 0.7083
hits@10: 0.8100
