ogbl-wikikg2 loaded in 26s: 2,500,604 entities, 535 relations, 16,109,182 train triples, valid 429,456, test 598,543
args: {'steps': 800000, 'batch': 2048, 'neg': 4096, 'k': 8, 'block_size': 64, 'ent_bias': False, 'rel_gain': False, 'opt': 'rowadagrad', 'lr': 0.005, 'table_lr': 0.6, 'table_sched': 'cosine', 'lam': 0.1, 'clip': 1.0, 'distill': [], 'distill_w': 1.0, 'distill_T': 1.0, 'rel_alpha': 1.0, 'n3': 0.0, 'table_dtype': 'fp32', 'rev_frac': 0.75, 'seed': 7, 'save': 'model_wiki_s7.pt', 'eval': 'both', 'eval_only': False, 'probe_every': 100000, 'probe_size': 20000, 'ckpt_every': 100000, 'log_every': 50000, 'device': 'cuda', 'data_root': 'data_ogb'}
params: 328,842,753 (M=64, table 1.19 GB fp32)  opt=rowadagrad lr=0.005 table_lr=0.6 table_sched=cosine
step 50000/800000  loss 4.618  3.3 ms/step  tau 3.70  (166s)
step 100000/800000  loss 4.090  3.3 ms/step  tau 4.40  (329s)
[probe@100000] MRR 0.6520  hits@1 0.5877  hits@3 0.6803  hits@10 0.7747  (n=20,000, 0s)
step 150000/800000  loss 3.688  3.1 ms/step  tau 4.89  (486s)
step 200000/800000  loss 3.358  3.5 ms/step  tau 5.30  (662s)
[probe@200000] MRR 0.6722  hits@1 0.6072  hits@3 0.7017  hits@10 0.7987  (n=20,000, 0s)
step 250000/800000  loss 3.380  3.3 ms/step  tau 5.72  (829s)
step 300000/800000  loss 3.105  2.9 ms/step  tau 6.15  (974s)
[probe@300000] MRR 0.6844  hits@1 0.6186  hits@3 0.7136  hits@10 0.8155  (n=20,000, 0s)
step 350000/800000  loss 2.954  3.1 ms/step  tau 6.56  (1131s)
step 400000/800000  loss 2.815  3.1 ms/step  tau 7.05  (1288s)
[probe@400000] MRR 0.6928  hits@1 0.6259  hits@3 0.7248  hits@10 0.8237  (n=20,000, 0s)
step 450000/800000  loss 2.771  3.2 ms/step  tau 7.59  (1449s)
step 500000/800000  loss 2.738  3.2 ms/step  tau 8.21  (1607s)
[probe@500000] MRR 0.6970  hits@1 0.6317  hits@3 0.7276  hits@10 0.8255  (n=20,000, 0s)
step 550000/800000  loss 2.550  3.1 ms/step  tau 8.90  (1762s)
step 600000/800000  loss 2.581  2.8 ms/step  tau 9.66  (1904s)
[probe@600000] MRR 0.6996  hits@1 0.6338  hits@3 0.7309  hits@10 0.8294  (n=20,000, 0s)
step 650000/800000  loss 2.542  2.9 ms/step  tau 10.64  (2052s)
step 700000/800000  loss 2.417  3.1 ms/step  tau 11.73  (2206s)
[probe@700000] MRR 0.7037  hits@1 0.6381  hits@3 0.7347  hits@10 0.8327  (n=20,000, 0s)
step 750000/800000  loss 2.399  2.9 ms/step  tau 12.91  (2354s)
step 800000/800000  loss 2.369  3.0 ms/step  tau 13.28  (2504s)
[probe@800000] MRR 0.7035  hits@1 0.6374  hits@3 0.7346  hits@10 0.8341  (n=20,000, 0s)
saved model_wiki_s7.pt  (train 2505s)

=== OGB official evaluation (ogbl-wikikg2) ===
[valid] MRR 0.7046  hits@1 0.6385  hits@3 0.7360  hits@10 0.8354  (n=429,456, 2s)
[test] MRR 0.6654  hits@1 0.5989  hits@3 0.6943  hits@10 0.7969  (n=598,543, 3s)
leaderboard context (test MRR): RotatE 0.433, PairRE 0.521, AutoSF 0.546, TripleRE 0.579, ComplEx-RP 0.639, TranS 0.694, StarGraph+TripleRE 0.729, RelEns 0.739
model_wiki_s7: valid MRR(f16) 0.7044 -> ens_cache/model_wiki_s7.valid.npz
dir 0: 1,311,380 (rel,target) keys, max holders 1510473, keys over cap 0.6%
dir 1: 13,629,693 (rel,target) keys, max holders 902, keys over cap 0.0%
analogy_s7: valid MRR alone 0.4933 (positive has holders on 55% of rows) -> ens_cache/analogy_s7.valid.npz
analogy_s7_t3: valid MRR alone 0.4951 (positive has holders on 55% of rows) -> ens_cache/analogy_s7_t3.valid.npz
holders: valid MRR alone 0.4250 (positive has holders on 55% of rows) -> ens_cache/holders.valid.npz
done in 20s
model_wiki_s7: test scores cached (MRR not computed) -> ens_cache/model_wiki_s7.test.npz
dir 0: 1,311,380 (rel,target) keys, max holders 1510473, keys over cap 0.6%
dir 1: 13,629,693 (rel,target) keys, max holders 902, keys over cap 0.0%
analogy_s7: test features cached (MRR not computed; positive has holders on 51% of rows) -> ens_cache/analogy_s7.test.npz
analogy_s7_t3: test features cached (MRR not computed; positive has holders on 51% of rows) -> ens_cache/analogy_s7_t3.test.npz
holders: test features cached (MRR not computed; positive has holders on 51% of rows) -> ens_cache/holders.test.npz
done in 22s
members (8): model_wiki_s7, analogy_s7, analogy_s7_t3, holders, cn, cn_aa, linked, cn3_aa  min_rows=500
  model_wiki_s7: valid MRR alone 0.7044  (tail 0.9518 head 0.4569)
  analogy_s7: valid MRR alone 0.4931  (tail 0.8449 head 0.1414)
  analogy_s7_t3: valid MRR alone 0.4948  (tail 0.8460 head 0.1436)
  holders: valid MRR alone 0.4250  (tail 0.7999 head 0.0502)
  cn: valid MRR alone 0.1396  (tail 0.0743 head 0.2050)
  cn_aa: valid MRR alone 0.1643  (tail 0.0957 head 0.2330)
  linked: valid MRR alone 0.0921  (tail 0.0936 head 0.0906)
  cn3_aa: valid MRR alone 0.3619  (tail 0.5015 head 0.2224)
global choice on fit rows: soft50 (0.7045)
direction tail choice: soft50 (0.9533)
direction head choice: soft20 (0.4680)
groups with local weights: 95/726
frozen weights on full valid (in-sample): 0.7421
weights frozen -> results/frozen_s7.npz
  fallback weights applied to 9,176 rows of unseen (relation, direction) groups

================= COMMITTED TEST RESULT (wikikg2) ==============
official Evaluator test MRR: 0.6823
  by direction: tail 0.9402  head 0.4244
hits@1: 0.6164
hits@3: 0.7117
hits@10: 0.8117
