ogbl-wikikg2 loaded in 29s: 2,500,604 entities, 535 relations, 16,109,182 train triples, valid 429,456, test 598,543
args: {'steps': 800000, 'batch': 2048, 'neg': 4096, 'k': 8, 'block_size': 64, 'ent_bias': False, 'rel_gain': False, 'opt': 'rowadagrad', 'lr': 0.005, 'table_lr': 0.6, 'table_sched': 'cosine', 'lam': 0.1, 'clip': 1.0, 'distill': [], 'distill_w': 1.0, 'distill_T': 1.0, 'table_dtype': 'fp32', 'rev_frac': 0.75, 'seed': 1, 'save': 'model_wiki_s1.pt', 'eval': 'both', 'eval_only': False, 'probe_every': 100000, 'probe_size': 20000, 'ckpt_every': 100000, 'log_every': 50000, 'device': 'cuda', 'data_root': 'data_ogb'}
params: 328,842,753 (M=64, table 1.19 GB fp32)  opt=rowadagrad lr=0.005 table_lr=0.6 table_sched=cosine
step 50000/800000  loss 4.709  2.7 ms/step  tau 3.70  (136s)
step 100000/800000  loss 4.061  2.8 ms/step  tau 4.35  (274s)
[probe@100000] MRR 0.6557  hits@1 0.5920  hits@3 0.6834  hits@10 0.7780  (n=20,000, 0s)
step 150000/800000  loss 3.748  3.2 ms/step  tau 4.87  (433s)
step 200000/800000  loss 3.673  3.0 ms/step  tau 5.30  (583s)
[probe@200000] MRR 0.6742  hits@1 0.6095  hits@3 0.7043  hits@10 0.7970  (n=20,000, 0s)
step 250000/800000  loss 3.188  2.9 ms/step  tau 5.70  (728s)
step 300000/800000  loss 3.040  2.8 ms/step  tau 6.09  (867s)
[probe@300000] MRR 0.6825  hits@1 0.6172  hits@3 0.7130  hits@10 0.8097  (n=20,000, 0s)
step 350000/800000  loss 3.016  2.7 ms/step  tau 6.56  (1006s)
step 400000/800000  loss 2.996  2.7 ms/step  tau 7.07  (1142s)
[probe@400000] MRR 0.6907  hits@1 0.6263  hits@3 0.7208  hits@10 0.8138  (n=20,000, 0s)
step 450000/800000  loss 2.778  2.7 ms/step  tau 7.58  (1278s)
step 500000/800000  loss 2.747  2.7 ms/step  tau 8.14  (1412s)
[probe@500000] MRR 0.6973  hits@1 0.6328  hits@3 0.7279  hits@10 0.8245  (n=20,000, 0s)
step 550000/800000  loss 2.630  2.7 ms/step  tau 8.87  (1549s)
step 600000/800000  loss 2.478  2.7 ms/step  tau 9.66  (1684s)
[probe@600000] MRR 0.7005  hits@1 0.6374  hits@3 0.7300  hits@10 0.8239  (n=20,000, 0s)
step 650000/800000  loss 2.538  2.7 ms/step  tau 10.60  (1821s)
step 700000/800000  loss 2.410  2.8 ms/step  tau 11.72  (1961s)
[probe@700000] MRR 0.7024  hits@1 0.6382  hits@3 0.7322  hits@10 0.8299  (n=20,000, 0s)
step 750000/800000  loss 2.402  2.9 ms/step  tau 12.91  (2110s)
step 800000/800000  loss 2.503  2.9 ms/step  tau 13.28  (2254s)
[probe@800000] MRR 0.7031  hits@1 0.6387  hits@3 0.7338  hits@10 0.8303  (n=20,000, 0s)
saved model_wiki_s1.pt  (train 2255s)

=== OGB official evaluation (ogbl-wikikg2) ===
[valid] MRR 0.7035  hits@1 0.6380  hits@3 0.7347  hits@10 0.8325  (n=429,456, 3s)
[test] MRR 0.6687  hits@1 0.6015  hits@3 0.6979  hits@10 0.8017  (n=598,543, 3s)
leaderboard context (test MRR): RotatE 0.433, PairRE 0.521, AutoSF 0.546, TripleRE 0.579, ComplEx-RP 0.639, TranS 0.694, StarGraph+TripleRE 0.729, RelEns 0.739
model_wiki_s1: valid MRR(f16) 0.7033 -> ens_cache/model_wiki_s1.valid.npz
dir 0: 1,311,380 (rel,target) keys, max holders 1510473, keys over cap 0.6%
dir 1: 13,629,693 (rel,target) keys, max holders 902, keys over cap 0.0%
analogy_s1: valid MRR alone 0.4935 (positive has holders on 55% of rows) -> ens_cache/analogy_s1.valid.npz
analogy_s1_t3: valid MRR alone 0.4953 (positive has holders on 55% of rows) -> ens_cache/analogy_s1_t3.valid.npz
holders: valid MRR alone 0.4250 (positive has holders on 55% of rows) -> ens_cache/holders.valid.npz
done in 19s
model_wiki_s1: test scores cached (MRR not computed) -> ens_cache/model_wiki_s1.test.npz
dir 0: 1,311,380 (rel,target) keys, max holders 1510473, keys over cap 0.6%
dir 1: 13,629,693 (rel,target) keys, max holders 902, keys over cap 0.0%
analogy_s1: test features cached (MRR not computed; positive has holders on 51% of rows) -> ens_cache/analogy_s1.test.npz
analogy_s1_t3: test features cached (MRR not computed; positive has holders on 51% of rows) -> ens_cache/analogy_s1_t3.test.npz
holders: test features cached (MRR not computed; positive has holders on 51% of rows) -> ens_cache/holders.test.npz
done in 20s
members (8): model_wiki_s1, analogy_s1, analogy_s1_t3, holders, cn, cn_aa, linked, cn3_aa  min_rows=4000
  model_wiki_s1: valid MRR alone 0.7033  (tail 0.9511 head 0.4554)
  analogy_s1: valid MRR alone 0.4933  (tail 0.8449 head 0.1416)
  analogy_s1_t3: valid MRR alone 0.4950  (tail 0.8461 head 0.1440)
  holders: valid MRR alone 0.4250  (tail 0.7999 head 0.0502)
  cn: valid MRR alone 0.1396  (tail 0.0743 head 0.2050)
  cn_aa: valid MRR alone 0.1643  (tail 0.0957 head 0.2330)
  linked: valid MRR alone 0.0921  (tail 0.0936 head 0.0906)
  cn3_aa: valid MRR alone 0.3619  (tail 0.5015 head 0.2224)
global choice on fit rows: soft50 (0.7034)
direction tail choice: soft50 (0.9526)
direction head choice: soft20 (0.4660)
groups with local weights: 24/726
frozen weights on full valid (in-sample): 0.7395
weights frozen -> results/frozen_s1.npz
  fallback weights applied to 9,176 rows of unseen (relation, direction) groups

================= COMMITTED TEST RESULT (wikikg2) ==============
official Evaluator test MRR: 0.6795
  by direction: tail 0.9404  head 0.4185
hits@1: 0.6127
hits@3: 0.7091
hits@10: 0.8114
