ogbl-wikikg2 loaded in 26s: 2,500,604 entities, 535 relations, 16,109,182 train triples, valid 429,456, test 598,543
args: {'steps': 800000, 'batch': 2048, 'neg': 4096, 'k': 8, 'block_size': 64, 'ent_bias': False, 'rel_gain': False, 'opt': 'rowadagrad', 'lr': 0.005, 'table_lr': 0.6, 'table_sched': 'cosine', 'lam': 0.1, 'clip': 1.0, 'distill': [], 'distill_w': 1.0, 'distill_T': 1.0, 'table_dtype': 'fp32', 'rev_frac': 0.75, 'seed': 6, 'save': 'model_wiki_s6.pt', 'eval': 'both', 'eval_only': False, 'probe_every': 100000, 'probe_size': 20000, 'ckpt_every': 100000, 'log_every': 50000, 'device': 'cuda', 'data_root': 'data_ogb'}
params: 328,842,753 (M=64, table 1.19 GB fp32)  opt=rowadagrad lr=0.005 table_lr=0.6 table_sched=cosine
step 50000/800000  loss 4.617  3.1 ms/step  tau 3.66  (153s)
step 100000/800000  loss 4.113  2.9 ms/step  tau 4.37  (299s)
[probe@100000] MRR 0.6552  hits@1 0.5903  hits@3 0.6848  hits@10 0.7775  (n=20,000, 0s)
step 150000/800000  loss 3.677  2.9 ms/step  tau 4.90  (445s)
step 200000/800000  loss 3.545  2.9 ms/step  tau 5.35  (589s)
[probe@200000] MRR 0.6733  hits@1 0.6077  hits@3 0.7042  hits@10 0.7986  (n=20,000, 0s)
step 250000/800000  loss 3.287  3.1 ms/step  tau 5.65  (748s)
step 300000/800000  loss 3.123  3.5 ms/step  tau 6.09  (921s)
[probe@300000] MRR 0.6823  hits@1 0.6165  hits@3 0.7132  hits@10 0.8103  (n=20,000, 0s)
step 350000/800000  loss 3.083  7.2 ms/step  tau 6.56  (1282s)
step 400000/800000  loss 3.005  7.2 ms/step  tau 7.04  (1641s)
[probe@400000] MRR 0.6897  hits@1 0.6240  hits@3 0.7207  hits@10 0.8188  (n=20,000, 0s)
step 450000/800000  loss 2.864  7.2 ms/step  tau 7.54  (2002s)
step 500000/800000  loss 2.714  7.2 ms/step  tau 8.18  (2362s)
[probe@500000] MRR 0.6944  hits@1 0.6288  hits@3 0.7258  hits@10 0.8241  (n=20,000, 0s)
step 550000/800000  loss 2.484  7.2 ms/step  tau 8.88  (2723s)
step 600000/800000  loss 2.557  6.5 ms/step  tau 9.65  (3049s)
[probe@600000] MRR 0.6981  hits@1 0.6318  hits@3 0.7296  hits@10 0.8291  (n=20,000, 0s)
step 650000/800000  loss 2.364  2.8 ms/step  tau 10.59  (3191s)
step 700000/800000  loss 2.374  2.9 ms/step  tau 11.75  (3334s)
[probe@700000] MRR 0.7027  hits@1 0.6369  hits@3 0.7332  hits@10 0.8351  (n=20,000, 0s)
step 750000/800000  loss 2.309  3.0 ms/step  tau 12.90  (3484s)
step 800000/800000  loss 2.453  3.0 ms/step  tau 13.29  (3635s)
[probe@800000] MRR 0.7030  hits@1 0.6370  hits@3 0.7336  hits@10 0.8352  (n=20,000, 0s)
saved model_wiki_s6.pt  (train 3636s)

=== OGB official evaluation (ogbl-wikikg2) ===
[valid] MRR 0.7034  hits@1 0.6375  hits@3 0.7346  hits@10 0.8341  (n=429,456, 2s)
[test] MRR 0.6677  hits@1 0.6008  hits@3 0.6965  hits@10 0.8004  (n=598,543, 3s)
leaderboard context (test MRR): RotatE 0.433, PairRE 0.521, AutoSF 0.546, TripleRE 0.579, ComplEx-RP 0.639, TranS 0.694, StarGraph+TripleRE 0.729, RelEns 0.739
model_wiki_s6: valid MRR(f16) 0.7033 -> ens_cache/model_wiki_s6.valid.npz
dir 0: 1,311,380 (rel,target) keys, max holders 1510473, keys over cap 0.6%
dir 1: 13,629,693 (rel,target) keys, max holders 902, keys over cap 0.0%
analogy_s6: valid MRR alone 0.4927 (positive has holders on 55% of rows) -> ens_cache/analogy_s6.valid.npz
analogy_s6_t3: valid MRR alone 0.4943 (positive has holders on 55% of rows) -> ens_cache/analogy_s6_t3.valid.npz
holders: valid MRR alone 0.4250 (positive has holders on 55% of rows) -> ens_cache/holders.valid.npz
done in 20s
model_wiki_s6: test scores cached (MRR not computed) -> ens_cache/model_wiki_s6.test.npz
dir 0: 1,311,380 (rel,target) keys, max holders 1510473, keys over cap 0.6%
dir 1: 13,629,693 (rel,target) keys, max holders 902, keys over cap 0.0%
analogy_s6: test features cached (MRR not computed; positive has holders on 51% of rows) -> ens_cache/analogy_s6.test.npz
Traceback (most recent call last):
  File "/root/wiki/retrieval_wiki.py", line 189, in <module>
    main()
  File "/root/wiki/retrieval_wiki.py", line 175, in main
    np.savez(out, sp=sp[k], sn=sn[k], rel=rel_out)
  File "/root/wiki/.venv/lib/python3.12/site-packages/numpy/lib/_npyio_impl.py", line 673, in savez
    _savez(file, args, kwds, False, allow_pickle=allow_pickle)
  File "/root/wiki/.venv/lib/python3.12/site-packages/numpy/lib/_npyio_impl.py", line 786, in _savez
    format.write_array(fid, val,
  File "/root/wiki/.venv/lib/python3.12/site-packages/numpy/lib/_format_impl.py", line 777, in write_array
    fp.write(chunk.tobytes('C'))
  File "/root/.local/share/uv/python/cpython-3.12.14-linux-x86_64-gnu/lib/python3.12/zipfile/__init__.py", line 1237, in write
    self._fileobj.write(data)
OSError: [Errno 28] No space left on device
members (8): model_wiki_s6, analogy_s6, analogy_s6_t3, holders, cn, cn_aa, linked, cn3_aa  min_rows=500
  model_wiki_s6: valid MRR alone 0.7032  (tail 0.9515 head 0.4550)
  analogy_s6: valid MRR alone 0.4925  (tail 0.8445 head 0.1405)
  analogy_s6_t3: valid MRR alone 0.4940  (tail 0.8455 head 0.1425)
  holders: valid MRR alone 0.4250  (tail 0.7999 head 0.0502)
  cn: valid MRR alone 0.1396  (tail 0.0743 head 0.2050)
  cn_aa: valid MRR alone 0.1643  (tail 0.0957 head 0.2330)
  linked: valid MRR alone 0.0921  (tail 0.0936 head 0.0906)
  cn3_aa: valid MRR alone 0.3619  (tail 0.5015 head 0.2224)
global choice on fit rows: soft50 (0.7034)
direction tail choice: soft50 (0.9530)
direction head choice: soft20 (0.4662)
groups with local weights: 96/726
frozen weights on full valid (in-sample): 0.7413
weights frozen -> results/frozen_s6.npz
Traceback (most recent call last):
  File "/root/wiki/blend_wiki.py", line 229, in <module>
    main()
  File "/root/wiki/blend_wiki.py", line 208, in main
    Zt, relt = load_split(args.members, "test", args.cache_dir)
               ^^^^^^^^^^^^^^^^^^^^^^^^^^^^^^^^^^^^^^^^^^^^^^^^
  File "/root/wiki/blend_wiki.py", line 39, in load_split
    sp, sn = d["sp"].astype(np.float32), d["sn"].astype(np.float32)
                                         ~^^^^^^
  File "/root/wiki/.venv/lib/python3.12/site-packages/numpy/lib/_npyio_impl.py", line 245, in __getitem__
    with self.zip.open(key) as bytes:
         ^^^^^^^^^^^^^^^^^^
  File "/root/.local/share/uv/python/cpython-3.12.14-linux-x86_64-gnu/lib/python3.12/zipfile/__init__.py", line 1677, in open
    raise BadZipFile(
zipfile.BadZipFile: Overlapped entries: 'sn.npy' (possible zip bomb)
