ogbl-wikikg2 loaded in 26s: 2,500,604 entities, 535 relations, 16,109,182 train triples, valid 429,456, test 598,543
args: {'steps': 800000, 'batch': 2048, 'neg': 4096, 'k': 8, 'block_size': 64, 'ent_bias': False, 'rel_gain': False, 'opt': 'rowadagrad', 'lr': 0.005, 'table_lr': 0.6, 'table_sched': 'cosine', 'lam': 0.1, 'clip': 1.0, 'distill': [], 'distill_w': 1.0, 'distill_T': 1.0, 'rel_alpha': 1.0, 'n3': 0.0, 'table_dtype': 'fp32', 'rev_frac': 0.75, 'seed': 8, 'save': 'model_wiki_s8.pt', 'eval': 'both', 'eval_only': False, 'probe_every': 100000, 'probe_size': 20000, 'ckpt_every': 100000, 'log_every': 50000, 'device': 'cuda', 'data_root': 'data_ogb'}
params: 328,842,753 (M=64, table 1.19 GB fp32)  opt=rowadagrad lr=0.005 table_lr=0.6 table_sched=cosine
step 50000/800000  loss 4.747  3.0 ms/step  tau 3.68  (150s)
step 100000/800000  loss 3.981  2.9 ms/step  tau 4.42  (297s)
[probe@100000] MRR 0.6518  hits@1 0.5885  hits@3 0.6796  hits@10 0.7721  (n=20,000, 0s)
step 150000/800000  loss 3.646  3.0 ms/step  tau 4.89  (451s)
step 200000/800000  loss 3.425  3.0 ms/step  tau 5.34  (598s)
[probe@200000] MRR 0.6701  hits@1 0.6065  hits@3 0.6991  hits@10 0.7927  (n=20,000, 0s)
step 250000/800000  loss 3.312  3.1 ms/step  tau 5.66  (758s)
step 300000/800000  loss 2.951  3.1 ms/step  tau 6.10  (914s)
[probe@300000] MRR 0.6810  hits@1 0.6159  hits@3 0.7116  hits@10 0.8080  (n=20,000, 0s)
step 350000/800000  loss 3.072  3.1 ms/step  tau 6.60  (1070s)
step 400000/800000  loss 2.735  2.9 ms/step  tau 7.02  (1213s)
[probe@400000] MRR 0.6868  hits@1 0.6225  hits@3 0.7168  hits@10 0.8126  (n=20,000, 0s)
step 450000/800000  loss 2.809  3.0 ms/step  tau 7.58  (1367s)
step 500000/800000  loss 2.809  3.1 ms/step  tau 8.19  (1521s)
[probe@500000] MRR 0.6933  hits@1 0.6272  hits@3 0.7242  hits@10 0.8230  (n=20,000, 0s)
step 550000/800000  loss 2.749  3.2 ms/step  tau 8.87  (1680s)
step 600000/800000  loss 2.663  3.0 ms/step  tau 9.67  (1833s)
[probe@600000] MRR 0.6972  hits@1 0.6319  hits@3 0.7280  hits@10 0.8256  (n=20,000, 0s)
step 650000/800000  loss 2.537  3.1 ms/step  tau 10.58  (1991s)
step 700000/800000  loss 2.384  3.2 ms/step  tau 11.73  (2151s)
[probe@700000] MRR 0.6991  hits@1 0.6339  hits@3 0.7298  hits@10 0.8275  (n=20,000, 0s)
step 750000/800000  loss 2.364  3.1 ms/step  tau 12.93  (2306s)
step 800000/800000  loss 2.373  2.9 ms/step  tau 13.29  (2452s)
[probe@800000] MRR 0.7000  hits@1 0.6341  hits@3 0.7309  hits@10 0.8306  (n=20,000, 0s)
saved model_wiki_s8.pt  (train 2453s)

=== OGB official evaluation (ogbl-wikikg2) ===
[valid] MRR 0.7014  hits@1 0.6356  hits@3 0.7325  hits@10 0.8316  (n=429,456, 2s)
[test] MRR 0.6684  hits@1 0.6015  hits@3 0.6973  hits@10 0.8006  (n=598,543, 3s)
leaderboard context (test MRR): RotatE 0.433, PairRE 0.521, AutoSF 0.546, TripleRE 0.579, ComplEx-RP 0.639, TranS 0.694, StarGraph+TripleRE 0.729, RelEns 0.739
model_wiki_s8: valid MRR(f16) 0.7012 -> ens_cache/model_wiki_s8.valid.npz
dir 0: 1,311,380 (rel,target) keys, max holders 1510473, keys over cap 0.6%
dir 1: 13,629,693 (rel,target) keys, max holders 902, keys over cap 0.0%
analogy_s8: valid MRR alone 0.4932 (positive has holders on 55% of rows) -> ens_cache/analogy_s8.valid.npz
analogy_s8_t3: valid MRR alone 0.4949 (positive has holders on 55% of rows) -> ens_cache/analogy_s8_t3.valid.npz
holders: valid MRR alone 0.4250 (positive has holders on 55% of rows) -> ens_cache/holders.valid.npz
done in 20s
model_wiki_s8: test scores cached (MRR not computed) -> ens_cache/model_wiki_s8.test.npz
dir 0: 1,311,380 (rel,target) keys, max holders 1510473, keys over cap 0.6%
dir 1: 13,629,693 (rel,target) keys, max holders 902, keys over cap 0.0%
analogy_s8: test features cached (MRR not computed; positive has holders on 51% of rows) -> ens_cache/analogy_s8.test.npz
analogy_s8_t3: test features cached (MRR not computed; positive has holders on 51% of rows) -> ens_cache/analogy_s8_t3.test.npz
holders: test features cached (MRR not computed; positive has holders on 51% of rows) -> ens_cache/holders.test.npz
done in 21s
members (8): model_wiki_s8, analogy_s8, analogy_s8_t3, holders, cn, cn_aa, linked, cn3_aa  min_rows=500
  model_wiki_s8: valid MRR alone 0.7012  (tail 0.9507 head 0.4517)
  analogy_s8: valid MRR alone 0.4930  (tail 0.8449 head 0.1412)
  analogy_s8_t3: valid MRR alone 0.4946  (tail 0.8458 head 0.1434)
  holders: valid MRR alone 0.4250  (tail 0.7999 head 0.0502)
  cn: valid MRR alone 0.1396  (tail 0.0743 head 0.2050)
  cn_aa: valid MRR alone 0.1643  (tail 0.0957 head 0.2330)
  linked: valid MRR alone 0.0921  (tail 0.0936 head 0.0906)
  cn3_aa: valid MRR alone 0.3619  (tail 0.5015 head 0.2224)
global choice on fit rows: soft50 (0.7013)
direction tail choice: soft50 (0.9521)
direction head choice: soft20 (0.4636)
groups with local weights: 97/726
frozen weights on full valid (in-sample): 0.7400
weights frozen -> results/frozen_s8.npz
  fallback weights applied to 9,176 rows of unseen (relation, direction) groups

================= COMMITTED TEST RESULT (wikikg2) ==============
official Evaluator test MRR: 0.6817
  by direction: tail 0.9412  head 0.4222
hits@1: 0.6144
hits@3: 0.7110
hits@10: 0.8148
