ogbl-wikikg2 loaded in 29s: 2,500,604 entities, 535 relations, 16,109,182 train triples, valid 429,456, test 598,543
args: {'steps': 800000, 'batch': 2048, 'neg': 4096, 'k': 8, 'block_size': 64, 'ent_bias': False, 'rel_gain': False, 'opt': 'rowadagrad', 'lr': 0.005, 'table_lr': 0.6, 'table_sched': 'cosine', 'lam': 0.1, 'clip': 1.0, 'distill': [], 'distill_w': 1.0, 'distill_T': 1.0, 'table_dtype': 'fp32', 'rev_frac': 0.75, 'seed': 2, 'save': 'model_wiki_s2.pt', 'eval': 'both', 'eval_only': False, 'probe_every': 100000, 'probe_size': 20000, 'ckpt_every': 100000, 'log_every': 50000, 'device': 'cuda', 'data_root': 'data_ogb'}
params: 328,842,753 (M=64, table 1.19 GB fp32)  opt=rowadagrad lr=0.005 table_lr=0.6 table_sched=cosine
step 50000/800000  loss 4.643  2.7 ms/step  tau 3.71  (136s)
step 100000/800000  loss 4.053  4.6 ms/step  tau 4.40  (368s)
[probe@100000] MRR 0.6542  hits@1 0.5902  hits@3 0.6831  hits@10 0.7772  (n=20,000, 0s)
step 150000/800000  loss 3.709  6.2 ms/step  tau 4.93  (677s)
step 200000/800000  loss 3.419  6.2 ms/step  tau 5.37  (985s)
[probe@200000] MRR 0.6720  hits@1 0.6068  hits@3 0.7030  hits@10 0.7958  (n=20,000, 0s)
step 250000/800000  loss 3.232  6.1 ms/step  tau 5.73  (1293s)
step 300000/800000  loss 3.122  5.4 ms/step  tau 6.12  (1561s)
[probe@300000] MRR 0.6798  hits@1 0.6148  hits@3 0.7091  hits@10 0.8056  (n=20,000, 0s)
step 350000/800000  loss 2.965  7.3 ms/step  tau 6.54  (1927s)
step 400000/800000  loss 2.815  7.4 ms/step  tau 7.04  (2300s)
[probe@400000] MRR 0.6897  hits@1 0.6243  hits@3 0.7199  hits@10 0.8161  (n=20,000, 0s)
step 450000/800000  loss 2.738  7.5 ms/step  tau 7.57  (2677s)
step 500000/800000  loss 2.760  6.4 ms/step  tau 8.18  (2995s)
[probe@500000] MRR 0.6931  hits@1 0.6267  hits@3 0.7250  hits@10 0.8232  (n=20,000, 0s)
step 550000/800000  loss 2.632  5.9 ms/step  tau 8.86  (3290s)
step 600000/800000  loss 2.547  6.3 ms/step  tau 9.68  (3603s)
[probe@600000] MRR 0.6980  hits@1 0.6325  hits@3 0.7282  hits@10 0.8274  (n=20,000, 0s)
step 650000/800000  loss 2.411  6.7 ms/step  tau 10.61  (3939s)
step 700000/800000  loss 2.523  6.5 ms/step  tau 11.75  (4266s)
[probe@700000] MRR 0.6996  hits@1 0.6348  hits@3 0.7298  hits@10 0.8276  (n=20,000, 0s)
step 750000/800000  loss 2.436  3.7 ms/step  tau 12.91  (4452s)
step 800000/800000  loss 2.418  3.2 ms/step  tau 13.30  (4614s)
[probe@800000] MRR 0.7010  hits@1 0.6359  hits@3 0.7315  hits@10 0.8306  (n=20,000, 0s)
saved model_wiki_s2.pt  (train 4615s)

=== OGB official evaluation (ogbl-wikikg2) ===
[valid] MRR 0.7021  hits@1 0.6365  hits@3 0.7332  hits@10 0.8312  (n=429,456, 3s)
[test] MRR 0.6661  hits@1 0.5994  hits@3 0.6950  hits@10 0.7978  (n=598,543, 3s)
leaderboard context (test MRR): RotatE 0.433, PairRE 0.521, AutoSF 0.546, TripleRE 0.579, ComplEx-RP 0.639, TranS 0.694, StarGraph+TripleRE 0.729, RelEns 0.739
model_wiki_s2: valid MRR(f16) 0.7019 -> ens_cache/model_wiki_s2.valid.npz
dir 0: 1,311,380 (rel,target) keys, max holders 1510473, keys over cap 0.6%
dir 1: 13,629,693 (rel,target) keys, max holders 902, keys over cap 0.0%
analogy_s2: valid MRR alone 0.4926 (positive has holders on 55% of rows) -> ens_cache/analogy_s2.valid.npz
analogy_s2_t3: valid MRR alone 0.4944 (positive has holders on 55% of rows) -> ens_cache/analogy_s2_t3.valid.npz
holders: valid MRR alone 0.4250 (positive has holders on 55% of rows) -> ens_cache/holders.valid.npz
done in 20s
model_wiki_s2: test scores cached (MRR not computed) -> ens_cache/model_wiki_s2.test.npz
dir 0: 1,311,380 (rel,target) keys, max holders 1510473, keys over cap 0.6%
dir 1: 13,629,693 (rel,target) keys, max holders 902, keys over cap 0.0%
analogy_s2: test features cached (MRR not computed; positive has holders on 51% of rows) -> ens_cache/analogy_s2.test.npz
analogy_s2_t3: test features cached (MRR not computed; positive has holders on 51% of rows) -> ens_cache/analogy_s2_t3.test.npz
holders: test features cached (MRR not computed; positive has holders on 51% of rows) -> ens_cache/holders.test.npz
done in 22s
members (8): model_wiki_s2, analogy_s2, analogy_s2_t3, holders, cn, cn_aa, linked, cn3_aa  min_rows=500
  model_wiki_s2: valid MRR alone 0.7019  (tail 0.9504 head 0.4533)
  analogy_s2: valid MRR alone 0.4924  (tail 0.8448 head 0.1400)
  analogy_s2_t3: valid MRR alone 0.4941  (tail 0.8459 head 0.1424)
  holders: valid MRR alone 0.4250  (tail 0.7999 head 0.0502)
  cn: valid MRR alone 0.1396  (tail 0.0743 head 0.2050)
  cn_aa: valid MRR alone 0.1643  (tail 0.0957 head 0.2330)
  linked: valid MRR alone 0.0921  (tail 0.0936 head 0.0906)
  cn3_aa: valid MRR alone 0.3619  (tail 0.5015 head 0.2224)
global choice on fit rows: soft50 (0.7020)
direction tail choice: soft50 (0.9521)
direction head choice: soft20 (0.4646)
groups with local weights: 92/726
frozen weights on full valid (in-sample): 0.7410
weights frozen -> results/frozen_s2.npz
  fallback weights applied to 9,176 rows of unseen (relation, direction) groups

================= COMMITTED TEST RESULT (wikikg2) ==============
official Evaluator test MRR: 0.6813
  by direction: tail 0.9399  head 0.4227
hits@1: 0.6154
hits@3: 0.7107
hits@10: 0.8110
