holdout: 484,833 rows x 2 directions; members (7):
         model_fit97r_s0: holdout MRR alone 0.6766 (tail 0.9752 head 0.3779)
          analogy_f0r_t3: holdout MRR alone 0.5401 (tail 0.9317 head 0.1484)
                 holders: holdout MRR alone 0.4725 (tail 0.8808 head 0.0642)
                   cn_aa: holdout MRR alone 0.1290 (tail 0.0952 head 0.1628)
                  linked: holdout MRR alone 0.1018 (tail 0.1041 head 0.0996)
                  cn3_aa: holdout MRR alone 0.4958 (tail 0.7031 head 0.2885)
                   typed: holdout MRR alone 0.2725 (tail 0.3520 head 0.1929)
guard   250: holdout cross-fit 0.8052 (folds 0.8051 0.8054)
guard   500: holdout cross-fit 0.8034 (folds 0.8032 0.8036)
guard  1000: holdout cross-fit 0.7999 (folds 0.7998 0.8000)
guard  2000: holdout cross-fit 0.7949 (folds 0.7948 0.7950)
holdout fit: guard 250, 198 local groups, in-sample holdout MRR 0.8064
holdout global/dir weights:
  tail: model_fit97r_s0=+1.687 analogy_f0r_t3=-0.020 holders=+0.207 cn_aa=+0.087 linked=+0.179 cn3_aa=+0.109 typed=+0.090
  head: model_fit97r_s0=+1.729 analogy_f0r_t3=+0.152 holders=-0.352 cn_aa=+0.021 linked=-0.310 cn3_aa=+0.149 typed=+0.071

HOLDOUT-FIT combiner on FULL validation (official Evaluator): MRR 0.7171  hits@1 0.6448 hits@3 0.7571 hits@10 0.8587  (tail 0.9612 head 0.4731; 1,682 rows on direction fallback)

on the held-out half of validation (seed 0, 214,447 triples):
  row                                                        MRR    tail    head
  model alone                                             0.7042  0.9511  0.4574
  selection blend (fit other half)                        0.7450  0.9608  0.5291
  learned combiner (fit other half, validation labels)    0.7740  0.9664  0.5816
  HOLDOUT-FIT combiner (no validation fit)                0.7172  0.9608  0.4737

GATE: combiner gain over selection +0.0290; holdout-fit keeps -96% of it; bar 0.7595 -> FAIL
validation-fit global/dir weights (for comparison, not used):
  tail: model_wiki_s0.bf16=+1.749 analogy_s0_t3=+0.163 holders=+0.057 cn_aa=+0.176 linked=+0.280 cn3_aa=+0.074 typed=+0.120
  head: model_wiki_s0.bf16=+1.660 analogy_s0_t3=+0.429 holders=-0.485 cn_aa=+0.055 linked=+0.129 cn3_aa=+0.010 typed=+0.164
HC1_DONE wiki_s0
