ogbl-wikikg2 loaded in 15s: 2,500,604 entities, 535 relations, 16,109,182 train triples, valid 429,456, test 598,543
args: {'steps': 200000, 'batch': 2048, 'neg': 4096, 'k': 12, 'block_size': 4, 'ent_bias': False, 'rel_gain': False, 'opt': 'rowadagrad', 'lr': 0.005, 'table_lr': 0.6, 'table_sched': 'cosine', 'lam': 0.1, 'clip': 1.0, 'distill': ['teachers/model_dist_s1.bf16.pt'], 'distill_w': 1.0, 'distill_T': 2.0, 'rel_alpha': 1.0, 'n3': 0.0, 'table_dtype': 'fp32', 'comp': 0, 'comp_k': 8, 'comp_drop': 0.3, 'comp_lam': 1.0, 'comp_hubw': False, 'comp_gain': False, 'comp_free_min_deg': 0, 'tiered_from': 'teachers/model_dist_s1.bf16.pt', 'tiers': '8,64,1024', 'widths': '8,16,36,64', 'train_ops': False, 'rev_frac': 0.5, 'seed': 0, 'save': 'model_tiered_8_16_36_64.pt', 'eval': 'valid', 'eval_only': False, 'probe_every': 50000, 'probe_size': 20000, 'ckpt_every': 0, 'log_every': 25000, 'device': 'cuda', 'data_root': 'data_ogb'}
tiered table from teachers/model_dist_s1.bf16.pt: cutoffs [8, 64, 1024], widths [8, 16, 36, 64], sizes [1674500, 808275, 16593, 1236], table params 54,041,960 (16.9% of the wide table); operators frozen
params: 54,041,960 (M=64, table 0.00 GB fp32)  opt=rowadagrad lr=0.005 table_lr=0.6 table_sched=cosine
distill: 1 teachers (bf16 tables), w=1.0, T=2.0
step 25000/200000  loss 5.181  5.2 ms/step  tau 9.23  (129s)
step 50000/200000  loss 4.619  5.2 ms/step  tau 9.23  (260s)
[probe@50000] MRR 0.6296  hits@1 0.5570  hits@3 0.6582  hits@10 0.7768  (n=20,000, 0s)
step 75000/200000  loss 4.247  5.2 ms/step  tau 9.23  (391s)
step 100000/200000  loss 4.055  5.2 ms/step  tau 9.23  (522s)
[probe@100000] MRR 0.6369  hits@1 0.5655  hits@3 0.6655  hits@10 0.7807  (n=20,000, 0s)
step 125000/200000  loss 3.913  5.2 ms/step  tau 9.23  (652s)
step 150000/200000  loss 4.074  5.2 ms/step  tau 9.23  (783s)
[probe@150000] MRR 0.6415  hits@1 0.5709  hits@3 0.6686  hits@10 0.7833  (n=20,000, 0s)
step 175000/200000  loss 4.090  5.1 ms/step  tau 9.23  (911s)
step 200000/200000  loss 4.155  5.1 ms/step  tau 9.23  (1039s)
[probe@200000] MRR 0.6432  hits@1 0.5730  hits@3 0.6708  hits@10 0.7843  (n=20,000, 0s)
saved model_tiered_8_16_36_64.pt  (train 1039s)

=== OGB official evaluation (ogbl-wikikg2) ===
[valid] MRR 0.6424  hits@1 0.5712  hits@3 0.6715  hits@10 0.7851  (n=429,456, 2s)
leaderboard context (test MRR): RotatE 0.433, PairRE 0.521, AutoSF 0.546, TripleRE 0.579, ComplEx-RP 0.639, TranS 0.694, StarGraph+TripleRE 0.729, RelEns 0.739
