ogbl-biokg loaded in 9s: 93,773 entities (disease:10687, drug:10533, function:45085, protein:17499, sideeffect:9969), 51 relations, 4,762,678 train triples
sparse shell: row-sparse table grads, RowAdagrad lr 0.3, table fp32
params: 27,124,129 (M=144)
step 1000/50000  loss 5.515  (5s)
step 2000/50000  loss 5.548  (10s)
step 3000/50000  loss 5.166  (14s)
step 4000/50000  loss 5.080  (19s)
step 5000/50000  loss 4.797  (23s)
step 6000/50000  loss 6.089  (28s)
step 7000/50000  loss 4.555  (32s)
step 8000/50000  loss 4.405  (37s)
step 9000/50000  loss 4.523  (41s)
step 10000/50000  loss 4.368  (46s)
step 11000/50000  loss 4.497  (51s)
step 12000/50000  loss 4.559  (55s)
step 13000/50000  loss 3.888  (60s)
step 14000/50000  loss 7.878  (64s)
step 15000/50000  loss 4.339  (69s)
step 16000/50000  loss 4.244  (74s)
step 17000/50000  loss 5.245  (78s)
step 18000/50000  loss 4.861  (83s)
step 19000/50000  loss 3.937  (87s)
step 20000/50000  loss 4.028  (92s)
step 21000/50000  loss 6.304  (97s)
step 22000/50000  loss 4.148  (101s)
step 23000/50000  loss 3.803  (106s)
step 24000/50000  loss 5.090  (111s)
step 25000/50000  loss 3.935  (115s)
step 26000/50000  loss 5.100  (120s)
step 27000/50000  loss 3.567  (124s)
step 28000/50000  loss 3.586  (129s)
step 29000/50000  loss 3.298  (133s)
step 30000/50000  loss 3.503  (138s)
step 31000/50000  loss 5.872  (143s)
step 32000/50000  loss 4.935  (147s)
step 33000/50000  loss 5.213  (152s)
step 34000/50000  loss 5.873  (156s)
step 35000/50000  loss 3.526  (161s)
step 36000/50000  loss 3.352  (166s)
step 37000/50000  loss 3.621  (170s)
step 38000/50000  loss 3.767  (175s)
step 39000/50000  loss 2.998  (180s)
step 40000/50000  loss 3.259  (184s)
step 41000/50000  loss 5.608  (189s)
step 42000/50000  loss 3.396  (194s)
step 43000/50000  loss 3.181  (198s)
step 44000/50000  loss 3.362  (203s)
step 45000/50000  loss 3.104  (207s)
step 46000/50000  loss 2.856  (212s)
step 47000/50000  loss 3.238  (216s)
step 48000/50000  loss 3.284  (221s)
step 49000/50000  loss 5.037  (225s)
step 50000/50000  loss 3.099  (230s)

=== OGB official evaluation ===
[valid] MRR 0.8168  hits@1 0.7466  hits@3 0.8676  hits@10 0.9420
[test] MRR 0.8160  hits@1 0.7460  hits@3 0.8665  hits@10 0.9415
leaderboard context: TransE 0.745, RotatE 0.799, DistMult 0.804, ComplEx 0.810, top ~0.86
