ogbl-biokg loaded in 9s: 93,773 entities (disease:10687, drug:10533, function:45085, protein:17499, sideeffect:9969), 51 relations, 4,762,678 train triples
sparse shell: row-sparse table grads, RowAdagrad lr 0.3, table fp32
params: 27,124,129 (M=144)
step 1000/50000  loss 6.902  (5s)
step 2000/50000  loss 5.247  (10s)
step 3000/50000  loss 5.223  (14s)
step 4000/50000  loss 4.964  (19s)
step 5000/50000  loss 5.017  (23s)
step 6000/50000  loss 4.782  (28s)
step 7000/50000  loss 4.530  (32s)
step 8000/50000  loss 5.716  (37s)
step 9000/50000  loss 5.152  (41s)
step 10000/50000  loss 5.249  (45s)
step 11000/50000  loss 4.404  (49s)
step 12000/50000  loss 6.719  (53s)
step 13000/50000  loss 4.987  (58s)
step 14000/50000  loss 4.216  (62s)
step 15000/50000  loss 4.357  (66s)
step 16000/50000  loss 5.310  (70s)
step 17000/50000  loss 4.279  (74s)
step 18000/50000  loss 3.922  (79s)
step 19000/50000  loss 5.117  (83s)
step 20000/50000  loss 5.301  (87s)
step 21000/50000  loss 3.778  (91s)
step 22000/50000  loss 3.464  (96s)
step 23000/50000  loss 5.162  (100s)
step 24000/50000  loss 5.039  (104s)
step 25000/50000  loss 6.140  (108s)
step 26000/50000  loss 3.959  (113s)
step 27000/50000  loss 3.993  (117s)
step 28000/50000  loss 4.967  (122s)
step 29000/50000  loss 3.929  (127s)
step 30000/50000  loss 5.989  (131s)
step 31000/50000  loss 3.820  (135s)
step 32000/50000  loss 3.525  (140s)
step 33000/50000  loss 3.456  (144s)
step 34000/50000  loss 4.563  (149s)
step 35000/50000  loss 4.878  (153s)
step 36000/50000  loss 3.771  (158s)
step 37000/50000  loss 4.943  (163s)
step 38000/50000  loss 3.355  (167s)
step 39000/50000  loss 3.417  (172s)
step 40000/50000  loss 3.607  (176s)
step 41000/50000  loss 2.921  (181s)
step 42000/50000  loss 4.773  (186s)
step 43000/50000  loss 2.931  (190s)
step 44000/50000  loss 4.547  (195s)
step 45000/50000  loss 3.337  (200s)
step 46000/50000  loss 3.256  (204s)
step 47000/50000  loss 5.554  (209s)
step 48000/50000  loss 4.923  (214s)
step 49000/50000  loss 4.914  (218s)
step 50000/50000  loss 5.635  (223s)

=== OGB official evaluation ===
[valid] MRR 0.8166  hits@1 0.7467  hits@3 0.8666  hits@10 0.9414
[test] MRR 0.8162  hits@1 0.7462  hits@3 0.8662  hits@10 0.9411
leaderboard context: TransE 0.745, RotatE 0.799, DistMult 0.804, ComplEx 0.810, top ~0.86
