ogbl-biokg loaded in 7s: 93,773 entities (disease:10687, drug:10533, function:45085, protein:17499, sideeffect:9969), 51 relations, 4,762,678 train triples
sparse shell: row-sparse table grads, RowAdagrad lr 0.3, table fp32
params: 27,124,129 (M=144)
step 1000/50000  loss 6.496  (4s)
step 2000/50000  loss 5.610  (8s)
step 3000/50000  loss 5.387  (11s)
step 4000/50000  loss 5.112  (15s)
step 5000/50000  loss 5.026  (19s)
step 6000/50000  loss 4.478  (23s)
step 7000/50000  loss 4.561  (26s)
step 8000/50000  loss 4.558  (30s)
step 9000/50000  loss 8.214  (34s)
step 10000/50000  loss 5.084  (38s)
step 11000/50000  loss 5.172  (42s)
step 12000/50000  loss 4.155  (45s)
step 13000/50000  loss 4.271  (49s)
step 14000/50000  loss 4.160  (53s)
step 15000/50000  loss 3.808  (56s)
step 16000/50000  loss 6.504  (60s)
step 17000/50000  loss 6.558  (64s)
step 18000/50000  loss 3.961  (68s)
step 19000/50000  loss 3.865  (72s)
step 20000/50000  loss 6.421  (75s)
step 21000/50000  loss 3.939  (79s)
step 22000/50000  loss 4.799  (83s)
step 23000/50000  loss 3.431  (87s)
step 24000/50000  loss 4.057  (90s)
step 25000/50000  loss 3.641  (94s)
step 26000/50000  loss 3.298  (98s)
step 27000/50000  loss 6.120  (102s)
step 28000/50000  loss 4.991  (105s)
step 29000/50000  loss 3.576  (109s)
step 30000/50000  loss 5.060  (113s)
step 31000/50000  loss 4.892  (117s)
step 32000/50000  loss 5.013  (121s)
step 33000/50000  loss 3.528  (124s)
step 34000/50000  loss 3.846  (128s)
step 35000/50000  loss 4.933  (132s)
step 36000/50000  loss 3.139  (135s)
step 37000/50000  loss 4.858  (139s)
step 38000/50000  loss 3.424  (143s)
step 39000/50000  loss 5.691  (147s)
step 40000/50000  loss 3.329  (150s)
step 41000/50000  loss 3.710  (154s)
step 42000/50000  loss 3.379  (158s)
step 43000/50000  loss 2.861  (162s)
step 44000/50000  loss 4.828  (165s)
step 45000/50000  loss 3.195  (169s)
step 46000/50000  loss 5.589  (173s)
step 47000/50000  loss 3.677  (177s)
step 48000/50000  loss 3.738  (180s)
step 49000/50000  loss 3.346  (184s)
step 50000/50000  loss 3.049  (188s)

=== OGB official evaluation ===
[valid] MRR 0.8162  hits@1 0.7464  hits@3 0.8663  hits@10 0.9413
[test] MRR 0.8158  hits@1 0.7459  hits@3 0.8659  hits@10 0.9406
leaderboard context: TransE 0.745, RotatE 0.799, DistMult 0.804, ComplEx 0.810, top ~0.86
