ogbl-biokg loaded in 6s: 93,773 entities (disease:10687, drug:10533, function:45085, protein:17499, sideeffect:9969), 51 relations, 4,762,678 train triples
sparse shell: row-sparse table grads, RowAdagrad lr 0.3, table fp32
params: 27,124,129 (M=144)
step 1000/50000  loss 6.112  (4s)
step 2000/50000  loss 8.459  (8s)
step 3000/50000  loss 5.467  (12s)
step 4000/50000  loss 4.883  (15s)
step 5000/50000  loss 4.838  (19s)
step 6000/50000  loss 6.462  (23s)
step 7000/50000  loss 7.152  (27s)
step 8000/50000  loss 4.469  (30s)
step 9000/50000  loss 4.971  (34s)
step 10000/50000  loss 5.120  (38s)
step 11000/50000  loss 4.187  (42s)
step 12000/50000  loss 4.168  (46s)
step 13000/50000  loss 3.979  (49s)
step 14000/50000  loss 5.042  (53s)
step 15000/50000  loss 4.167  (57s)
step 16000/50000  loss 4.937  (61s)
step 17000/50000  loss 5.147  (64s)
step 18000/50000  loss 6.388  (68s)
step 19000/50000  loss 4.184  (72s)
step 20000/50000  loss 4.182  (76s)
step 21000/50000  loss 5.200  (79s)
step 22000/50000  loss 3.617  (83s)
step 23000/50000  loss 5.004  (87s)
step 24000/50000  loss 3.792  (91s)
step 25000/50000  loss 4.992  (94s)
step 26000/50000  loss 3.749  (98s)
step 27000/50000  loss 3.518  (102s)
step 28000/50000  loss 4.412  (106s)
step 29000/50000  loss 3.325  (109s)
step 30000/50000  loss 4.969  (113s)
step 31000/50000  loss 3.441  (117s)
step 32000/50000  loss 5.876  (121s)
step 33000/50000  loss 3.672  (124s)
step 34000/50000  loss 3.734  (128s)
step 35000/50000  loss 3.955  (132s)
step 36000/50000  loss 4.792  (136s)
step 37000/50000  loss 3.390  (139s)
step 38000/50000  loss 4.841  (143s)
step 39000/50000  loss 3.272  (147s)
step 40000/50000  loss 3.323  (151s)
step 41000/50000  loss 5.687  (155s)
step 42000/50000  loss 3.255  (158s)
step 43000/50000  loss 3.424  (162s)
step 44000/50000  loss 3.336  (166s)
step 45000/50000  loss 3.711  (170s)
step 46000/50000  loss 5.012  (174s)
step 47000/50000  loss 3.241  (178s)
step 48000/50000  loss 3.528  (181s)
step 49000/50000  loss 4.789  (185s)
step 50000/50000  loss 3.257  (189s)

=== OGB official evaluation ===
[valid] MRR 0.8155  hits@1 0.7448  hits@3 0.8667  hits@10 0.9419
[test] MRR 0.8150  hits@1 0.7446  hits@3 0.8652  hits@10 0.9410
leaderboard context: TransE 0.745, RotatE 0.799, DistMult 0.804, ComplEx 0.810, top ~0.86
