ogbl-biokg loaded in 7s: 93,773 entities (disease:10687, drug:10533, function:45085, protein:17499, sideeffect:9969), 51 relations, 4,762,678 train triples
sparse shell: row-sparse table grads, RowAdagrad lr 0.3, table fp32
params: 27,124,129 (M=144)
step 1000/50000  loss 6.882  (4s)
step 2000/50000  loss 5.133  (8s)
step 3000/50000  loss 4.881  (11s)
step 4000/50000  loss 5.475  (15s)
step 5000/50000  loss 4.567  (19s)
step 6000/50000  loss 5.166  (23s)
step 7000/50000  loss 4.754  (26s)
step 8000/50000  loss 5.317  (30s)
step 9000/50000  loss 5.222  (34s)
step 10000/50000  loss 6.865  (38s)
step 11000/50000  loss 5.197  (41s)
step 12000/50000  loss 4.542  (45s)
step 13000/50000  loss 5.024  (49s)
step 14000/50000  loss 5.096  (52s)
step 15000/50000  loss 6.585  (56s)
step 16000/50000  loss 4.260  (60s)
step 17000/50000  loss 6.586  (64s)
step 18000/50000  loss 5.100  (67s)
step 19000/50000  loss 4.251  (71s)
step 20000/50000  loss 3.945  (75s)
step 21000/50000  loss 4.045  (79s)
step 22000/50000  loss 3.970  (82s)
step 23000/50000  loss 6.240  (86s)
step 24000/50000  loss 3.439  (90s)
step 25000/50000  loss 5.059  (94s)
step 26000/50000  loss 3.491  (97s)
step 27000/50000  loss 3.954  (101s)
step 28000/50000  loss 4.274  (105s)
step 29000/50000  loss 3.552  (109s)
step 30000/50000  loss 4.961  (112s)
step 31000/50000  loss 3.552  (116s)
step 32000/50000  loss 3.576  (120s)
step 33000/50000  loss 5.976  (124s)
step 34000/50000  loss 4.830  (127s)
step 35000/50000  loss 3.432  (131s)
step 36000/50000  loss 3.860  (135s)
step 37000/50000  loss 5.032  (138s)
step 38000/50000  loss 5.735  (142s)
step 39000/50000  loss 3.337  (146s)
step 40000/50000  loss 3.999  (150s)
step 41000/50000  loss 5.664  (154s)
step 42000/50000  loss 5.613  (157s)
step 43000/50000  loss 3.299  (161s)
step 44000/50000  loss 5.599  (165s)
step 45000/50000  loss 4.797  (169s)
step 46000/50000  loss 5.664  (172s)
step 47000/50000  loss 3.265  (176s)
step 48000/50000  loss 3.702  (180s)
step 49000/50000  loss 3.622  (184s)
step 50000/50000  loss 3.802  (187s)

=== OGB official evaluation ===
[valid] MRR 0.8168  hits@1 0.7468  hits@3 0.8669  hits@10 0.9420
[test] MRR 0.8163  hits@1 0.7462  hits@3 0.8663  hits@10 0.9413
leaderboard context: TransE 0.745, RotatE 0.799, DistMult 0.804, ComplEx 0.810, top ~0.86
