ogbl-biokg loaded in 9s: 93,773 entities (disease:10687, drug:10533, function:45085, protein:17499, sideeffect:9969), 51 relations, 4,762,678 train triples
sparse shell: row-sparse table grads, RowAdagrad lr 0.3, table fp32
params: 27,124,129 (M=144)
step 1000/50000  loss 8.476  (5s)
step 2000/50000  loss 5.322  (10s)
step 3000/50000  loss 7.832  (14s)
step 4000/50000  loss 5.027  (19s)
step 5000/50000  loss 4.646  (23s)
step 6000/50000  loss 4.831  (28s)
step 7000/50000  loss 4.634  (32s)
step 8000/50000  loss 5.329  (37s)
step 9000/50000  loss 6.862  (42s)
step 10000/50000  loss 4.453  (46s)
step 11000/50000  loss 4.197  (51s)
step 12000/50000  loss 5.235  (55s)
step 13000/50000  loss 4.373  (60s)
step 14000/50000  loss 3.948  (65s)
step 15000/50000  loss 4.144  (69s)
step 16000/50000  loss 6.544  (74s)
step 17000/50000  loss 3.883  (79s)
step 18000/50000  loss 5.062  (83s)
step 19000/50000  loss 5.022  (88s)
step 20000/50000  loss 4.226  (93s)
step 21000/50000  loss 3.857  (97s)
step 22000/50000  loss 5.167  (102s)
step 23000/50000  loss 4.934  (106s)
step 24000/50000  loss 4.771  (111s)
step 25000/50000  loss 4.140  (116s)
step 26000/50000  loss 4.957  (121s)
step 27000/50000  loss 4.041  (125s)
step 28000/50000  loss 3.706  (130s)
step 29000/50000  loss 3.632  (134s)
step 30000/50000  loss 3.257  (139s)
step 31000/50000  loss 5.968  (144s)
step 32000/50000  loss 3.388  (148s)
step 33000/50000  loss 4.894  (153s)
step 34000/50000  loss 3.454  (157s)
step 35000/50000  loss 4.857  (162s)
step 36000/50000  loss 4.897  (166s)
step 37000/50000  loss 4.710  (171s)
step 38000/50000  loss 5.030  (176s)
step 39000/50000  loss 3.648  (180s)
step 40000/50000  loss 4.883  (185s)
step 41000/50000  loss 3.304  (189s)
step 42000/50000  loss 3.387  (194s)
step 43000/50000  loss 5.585  (198s)
step 44000/50000  loss 3.433  (203s)
step 45000/50000  loss 4.804  (208s)
step 46000/50000  loss 4.924  (212s)
step 47000/50000  loss 3.229  (217s)
step 48000/50000  loss 3.115  (221s)
step 49000/50000  loss 3.009  (226s)
step 50000/50000  loss 3.143  (231s)

=== OGB official evaluation ===
[valid] MRR 0.8155  hits@1 0.7453  hits@3 0.8654  hits@10 0.9414
[test] MRR 0.8148  hits@1 0.7445  hits@3 0.8650  hits@10 0.9412
leaderboard context: TransE 0.745, RotatE 0.799, DistMult 0.804, ComplEx 0.810, top ~0.86
