ogbl-biokg loaded in 9s: 93,773 entities (disease:10687, drug:10533, function:45085, protein:17499, sideeffect:9969), 51 relations, 4,762,678 train triples
sparse shell: row-sparse table grads, RowAdagrad lr 0.3, table fp32
params: 27,124,129 (M=144)
step 1000/50000  loss 6.219  (5s)
step 2000/50000  loss 5.576  (10s)
step 3000/50000  loss 5.194  (14s)
step 4000/50000  loss 4.793  (19s)
step 5000/50000  loss 5.034  (23s)
step 6000/50000  loss 4.571  (27s)
step 7000/50000  loss 5.247  (32s)
step 8000/50000  loss 4.584  (36s)
step 9000/50000  loss 4.468  (41s)
step 10000/50000  loss 4.431  (45s)
step 11000/50000  loss 4.137  (50s)
step 12000/50000  loss 4.470  (55s)
step 13000/50000  loss 4.348  (60s)
step 14000/50000  loss 4.288  (64s)
step 15000/50000  loss 4.126  (69s)
step 16000/50000  loss 5.130  (74s)
step 17000/50000  loss 4.170  (78s)
step 18000/50000  loss 4.215  (82s)
step 19000/50000  loss 3.884  (87s)
step 20000/50000  loss 3.823  (91s)
step 21000/50000  loss 5.098  (96s)
step 22000/50000  loss 3.480  (100s)
step 23000/50000  loss 3.723  (105s)
step 24000/50000  loss 7.186  (110s)
step 25000/50000  loss 4.906  (114s)
step 26000/50000  loss 3.242  (119s)
step 27000/50000  loss 3.657  (124s)
step 28000/50000  loss 3.965  (128s)
step 29000/50000  loss 3.625  (133s)
step 30000/50000  loss 5.183  (137s)
step 31000/50000  loss 3.522  (142s)
step 32000/50000  loss 4.244  (147s)
step 33000/50000  loss 3.793  (151s)
step 34000/50000  loss 3.656  (156s)
step 35000/50000  loss 4.963  (161s)
step 36000/50000  loss 4.943  (165s)
step 37000/50000  loss 5.805  (170s)
step 38000/50000  loss 4.878  (175s)
step 39000/50000  loss 3.719  (179s)
step 40000/50000  loss 5.025  (183s)
step 41000/50000  loss 2.752  (187s)
step 42000/50000  loss 3.157  (191s)
step 43000/50000  loss 3.511  (196s)
step 44000/50000  loss 3.282  (200s)
step 45000/50000  loss 5.005  (204s)
step 46000/50000  loss 3.629  (208s)
step 47000/50000  loss 4.713  (212s)
step 48000/50000  loss 4.621  (216s)
step 49000/50000  loss 5.527  (221s)
step 50000/50000  loss 2.813  (225s)

=== OGB official evaluation ===
[valid] MRR 0.8176  hits@1 0.7482  hits@3 0.8674  hits@10 0.9421
[test] MRR 0.8167  hits@1 0.7472  hits@3 0.8661  hits@10 0.9415
leaderboard context: TransE 0.745, RotatE 0.799, DistMult 0.804, ComplEx 0.810, top ~0.86
