ogbl-biokg loaded in 9s: 93,773 entities (disease:10687, drug:10533, function:45085, protein:17499, sideeffect:9969), 51 relations, 4,762,678 train triples
sparse shell: row-sparse table grads, RowAdagrad lr 0.3, table fp32
params: 27,124,129 (M=144)
step 1000/50000  loss 6.367  (5s)
step 2000/50000  loss 5.482  (10s)
step 3000/50000  loss 5.312  (15s)
step 4000/50000  loss 5.284  (19s)
step 5000/50000  loss 4.645  (24s)
step 6000/50000  loss 4.692  (29s)
step 7000/50000  loss 4.653  (33s)
step 8000/50000  loss 5.016  (38s)
step 9000/50000  loss 5.218  (42s)
step 10000/50000  loss 6.927  (47s)
step 11000/50000  loss 5.134  (51s)
step 12000/50000  loss 6.746  (55s)
step 13000/50000  loss 4.355  (60s)
step 14000/50000  loss 5.177  (64s)
step 15000/50000  loss 4.099  (68s)
step 16000/50000  loss 6.510  (73s)
step 17000/50000  loss 4.236  (77s)
step 18000/50000  loss 5.209  (81s)
step 19000/50000  loss 4.887  (85s)
step 20000/50000  loss 5.161  (89s)
step 21000/50000  loss 6.368  (94s)
step 22000/50000  loss 6.260  (98s)
step 23000/50000  loss 3.650  (103s)
step 24000/50000  loss 5.143  (108s)
step 25000/50000  loss 3.648  (112s)
step 26000/50000  loss 6.125  (117s)
step 27000/50000  loss 3.610  (121s)
step 28000/50000  loss 4.388  (126s)
step 29000/50000  loss 3.588  (130s)
step 30000/50000  loss 5.278  (135s)
step 31000/50000  loss 5.132  (140s)
step 32000/50000  loss 3.150  (144s)
step 33000/50000  loss 5.062  (149s)
step 34000/50000  loss 5.172  (153s)
step 35000/50000  loss 3.570  (158s)
step 36000/50000  loss 3.813  (163s)
step 37000/50000  loss 3.366  (167s)
step 38000/50000  loss 4.972  (172s)
step 39000/50000  loss 3.539  (176s)
step 40000/50000  loss 4.988  (181s)
step 41000/50000  loss 3.378  (186s)
step 42000/50000  loss 2.849  (190s)
step 43000/50000  loss 4.911  (195s)
step 44000/50000  loss 4.726  (200s)
step 45000/50000  loss 3.213  (204s)
step 46000/50000  loss 3.912  (209s)
step 47000/50000  loss 3.576  (213s)
step 48000/50000  loss 3.702  (218s)
step 49000/50000  loss 3.681  (222s)
step 50000/50000  loss 5.063  (227s)

=== OGB official evaluation ===
[valid] MRR 0.8162  hits@1 0.7461  hits@3 0.8667  hits@10 0.9414
[test] MRR 0.8158  hits@1 0.7457  hits@3 0.8660  hits@10 0.9412
leaderboard context: TransE 0.745, RotatE 0.799, DistMult 0.804, ComplEx 0.810, top ~0.86
