ogbl-biokg loaded in 7s: 93,773 entities (disease:10687, drug:10533, function:45085, protein:17499, sideeffect:9969), 51 relations, 4,762,678 train triples
sparse shell: row-sparse table grads, RowAdagrad lr 0.3, table fp32
params: 27,124,129 (M=144)
step 1000/50000  loss 6.338  (4s)
step 2000/50000  loss 5.758  (8s)
step 3000/50000  loss 5.239  (11s)
step 4000/50000  loss 5.174  (15s)
step 5000/50000  loss 4.706  (19s)
step 6000/50000  loss 4.501  (23s)
step 7000/50000  loss 5.148  (26s)
step 8000/50000  loss 4.360  (30s)
step 9000/50000  loss 4.461  (34s)
step 10000/50000  loss 4.564  (38s)
step 11000/50000  loss 4.539  (41s)
step 12000/50000  loss 5.049  (45s)
step 13000/50000  loss 4.413  (49s)
step 14000/50000  loss 4.448  (53s)
step 15000/50000  loss 6.567  (56s)
step 16000/50000  loss 3.959  (60s)
step 17000/50000  loss 6.426  (64s)
step 18000/50000  loss 4.040  (67s)
step 19000/50000  loss 4.163  (71s)
step 20000/50000  loss 3.840  (75s)
step 21000/50000  loss 5.014  (79s)
step 22000/50000  loss 4.056  (82s)
step 23000/50000  loss 3.695  (86s)
step 24000/50000  loss 3.885  (90s)
step 25000/50000  loss 3.749  (94s)
step 26000/50000  loss 3.927  (97s)
step 27000/50000  loss 3.344  (101s)
step 28000/50000  loss 3.499  (105s)
step 29000/50000  loss 5.022  (109s)
step 30000/50000  loss 3.577  (112s)
step 31000/50000  loss 4.974  (116s)
step 32000/50000  loss 5.411  (120s)
step 33000/50000  loss 3.598  (124s)
step 34000/50000  loss 5.790  (127s)
step 35000/50000  loss 3.403  (131s)
step 36000/50000  loss 3.650  (135s)
step 37000/50000  loss 3.302  (139s)
step 38000/50000  loss 3.393  (142s)
step 39000/50000  loss 5.162  (146s)
step 40000/50000  loss 3.316  (150s)
step 41000/50000  loss 3.271  (154s)
step 42000/50000  loss 6.000  (157s)
step 43000/50000  loss 3.590  (161s)
step 44000/50000  loss 5.649  (165s)
step 45000/50000  loss 3.316  (169s)
step 46000/50000  loss 3.087  (173s)
step 47000/50000  loss 4.515  (176s)
step 48000/50000  loss 3.108  (180s)
step 49000/50000  loss 5.913  (184s)
step 50000/50000  loss 4.608  (187s)

=== OGB official evaluation ===
[valid] MRR 0.8163  hits@1 0.7460  hits@3 0.8674  hits@10 0.9415
[test] MRR 0.8159  hits@1 0.7458  hits@3 0.8663  hits@10 0.9413
leaderboard context: TransE 0.745, RotatE 0.799, DistMult 0.804, ComplEx 0.810, top ~0.86
