ogbl-biokg loaded in 7s: 93,773 entities (disease:10687, drug:10533, function:45085, protein:17499, sideeffect:9969), 51 relations, 4,762,678 train triples
sparse shell: row-sparse table grads, RowAdagrad lr 0.3, table fp32
params: 27,124,129 (M=144)
step 1000/50000  loss 8.410  (4s)
step 2000/50000  loss 5.169  (8s)
step 3000/50000  loss 4.898  (11s)
step 4000/50000  loss 5.292  (15s)
step 5000/50000  loss 5.163  (19s)
step 6000/50000  loss 4.930  (23s)
step 7000/50000  loss 5.409  (26s)
step 8000/50000  loss 4.778  (30s)
step 9000/50000  loss 5.171  (34s)
step 10000/50000  loss 6.730  (38s)
step 11000/50000  loss 5.164  (41s)
step 12000/50000  loss 5.373  (45s)
step 13000/50000  loss 4.372  (49s)
step 14000/50000  loss 4.016  (53s)
step 15000/50000  loss 4.381  (56s)
step 16000/50000  loss 5.180  (60s)
step 17000/50000  loss 5.033  (64s)
step 18000/50000  loss 3.886  (68s)
step 19000/50000  loss 4.691  (71s)
step 20000/50000  loss 3.750  (75s)
step 21000/50000  loss 3.924  (79s)
step 22000/50000  loss 4.088  (83s)
step 23000/50000  loss 4.088  (86s)
step 24000/50000  loss 5.231  (90s)
step 25000/50000  loss 3.450  (94s)
step 26000/50000  loss 3.665  (98s)
step 27000/50000  loss 3.762  (101s)
step 28000/50000  loss 3.270  (105s)
step 29000/50000  loss 3.678  (109s)
step 30000/50000  loss 3.296  (112s)
step 31000/50000  loss 4.814  (116s)
step 32000/50000  loss 4.184  (120s)
step 33000/50000  loss 3.566  (124s)
step 34000/50000  loss 3.260  (128s)
step 35000/50000  loss 3.341  (131s)
step 36000/50000  loss 3.510  (135s)
step 37000/50000  loss 4.854  (139s)
step 38000/50000  loss 3.671  (143s)
step 39000/50000  loss 5.132  (146s)
step 40000/50000  loss 3.764  (150s)
step 41000/50000  loss 3.436  (154s)
step 42000/50000  loss 4.826  (158s)
step 43000/50000  loss 5.111  (161s)
step 44000/50000  loss 3.288  (165s)
step 45000/50000  loss 6.006  (169s)
step 46000/50000  loss 4.996  (172s)
step 47000/50000  loss 3.224  (176s)
step 48000/50000  loss 4.658  (180s)
step 49000/50000  loss 3.156  (184s)
step 50000/50000  loss 5.142  (187s)

=== OGB official evaluation ===
[valid] MRR 0.8164  hits@1 0.7462  hits@3 0.8666  hits@10 0.9419
[test] MRR 0.8156  hits@1 0.7451  hits@3 0.8665  hits@10 0.9414
leaderboard context: TransE 0.745, RotatE 0.799, DistMult 0.804, ComplEx 0.810, top ~0.86
