ogbl-biokg loaded in 7s: 93,773 entities (disease:10687, drug:10533, function:45085, protein:17499, sideeffect:9969), 51 relations, 4,762,678 train triples
sparse shell: row-sparse table grads, RowAdagrad lr 0.3, table fp32
params: 27,124,129 (M=144)
distill: 10 teachers (M=[144, 144, 144, 144, 144, 144, 144, 144, 144, 144]), w=1.0, T=1.0
step 1000/50000  loss 6.465  (11s)
step 2000/50000  loss 6.377  (21s)
step 3000/50000  loss 6.081  (31s)
step 4000/50000  loss 5.618  (41s)
step 5000/50000  loss 5.186  (51s)
step 6000/50000  loss 7.513  (61s)
step 7000/50000  loss 4.875  (71s)
step 8000/50000  loss 4.761  (82s)
step 9000/50000  loss 4.824  (92s)
step 10000/50000  loss 4.698  (102s)
step 11000/50000  loss 4.729  (112s)
step 12000/50000  loss 4.814  (122s)
step 13000/50000  loss 4.382  (132s)
step 14000/50000  loss 8.796  (143s)
step 15000/50000  loss 4.574  (153s)
step 16000/50000  loss 4.433  (163s)
step 17000/50000  loss 5.300  (173s)
step 18000/50000  loss 4.839  (183s)
step 19000/50000  loss 4.024  (193s)
step 20000/50000  loss 4.150  (204s)
step 21000/50000  loss 6.412  (214s)
step 22000/50000  loss 4.249  (224s)
step 23000/50000  loss 3.887  (234s)
step 24000/50000  loss 5.107  (244s)
step 25000/50000  loss 4.034  (254s)
step 26000/50000  loss 5.123  (264s)
step 27000/50000  loss 3.656  (275s)
step 28000/50000  loss 3.643  (285s)
step 29000/50000  loss 3.331  (295s)
step 30000/50000  loss 3.501  (305s)
step 31000/50000  loss 5.913  (315s)
step 32000/50000  loss 4.937  (325s)
step 33000/50000  loss 5.209  (335s)
step 34000/50000  loss 5.910  (345s)
step 35000/50000  loss 3.538  (356s)
step 36000/50000  loss 3.401  (366s)
step 37000/50000  loss 3.629  (376s)
step 38000/50000  loss 3.809  (386s)
step 39000/50000  loss 3.023  (396s)
step 40000/50000  loss 3.275  (406s)
step 41000/50000  loss 5.647  (416s)
step 42000/50000  loss 3.435  (426s)
step 43000/50000  loss 3.211  (436s)
step 44000/50000  loss 3.389  (446s)
step 45000/50000  loss 3.134  (456s)
step 46000/50000  loss 2.892  (466s)
step 47000/50000  loss 3.270  (476s)
step 48000/50000  loss 3.318  (487s)
step 49000/50000  loss 5.058  (497s)
step 50000/50000  loss 3.627  (507s)

=== OGB official evaluation ===
[valid] MRR 0.8283  hits@1 0.7624  hits@3 0.8759  hits@10 0.9455
leaderboard context: TransE 0.745, RotatE 0.799, DistMult 0.804, ComplEx 0.810, top ~0.86
