ogbl-biokg loaded in 6s: 93,773 entities (disease:10687, drug:10533, function:45085, protein:17499, sideeffect:9969), 51 relations, 4,762,678 train triples
sparse shell: row-sparse table grads, RowAdagrad lr 0.3, table fp32
params: 27,124,129 (M=144)
distill: 10 teachers (M=[144, 144, 144, 144, 144, 144, 144, 144, 144, 144]), w=1.0, T=1.0
step 1000/50000  loss 7.695  (10s)
step 2000/50000  loss 6.291  (21s)
step 3000/50000  loss 5.463  (31s)
step 4000/50000  loss 5.440  (41s)
step 5000/50000  loss 5.038  (51s)
step 6000/50000  loss 5.132  (61s)
step 7000/50000  loss 5.006  (71s)
step 8000/50000  loss 4.995  (81s)
step 9000/50000  loss 5.363  (92s)
step 10000/50000  loss 7.244  (102s)
step 11000/50000  loss 5.178  (112s)
step 12000/50000  loss 7.004  (122s)
step 13000/50000  loss 4.587  (132s)
step 14000/50000  loss 5.227  (143s)
step 15000/50000  loss 4.224  (153s)
step 16000/50000  loss 6.693  (163s)
step 17000/50000  loss 4.384  (173s)
step 18000/50000  loss 5.239  (183s)
step 19000/50000  loss 6.137  (193s)
step 20000/50000  loss 5.216  (203s)
step 21000/50000  loss 6.514  (213s)
step 22000/50000  loss 6.355  (224s)
step 23000/50000  loss 3.748  (234s)
step 24000/50000  loss 5.157  (244s)
step 25000/50000  loss 3.709  (254s)
step 26000/50000  loss 6.186  (264s)
step 27000/50000  loss 3.689  (274s)
step 28000/50000  loss 4.564  (284s)
step 29000/50000  loss 3.636  (295s)
step 30000/50000  loss 5.292  (305s)
step 31000/50000  loss 5.122  (315s)
step 32000/50000  loss 3.199  (325s)
step 33000/50000  loss 5.049  (335s)
step 34000/50000  loss 5.193  (345s)
step 35000/50000  loss 3.583  (355s)
step 36000/50000  loss 3.854  (366s)
step 37000/50000  loss 3.371  (376s)
step 38000/50000  loss 4.996  (386s)
step 39000/50000  loss 3.564  (396s)
step 40000/50000  loss 4.997  (406s)
step 41000/50000  loss 3.403  (416s)
step 42000/50000  loss 2.898  (426s)
step 43000/50000  loss 4.900  (437s)
step 44000/50000  loss 4.738  (447s)
step 45000/50000  loss 3.250  (457s)
step 46000/50000  loss 3.934  (467s)
step 47000/50000  loss 3.615  (477s)
step 48000/50000  loss 3.737  (487s)
step 49000/50000  loss 3.722  (497s)
step 50000/50000  loss 5.067  (508s)

=== OGB official evaluation ===
[valid] MRR 0.8285  hits@1 0.7630  hits@3 0.8758  hits@10 0.9449
leaderboard context: TransE 0.745, RotatE 0.799, DistMult 0.804, ComplEx 0.810, top ~0.86
