ogbl-biokg loaded in 7s: 93,773 entities (disease:10687, drug:10533, function:45085, protein:17499, sideeffect:9969), 51 relations, 4,762,678 train triples
sparse shell: row-sparse table grads, RowAdagrad lr 0.3, table fp32
params: 27,124,129 (M=144)
distill: 10 teachers (M=[144, 144, 144, 144, 144, 144, 144, 144, 144, 144]), w=1.0, T=1.0
step 1000/50000  loss 9.526  (10s)
step 2000/50000  loss 5.864  (20s)
step 3000/50000  loss 5.895  (30s)
step 4000/50000  loss 5.475  (41s)
step 5000/50000  loss 5.482  (51s)
step 6000/50000  loss 5.146  (61s)
step 7000/50000  loss 5.766  (71s)
step 8000/50000  loss 6.739  (81s)
step 9000/50000  loss 5.196  (91s)
step 10000/50000  loss 5.287  (101s)
step 11000/50000  loss 4.628  (111s)
step 12000/50000  loss 6.987  (121s)
step 13000/50000  loss 5.045  (131s)
step 14000/50000  loss 4.454  (141s)
step 15000/50000  loss 4.517  (151s)
step 16000/50000  loss 6.080  (162s)
step 17000/50000  loss 4.394  (172s)
step 18000/50000  loss 4.038  (182s)
step 19000/50000  loss 5.184  (192s)
step 20000/50000  loss 5.360  (202s)
step 21000/50000  loss 3.877  (212s)
step 22000/50000  loss 3.588  (222s)
step 23000/50000  loss 5.193  (232s)
step 24000/50000  loss 5.045  (242s)
step 25000/50000  loss 6.227  (252s)
step 26000/50000  loss 4.023  (262s)
step 27000/50000  loss 4.075  (272s)
step 28000/50000  loss 4.978  (282s)
step 29000/50000  loss 3.986  (292s)
step 30000/50000  loss 6.044  (302s)
step 31000/50000  loss 3.863  (313s)
step 32000/50000  loss 3.564  (323s)
step 33000/50000  loss 3.466  (333s)
step 34000/50000  loss 4.583  (343s)
step 35000/50000  loss 4.884  (353s)
step 36000/50000  loss 3.805  (363s)
step 37000/50000  loss 4.951  (373s)
step 38000/50000  loss 3.393  (383s)
step 39000/50000  loss 3.438  (393s)
step 40000/50000  loss 3.644  (404s)
step 41000/50000  loss 2.996  (414s)
step 42000/50000  loss 4.798  (424s)
step 43000/50000  loss 2.950  (434s)
step 44000/50000  loss 4.550  (444s)
step 45000/50000  loss 3.379  (454s)
step 46000/50000  loss 3.279  (465s)
step 47000/50000  loss 5.595  (475s)
step 48000/50000  loss 4.940  (485s)
step 49000/50000  loss 4.924  (495s)
step 50000/50000  loss 5.668  (505s)

=== OGB official evaluation ===
[valid] MRR 0.8277  hits@1 0.7620  hits@3 0.8753  hits@10 0.9448
leaderboard context: TransE 0.745, RotatE 0.799, DistMult 0.804, ComplEx 0.810, top ~0.86
