ogbl-biokg loaded in 6s: 93,773 entities (disease:10687, drug:10533, function:45085, protein:17499, sideeffect:9969), 51 relations, 4,762,678 train triples
sparse shell: row-sparse table grads, RowAdagrad lr 0.3, table fp32
params: 27,124,129 (M=144)
distill: 10 teachers (M=[144, 144, 144, 144, 144, 144, 144, 144, 144, 144]), w=1.0, T=1.0
step 1000/50000  loss 9.930  (10s)
step 2000/50000  loss 5.657  (20s)
step 3000/50000  loss 10.268  (30s)
step 4000/50000  loss 5.593  (40s)
step 5000/50000  loss 5.054  (50s)
step 6000/50000  loss 5.226  (61s)
step 7000/50000  loss 4.966  (71s)
step 8000/50000  loss 5.416  (81s)
step 9000/50000  loss 7.196  (91s)
step 10000/50000  loss 4.715  (101s)
step 11000/50000  loss 4.476  (111s)
step 12000/50000  loss 5.292  (121s)
step 13000/50000  loss 4.585  (131s)
step 14000/50000  loss 4.136  (141s)
step 15000/50000  loss 4.284  (151s)
step 16000/50000  loss 6.726  (161s)
step 17000/50000  loss 4.032  (171s)
step 18000/50000  loss 5.100  (181s)
step 19000/50000  loss 5.052  (191s)
step 20000/50000  loss 4.285  (202s)
step 21000/50000  loss 3.996  (212s)
step 22000/50000  loss 5.217  (222s)
step 23000/50000  loss 4.968  (232s)
step 24000/50000  loss 5.326  (242s)
step 25000/50000  loss 4.229  (252s)
step 26000/50000  loss 4.976  (262s)
step 27000/50000  loss 4.090  (272s)
step 28000/50000  loss 3.764  (282s)
step 29000/50000  loss 3.682  (292s)
step 30000/50000  loss 3.307  (302s)
step 31000/50000  loss 5.994  (312s)
step 32000/50000  loss 3.383  (322s)
step 33000/50000  loss 4.910  (332s)
step 34000/50000  loss 3.487  (343s)
step 35000/50000  loss 4.867  (353s)
step 36000/50000  loss 4.918  (363s)
step 37000/50000  loss 4.741  (373s)
step 38000/50000  loss 5.045  (383s)
step 39000/50000  loss 3.673  (393s)
step 40000/50000  loss 4.877  (403s)
step 41000/50000  loss 3.330  (413s)
step 42000/50000  loss 3.420  (423s)
step 43000/50000  loss 5.613  (433s)
step 44000/50000  loss 3.463  (443s)
step 45000/50000  loss 4.811  (453s)
step 46000/50000  loss 4.923  (463s)
step 47000/50000  loss 3.263  (474s)
step 48000/50000  loss 3.156  (484s)
step 49000/50000  loss 3.033  (494s)
step 50000/50000  loss 3.178  (504s)

=== OGB official evaluation ===
[valid] MRR 0.8285  hits@1 0.7632  hits@3 0.8754  hits@10 0.9448
leaderboard context: TransE 0.745, RotatE 0.799, DistMult 0.804, ComplEx 0.810, top ~0.86
