ogbl-biokg loaded in 7s: 93,773 entities (disease:10687, drug:10533, function:45085, protein:17499, sideeffect:9969), 51 relations, 4,762,678 train triples
sparse shell: row-sparse table grads, RowAdagrad lr 0.3, table fp32
params: 27,124,129 (M=144)
distill: 10 teachers (M=[144, 144, 144, 144, 144, 144, 144, 144, 144, 144]), w=1.0, T=1.0
step 1000/50000  loss 7.634  (11s)
step 2000/50000  loss 6.605  (21s)
step 3000/50000  loss 5.439  (31s)
step 4000/50000  loss 5.875  (41s)
step 5000/50000  loss 5.182  (51s)
step 6000/50000  loss 4.942  (61s)
step 7000/50000  loss 5.215  (71s)
step 8000/50000  loss 4.703  (81s)
step 9000/50000  loss 4.744  (91s)
step 10000/50000  loss 4.811  (102s)
step 11000/50000  loss 4.740  (112s)
step 12000/50000  loss 5.108  (122s)
step 13000/50000  loss 4.610  (132s)
step 14000/50000  loss 4.711  (142s)
step 15000/50000  loss 6.727  (152s)
step 16000/50000  loss 4.133  (162s)
step 17000/50000  loss 6.615  (172s)
step 18000/50000  loss 4.215  (182s)
step 19000/50000  loss 4.291  (192s)
step 20000/50000  loss 3.974  (202s)
step 21000/50000  loss 5.047  (212s)
step 22000/50000  loss 4.194  (223s)
step 23000/50000  loss 3.782  (233s)
step 24000/50000  loss 3.909  (243s)
step 25000/50000  loss 3.801  (253s)
step 26000/50000  loss 3.928  (263s)
step 27000/50000  loss 3.404  (273s)
step 28000/50000  loss 3.548  (284s)
step 29000/50000  loss 5.042  (294s)
step 30000/50000  loss 3.630  (304s)
step 31000/50000  loss 4.982  (314s)
step 32000/50000  loss 5.595  (324s)
step 33000/50000  loss 3.613  (334s)
step 34000/50000  loss 5.812  (344s)
step 35000/50000  loss 3.425  (354s)
step 36000/50000  loss 3.684  (364s)
step 37000/50000  loss 3.320  (374s)
step 38000/50000  loss 3.419  (385s)
step 39000/50000  loss 5.171  (395s)
step 40000/50000  loss 3.358  (405s)
step 41000/50000  loss 3.293  (415s)
step 42000/50000  loss 6.185  (425s)
step 43000/50000  loss 3.620  (435s)
step 44000/50000  loss 5.674  (445s)
step 45000/50000  loss 3.347  (455s)
step 46000/50000  loss 3.114  (466s)
step 47000/50000  loss 4.514  (476s)
step 48000/50000  loss 3.144  (486s)
step 49000/50000  loss 6.089  (496s)
step 50000/50000  loss 4.651  (506s)

=== OGB official evaluation ===
[valid] MRR 0.8292  hits@1 0.7639  hits@3 0.8765  hits@10 0.9455
leaderboard context: TransE 0.745, RotatE 0.799, DistMult 0.804, ComplEx 0.810, top ~0.86
