ogbl-biokg loaded in 7s: 93,773 entities (disease:10687, drug:10533, function:45085, protein:17499, sideeffect:9969), 51 relations, 4,762,678 train triples
sparse shell: row-sparse table grads, RowAdagrad lr 0.3, table fp32
params: 27,124,129 (M=144)
distill: 10 teachers (M=[144, 144, 144, 144, 144, 144, 144, 144, 144, 144]), w=1.0, T=1.0
step 1000/50000  loss 6.839  (10s)
step 2000/50000  loss 12.855  (21s)
step 3000/50000  loss 5.610  (31s)
step 4000/50000  loss 5.397  (41s)
step 5000/50000  loss 5.334  (51s)
step 6000/50000  loss 8.169  (61s)
step 7000/50000  loss 7.641  (71s)
step 8000/50000  loss 5.400  (81s)
step 9000/50000  loss 5.068  (91s)
step 10000/50000  loss 5.305  (102s)
step 11000/50000  loss 4.419  (112s)
step 12000/50000  loss 4.401  (122s)
step 13000/50000  loss 4.222  (132s)
step 14000/50000  loss 5.100  (142s)
step 15000/50000  loss 4.321  (152s)
step 16000/50000  loss 5.001  (162s)
step 17000/50000  loss 5.212  (172s)
step 18000/50000  loss 6.549  (182s)
step 19000/50000  loss 4.347  (193s)
step 20000/50000  loss 4.288  (203s)
step 21000/50000  loss 5.249  (213s)
step 22000/50000  loss 3.733  (223s)
step 23000/50000  loss 5.025  (233s)
step 24000/50000  loss 3.865  (243s)
step 25000/50000  loss 5.019  (253s)
step 26000/50000  loss 3.823  (264s)
step 27000/50000  loss 3.596  (274s)
step 28000/50000  loss 4.675  (284s)
step 29000/50000  loss 3.402  (294s)
step 30000/50000  loss 4.985  (304s)
step 31000/50000  loss 3.489  (315s)
step 32000/50000  loss 5.906  (325s)
step 33000/50000  loss 3.702  (335s)
step 34000/50000  loss 3.790  (345s)
step 35000/50000  loss 3.963  (355s)
step 36000/50000  loss 4.798  (365s)
step 37000/50000  loss 3.430  (375s)
step 38000/50000  loss 4.847  (386s)
step 39000/50000  loss 3.309  (396s)
step 40000/50000  loss 3.358  (406s)
step 41000/50000  loss 5.719  (416s)
step 42000/50000  loss 3.295  (426s)
step 43000/50000  loss 3.448  (436s)
step 44000/50000  loss 3.359  (446s)
step 45000/50000  loss 3.817  (456s)
step 46000/50000  loss 5.025  (466s)
step 47000/50000  loss 3.270  (476s)
step 48000/50000  loss 3.651  (486s)
step 49000/50000  loss 4.809  (497s)
step 50000/50000  loss 3.293  (507s)

=== OGB official evaluation ===
[valid] MRR 0.8284  hits@1 0.7628  hits@3 0.8757  hits@10 0.9449
leaderboard context: TransE 0.745, RotatE 0.799, DistMult 0.804, ComplEx 0.810, top ~0.86
