ogbl-biokg loaded in 7s: 93,773 entities (disease:10687, drug:10533, function:45085, protein:17499, sideeffect:9969), 51 relations, 4,762,678 train triples
sparse shell: row-sparse table grads, RowAdagrad lr 0.3, table fp32
params: 27,124,129 (M=144)
distill: 10 teachers (M=[144, 144, 144, 144, 144, 144, 144, 144, 144, 144]), w=1.0, T=1.0
step 1000/50000  loss 7.362  (11s)
step 2000/50000  loss 5.833  (21s)
step 3000/50000  loss 5.784  (31s)
step 4000/50000  loss 5.245  (41s)
step 5000/50000  loss 5.435  (51s)
step 6000/50000  loss 4.951  (61s)
step 7000/50000  loss 5.282  (72s)
step 8000/50000  loss 4.868  (82s)
step 9000/50000  loss 4.699  (92s)
step 10000/50000  loss 4.736  (102s)
step 11000/50000  loss 4.366  (112s)
step 12000/50000  loss 4.719  (122s)
step 13000/50000  loss 4.561  (133s)
step 14000/50000  loss 4.489  (143s)
step 15000/50000  loss 4.273  (153s)
step 16000/50000  loss 5.180  (163s)
step 17000/50000  loss 4.331  (173s)
step 18000/50000  loss 4.403  (183s)
step 19000/50000  loss 4.001  (193s)
step 20000/50000  loss 3.945  (204s)
step 21000/50000  loss 5.140  (214s)
step 22000/50000  loss 3.611  (224s)
step 23000/50000  loss 3.829  (234s)
step 24000/50000  loss 7.639  (244s)
step 25000/50000  loss 4.929  (254s)
step 26000/50000  loss 3.310  (264s)
step 27000/50000  loss 3.715  (275s)
step 28000/50000  loss 4.050  (285s)
step 29000/50000  loss 3.659  (295s)
step 30000/50000  loss 5.209  (305s)
step 31000/50000  loss 3.550  (315s)
step 32000/50000  loss 4.153  (325s)
step 33000/50000  loss 3.851  (335s)
step 34000/50000  loss 3.648  (345s)
step 35000/50000  loss 4.954  (356s)
step 36000/50000  loss 4.966  (366s)
step 37000/50000  loss 5.855  (376s)
step 38000/50000  loss 4.899  (386s)
step 39000/50000  loss 3.738  (396s)
step 40000/50000  loss 5.021  (406s)
step 41000/50000  loss 2.791  (416s)
step 42000/50000  loss 3.187  (426s)
step 43000/50000  loss 3.648  (436s)
step 44000/50000  loss 3.309  (446s)
step 45000/50000  loss 5.133  (456s)
step 46000/50000  loss 3.646  (466s)
step 47000/50000  loss 4.723  (476s)
step 48000/50000  loss 4.636  (486s)
step 49000/50000  loss 5.571  (497s)
step 50000/50000  loss 2.862  (507s)

=== OGB official evaluation ===
[valid] MRR 0.8290  hits@1 0.7638  hits@3 0.8762  hits@10 0.9454
leaderboard context: TransE 0.745, RotatE 0.799, DistMult 0.804, ComplEx 0.810, top ~0.86
