ogbl-biokg loaded in 10s: 93,773 entities (disease:10687, drug:10533, function:45085, protein:17499, sideeffect:9969), 51 relations, 4,762,678 train triples
sparse shell: row-sparse table grads, RowAdagrad lr 0.3, table fp32
params: 27,124,129 (M=144)
distill: 10 teachers (M=[144, 144, 144, 144, 144, 144, 144, 144, 144, 144]), w=1.0, T=1.0
step 1000/50000  loss 7.667  (36s)
step 2000/50000  loss 6.413  (70s)
step 3000/50000  loss 6.020  (105s)
step 4000/50000  loss 5.677  (140s)
step 5000/50000  loss 5.616  (175s)
step 6000/50000  loss 4.857  (211s)
step 7000/50000  loss 4.873  (246s)
step 8000/50000  loss 4.892  (281s)
step 9000/50000  loss 9.376  (316s)
step 10000/50000  loss 5.169  (351s)
step 11000/50000  loss 5.225  (387s)
step 12000/50000  loss 4.430  (422s)
step 13000/50000  loss 4.496  (456s)
step 14000/50000  loss 4.375  (491s)
step 15000/50000  loss 3.978  (526s)
step 16000/50000  loss 6.686  (561s)
step 17000/50000  loss 6.734  (597s)
step 18000/50000  loss 4.077  (632s)
step 19000/50000  loss 3.961  (667s)
step 20000/50000  loss 6.530  (702s)
step 21000/50000  loss 4.076  (737s)
step 22000/50000  loss 4.836  (772s)
step 23000/50000  loss 3.529  (807s)
step 24000/50000  loss 4.161  (841s)
step 25000/50000  loss 3.718  (876s)
step 26000/50000  loss 3.391  (911s)
step 27000/50000  loss 6.845  (945s)
step 28000/50000  loss 4.993  (983s)
step 29000/50000  loss 3.637  (1018s)
step 30000/50000  loss 5.057  (1054s)
step 31000/50000  loss 4.937  (1089s)
step 32000/50000  loss 5.035  (1124s)
step 33000/50000  loss 3.541  (1159s)
step 34000/50000  loss 4.104  (1194s)
step 35000/50000  loss 4.941  (1229s)
step 36000/50000  loss 3.196  (1264s)
step 37000/50000  loss 4.879  (1299s)
step 38000/50000  loss 3.442  (1334s)
step 39000/50000  loss 5.710  (1368s)
step 40000/50000  loss 3.355  (1403s)
step 41000/50000  loss 3.734  (1438s)
step 42000/50000  loss 3.402  (1473s)
step 43000/50000  loss 2.918  (1508s)
step 44000/50000  loss 4.839  (1543s)
step 45000/50000  loss 3.230  (1579s)
step 46000/50000  loss 5.643  (1615s)
step 47000/50000  loss 3.695  (1681s)
step 48000/50000  loss 3.779  (1774s)
step 49000/50000  loss 3.397  (1865s)
step 50000/50000  loss 3.084  (1955s)

=== OGB official evaluation ===
[valid] MRR 0.8283  hits@1 0.7628  hits@3 0.8755  hits@10 0.9448
leaderboard context: TransE 0.745, RotatE 0.799, DistMult 0.804, ComplEx 0.810, top ~0.86
