ogbl-biokg loaded in 10s: 93,773 entities (disease:10687, drug:10533, function:45085, protein:17499, sideeffect:9969), 51 relations, 4,762,678 train triples
sparse shell: row-sparse table grads, RowAdagrad lr 0.3, table fp32
params: 27,124,129 (M=144)
distill: 10 teachers (M=[144, 144, 144, 144, 144, 144, 144, 144, 144, 144]), w=1.0, T=1.0
step 1000/50000  loss 8.128  (35s)
step 2000/50000  loss 5.774  (70s)
step 3000/50000  loss 5.341  (105s)
step 4000/50000  loss 5.574  (140s)
step 5000/50000  loss 5.210  (175s)
step 6000/50000  loss 5.258  (211s)
step 7000/50000  loss 5.067  (245s)
step 8000/50000  loss 5.438  (280s)
step 9000/50000  loss 5.257  (315s)
step 10000/50000  loss 7.168  (350s)
step 11000/50000  loss 5.285  (386s)
step 12000/50000  loss 4.766  (421s)
step 13000/50000  loss 5.090  (456s)
step 14000/50000  loss 5.182  (491s)
step 15000/50000  loss 6.786  (525s)
step 16000/50000  loss 4.416  (561s)
step 17000/50000  loss 6.760  (596s)
step 18000/50000  loss 5.141  (631s)
step 19000/50000  loss 4.365  (666s)
step 20000/50000  loss 4.043  (701s)
step 21000/50000  loss 4.141  (737s)
step 22000/50000  loss 4.072  (771s)
step 23000/50000  loss 6.344  (806s)
step 24000/50000  loss 3.524  (841s)
step 25000/50000  loss 5.081  (876s)
step 26000/50000  loss 3.533  (910s)
step 27000/50000  loss 4.016  (945s)
step 28000/50000  loss 4.522  (982s)
step 29000/50000  loss 3.590  (1018s)
step 30000/50000  loss 5.002  (1053s)
step 31000/50000  loss 3.605  (1089s)
step 32000/50000  loss 3.599  (1124s)
step 33000/50000  loss 6.016  (1159s)
step 34000/50000  loss 4.858  (1194s)
step 35000/50000  loss 3.479  (1229s)
step 36000/50000  loss 3.969  (1263s)
step 37000/50000  loss 5.050  (1298s)
step 38000/50000  loss 5.766  (1333s)
step 39000/50000  loss 3.365  (1367s)
step 40000/50000  loss 3.965  (1403s)
step 41000/50000  loss 5.694  (1437s)
step 42000/50000  loss 5.665  (1473s)
step 43000/50000  loss 3.322  (1508s)
step 44000/50000  loss 5.645  (1543s)
step 45000/50000  loss 4.837  (1579s)
step 46000/50000  loss 5.705  (1614s)
step 47000/50000  loss 3.298  (1680s)
step 48000/50000  loss 3.735  (1772s)
step 49000/50000  loss 3.662  (1863s)
step 50000/50000  loss 3.826  (1954s)

=== OGB official evaluation ===
[valid] MRR 0.8290  hits@1 0.7637  hits@3 0.8762  hits@10 0.9450
leaderboard context: TransE 0.745, RotatE 0.799, DistMult 0.804, ComplEx 0.810, top ~0.86
