ogbl-biokg loaded in 10s: 93,773 entities (disease:10687, drug:10533, function:45085, protein:17499, sideeffect:9969), 51 relations, 4,762,678 train triples
sparse shell: row-sparse table grads, RowAdagrad lr 0.3, table fp32
params: 27,124,129 (M=144)
distill: 10 teachers (M=[144, 144, 144, 144, 144, 144, 144, 144, 144, 144]), w=1.0, T=1.0
step 1000/50000  loss 12.528  (35s)
step 2000/50000  loss 5.707  (70s)
step 3000/50000  loss 5.534  (105s)
step 4000/50000  loss 5.434  (140s)
step 5000/50000  loss 5.359  (175s)
step 6000/50000  loss 5.284  (211s)
step 7000/50000  loss 5.513  (246s)
step 8000/50000  loss 5.137  (281s)
step 9000/50000  loss 5.258  (316s)
step 10000/50000  loss 7.030  (351s)
step 11000/50000  loss 5.259  (387s)
step 12000/50000  loss 5.405  (422s)
step 13000/50000  loss 4.616  (456s)
step 14000/50000  loss 4.237  (491s)
step 15000/50000  loss 4.527  (526s)
step 16000/50000  loss 5.238  (561s)
step 17000/50000  loss 5.075  (596s)
step 18000/50000  loss 4.020  (631s)
step 19000/50000  loss 4.781  (667s)
step 20000/50000  loss 3.874  (701s)
step 21000/50000  loss 4.044  (737s)
step 22000/50000  loss 4.243  (772s)
step 23000/50000  loss 4.145  (806s)
step 24000/50000  loss 5.244  (841s)
step 25000/50000  loss 3.606  (876s)
step 26000/50000  loss 3.752  (911s)
step 27000/50000  loss 3.817  (945s)
step 28000/50000  loss 3.312  (983s)
step 29000/50000  loss 3.723  (1018s)
step 30000/50000  loss 3.406  (1054s)
step 31000/50000  loss 4.817  (1089s)
step 32000/50000  loss 4.105  (1124s)
step 33000/50000  loss 3.592  (1159s)
step 34000/50000  loss 3.287  (1194s)
step 35000/50000  loss 3.360  (1229s)
step 36000/50000  loss 3.559  (1264s)
step 37000/50000  loss 4.849  (1299s)
step 38000/50000  loss 3.707  (1333s)
step 39000/50000  loss 5.309  (1368s)
step 40000/50000  loss 3.789  (1403s)
step 41000/50000  loss 3.463  (1438s)
step 42000/50000  loss 4.850  (1473s)
step 43000/50000  loss 5.249  (1508s)
step 44000/50000  loss 3.314  (1543s)
step 45000/50000  loss 6.171  (1579s)
step 46000/50000  loss 5.003  (1615s)
step 47000/50000  loss 3.256  (1681s)
step 48000/50000  loss 4.674  (1774s)
step 49000/50000  loss 3.193  (1865s)
step 50000/50000  loss 5.153  (1955s)

=== OGB official evaluation ===
[valid] MRR 0.8279  hits@1 0.7621  hits@3 0.8757  hits@10 0.9449
leaderboard context: TransE 0.745, RotatE 0.799, DistMult 0.804, ComplEx 0.810, top ~0.86
