ogbl-biokg loaded in 7s: 93,773 entities (disease:10687, drug:10533, function:45085, protein:17499, sideeffect:9969), 51 relations, 4,762,678 train triples
sparse shell: row-sparse table grads, RowAdagrad lr 0.3, table fp32
params: 27,124,129 (M=144)
distill: 10 teachers (M=[144, 144, 144, 144, 144, 144, 144, 144, 144, 144]), w=1.0, T=2.0
step 1000/50000  loss 11.104  (11s)
step 2000/50000  loss 5.932  (21s)
step 3000/50000  loss 11.624  (31s)
step 4000/50000  loss 6.385  (41s)
step 5000/50000  loss 5.600  (51s)
step 6000/50000  loss 5.919  (61s)
step 7000/50000  loss 5.362  (71s)
step 8000/50000  loss 5.437  (81s)
step 9000/50000  loss 7.384  (92s)
step 10000/50000  loss 5.041  (102s)
step 11000/50000  loss 4.737  (112s)
step 12000/50000  loss 5.272  (122s)
step 13000/50000  loss 4.931  (132s)
step 14000/50000  loss 4.419  (142s)
step 15000/50000  loss 4.570  (152s)
step 16000/50000  loss 6.826  (162s)
step 17000/50000  loss 4.226  (172s)
step 18000/50000  loss 5.080  (183s)
step 19000/50000  loss 5.052  (193s)
step 20000/50000  loss 4.474  (203s)
step 21000/50000  loss 4.140  (213s)
step 22000/50000  loss 5.215  (223s)
step 23000/50000  loss 4.965  (233s)
step 24000/50000  loss 6.081  (243s)
step 25000/50000  loss 4.312  (253s)
step 26000/50000  loss 4.971  (263s)
step 27000/50000  loss 4.157  (273s)
step 28000/50000  loss 3.870  (283s)
step 29000/50000  loss 3.790  (294s)
step 30000/50000  loss 3.390  (304s)
step 31000/50000  loss 6.066  (314s)
step 32000/50000  loss 3.488  (324s)
step 33000/50000  loss 4.901  (334s)
step 34000/50000  loss 3.600  (344s)
step 35000/50000  loss 4.855  (354s)
step 36000/50000  loss 4.916  (364s)
step 37000/50000  loss 4.728  (374s)
step 38000/50000  loss 5.037  (384s)
step 39000/50000  loss 3.739  (394s)
step 40000/50000  loss 4.881  (404s)
step 41000/50000  loss 3.444  (415s)
step 42000/50000  loss 3.534  (425s)
step 43000/50000  loss 5.743  (435s)
step 44000/50000  loss 3.577  (445s)
step 45000/50000  loss 4.835  (455s)
step 46000/50000  loss 4.945  (465s)
step 47000/50000  loss 3.387  (476s)
step 48000/50000  loss 3.288  (486s)
step 49000/50000  loss 3.213  (496s)
step 50000/50000  loss 3.303  (506s)

=== OGB official evaluation ===
[valid] MRR 0.8322  hits@1 0.7677  hits@3 0.8787  hits@10 0.9472
leaderboard context: TransE 0.745, RotatE 0.799, DistMult 0.804, ComplEx 0.810, top ~0.86
