ogbl-biokg loaded in 7s: 93,773 entities (disease:10687, drug:10533, function:45085, protein:17499, sideeffect:9969), 51 relations, 4,762,678 train triples
sparse shell: row-sparse table grads, RowAdagrad lr 0.3, table fp32
params: 27,124,129 (M=144)
distill: 10 teachers (M=[144, 144, 144, 144, 144, 144, 144, 144, 144, 144]), w=1.0, T=2.0
step 1000/50000  loss 7.976  (11s)
step 2000/50000  loss 7.550  (21s)
step 3000/50000  loss 6.636  (31s)
step 4000/50000  loss 6.454  (41s)
step 5000/50000  loss 5.908  (51s)
step 6000/50000  loss 10.784  (61s)
step 7000/50000  loss 5.291  (71s)
step 8000/50000  loss 5.263  (81s)
step 9000/50000  loss 5.243  (92s)
step 10000/50000  loss 4.961  (102s)
step 11000/50000  loss 4.986  (112s)
step 12000/50000  loss 5.188  (122s)
step 13000/50000  loss 4.872  (132s)
step 14000/50000  loss 9.518  (142s)
step 15000/50000  loss 4.812  (152s)
step 16000/50000  loss 4.640  (162s)
step 17000/50000  loss 5.308  (172s)
step 18000/50000  loss 4.718  (182s)
step 19000/50000  loss 4.208  (192s)
step 20000/50000  loss 4.303  (202s)
step 21000/50000  loss 6.486  (213s)
step 22000/50000  loss 4.351  (223s)
step 23000/50000  loss 4.047  (233s)
step 24000/50000  loss 5.104  (243s)
step 25000/50000  loss 4.105  (253s)
step 26000/50000  loss 5.109  (263s)
step 27000/50000  loss 3.769  (273s)
step 28000/50000  loss 3.746  (283s)
step 29000/50000  loss 3.428  (293s)
step 30000/50000  loss 3.592  (303s)
step 31000/50000  loss 5.973  (313s)
step 32000/50000  loss 4.935  (323s)
step 33000/50000  loss 5.208  (334s)
step 34000/50000  loss 5.995  (344s)
step 35000/50000  loss 3.641  (354s)
step 36000/50000  loss 3.513  (364s)
step 37000/50000  loss 3.729  (374s)
step 38000/50000  loss 3.876  (384s)
step 39000/50000  loss 3.170  (395s)
step 40000/50000  loss 3.396  (405s)
step 41000/50000  loss 5.766  (415s)
step 42000/50000  loss 3.549  (425s)
step 43000/50000  loss 3.333  (435s)
step 44000/50000  loss 3.508  (445s)
step 45000/50000  loss 3.264  (455s)
step 46000/50000  loss 3.072  (466s)
step 47000/50000  loss 3.405  (476s)
step 48000/50000  loss 3.451  (486s)
step 49000/50000  loss 5.075  (496s)
step 50000/50000  loss 4.476  (506s)

=== OGB official evaluation ===
[valid] MRR 0.8320  hits@1 0.7673  hits@3 0.8786  hits@10 0.9474
leaderboard context: TransE 0.745, RotatE 0.799, DistMult 0.804, ComplEx 0.810, top ~0.86
