ogbl-biokg loaded in 6s: 93,773 entities (disease:10687, drug:10533, function:45085, protein:17499, sideeffect:9969), 51 relations, 4,762,678 train triples
sparse shell: row-sparse table grads, RowAdagrad lr 0.3, table fp32
params: 27,124,129 (M=144)
distill: 10 teachers (M=[144, 144, 144, 144, 144, 144, 144, 144, 144, 144]), w=1.0, T=2.0
step 1000/50000  loss 9.534  (11s)
step 2000/50000  loss 7.422  (21s)
step 3000/50000  loss 5.539  (31s)
step 4000/50000  loss 5.491  (41s)
step 5000/50000  loss 5.595  (51s)
step 6000/50000  loss 5.573  (62s)
step 7000/50000  loss 5.563  (72s)
step 8000/50000  loss 5.248  (82s)
step 9000/50000  loss 5.366  (92s)
step 10000/50000  loss 7.439  (102s)
step 11000/50000  loss 5.224  (112s)
step 12000/50000  loss 7.160  (122s)
step 13000/50000  loss 4.831  (133s)
step 14000/50000  loss 5.240  (143s)
step 15000/50000  loss 4.513  (153s)
step 16000/50000  loss 6.785  (163s)
step 17000/50000  loss 4.634  (173s)
step 18000/50000  loss 5.236  (183s)
step 19000/50000  loss 7.663  (193s)
step 20000/50000  loss 5.211  (203s)
step 21000/50000  loss 6.559  (213s)
step 22000/50000  loss 6.417  (223s)
step 23000/50000  loss 3.828  (233s)
step 24000/50000  loss 5.150  (243s)
step 25000/50000  loss 3.839  (253s)
step 26000/50000  loss 6.250  (263s)
step 27000/50000  loss 3.815  (274s)
step 28000/50000  loss 4.638  (284s)
step 29000/50000  loss 3.746  (294s)
step 30000/50000  loss 5.290  (304s)
step 31000/50000  loss 5.111  (314s)
step 32000/50000  loss 3.284  (324s)
step 33000/50000  loss 5.052  (334s)
step 34000/50000  loss 5.191  (344s)
step 35000/50000  loss 3.683  (354s)
step 36000/50000  loss 3.917  (364s)
step 37000/50000  loss 3.483  (375s)
step 38000/50000  loss 4.994  (385s)
step 39000/50000  loss 3.663  (395s)
step 40000/50000  loss 4.999  (405s)
step 41000/50000  loss 3.510  (415s)
step 42000/50000  loss 3.147  (425s)
step 43000/50000  loss 4.918  (435s)
step 44000/50000  loss 4.756  (446s)
step 45000/50000  loss 3.398  (456s)
step 46000/50000  loss 4.076  (466s)
step 47000/50000  loss 3.695  (476s)
step 48000/50000  loss 3.826  (486s)
step 49000/50000  loss 3.796  (496s)
step 50000/50000  loss 5.081  (506s)

=== OGB official evaluation ===
[valid] MRR 0.8319  hits@1 0.7673  hits@3 0.8784  hits@10 0.9470
leaderboard context: TransE 0.745, RotatE 0.799, DistMult 0.804, ComplEx 0.810, top ~0.86
