ogbl-biokg loaded in 7s: 93,773 entities (disease:10687, drug:10533, function:45085, protein:17499, sideeffect:9969), 51 relations, 4,762,678 train triples
sparse shell: row-sparse table grads, RowAdagrad lr 0.3, table fp32
params: 27,124,129 (M=144)
distill: 10 teachers (M=[144, 144, 144, 144, 144, 144, 144, 144, 144, 144]), w=1.0, T=2.0
step 1000/50000  loss 11.718  (10s)
step 2000/50000  loss 6.797  (21s)
step 3000/50000  loss 6.982  (31s)
step 4000/50000  loss 6.233  (41s)
step 5000/50000  loss 6.229  (51s)
step 6000/50000  loss 5.735  (61s)
step 7000/50000  loss 6.553  (71s)
step 8000/50000  loss 8.934  (81s)
step 9000/50000  loss 5.239  (92s)
step 10000/50000  loss 5.293  (102s)
step 11000/50000  loss 5.044  (112s)
step 12000/50000  loss 7.128  (122s)
step 13000/50000  loss 5.054  (132s)
step 14000/50000  loss 4.753  (142s)
step 15000/50000  loss 4.704  (152s)
step 16000/50000  loss 6.073  (162s)
step 17000/50000  loss 4.555  (172s)
step 18000/50000  loss 4.253  (183s)
step 19000/50000  loss 5.193  (193s)
step 20000/50000  loss 5.355  (203s)
step 21000/50000  loss 4.053  (213s)
step 22000/50000  loss 3.634  (223s)
step 23000/50000  loss 5.179  (233s)
step 24000/50000  loss 5.044  (243s)
step 25000/50000  loss 6.290  (253s)
step 26000/50000  loss 4.170  (264s)
step 27000/50000  loss 4.132  (274s)
step 28000/50000  loss 4.977  (284s)
step 29000/50000  loss 4.054  (294s)
step 30000/50000  loss 6.105  (304s)
step 31000/50000  loss 3.976  (314s)
step 32000/50000  loss 3.665  (325s)
step 33000/50000  loss 3.573  (335s)
step 34000/50000  loss 4.584  (345s)
step 35000/50000  loss 4.886  (355s)
step 36000/50000  loss 3.858  (365s)
step 37000/50000  loss 4.950  (375s)
step 38000/50000  loss 3.506  (385s)
step 39000/50000  loss 3.548  (395s)
step 40000/50000  loss 3.717  (405s)
step 41000/50000  loss 3.223  (415s)
step 42000/50000  loss 4.810  (425s)
step 43000/50000  loss 3.121  (435s)
step 44000/50000  loss 4.572  (445s)
step 45000/50000  loss 3.501  (456s)
step 46000/50000  loss 3.410  (466s)
step 47000/50000  loss 5.725  (476s)
step 48000/50000  loss 4.950  (486s)
step 49000/50000  loss 4.944  (496s)
step 50000/50000  loss 5.807  (506s)

=== OGB official evaluation ===
[valid] MRR 0.8323  hits@1 0.7678  hits@3 0.8790  hits@10 0.9470
leaderboard context: TransE 0.745, RotatE 0.799, DistMult 0.804, ComplEx 0.810, top ~0.86
