ogbl-biokg loaded in 10s: 93,773 entities (disease:10687, drug:10533, function:45085, protein:17499, sideeffect:9969), 51 relations, 4,762,678 train triples
sparse shell: row-sparse table grads, RowAdagrad lr 0.3, table fp32
params: 27,124,129 (M=144)
distill: 10 teachers (M=[144, 144, 144, 144, 144, 144, 144, 144, 144, 144]), w=1.0, T=2.0
step 1000/50000  loss 9.252  (92s)
step 2000/50000  loss 7.852  (185s)
step 3000/50000  loss 5.517  (275s)
step 4000/50000  loss 6.349  (352s)
step 5000/50000  loss 5.827  (409s)
step 6000/50000  loss 5.168  (468s)
step 7000/50000  loss 5.271  (525s)
step 8000/50000  loss 5.002  (581s)
step 9000/50000  loss 4.996  (638s)
step 10000/50000  loss 5.305  (695s)
step 11000/50000  loss 5.165  (752s)
step 12000/50000  loss 5.136  (808s)
step 13000/50000  loss 4.888  (864s)
step 14000/50000  loss 5.041  (920s)
step 15000/50000  loss 6.852  (977s)
step 16000/50000  loss 4.336  (1034s)
step 17000/50000  loss 6.709  (1092s)
step 18000/50000  loss 4.455  (1149s)
step 19000/50000  loss 4.405  (1206s)
step 20000/50000  loss 4.158  (1262s)
step 21000/50000  loss 5.054  (1319s)
step 22000/50000  loss 4.301  (1376s)
step 23000/50000  loss 3.926  (1433s)
step 24000/50000  loss 4.061  (1490s)
step 25000/50000  loss 3.942  (1546s)
step 26000/50000  loss 4.077  (1608s)
step 27000/50000  loss 3.459  (1670s)
step 28000/50000  loss 3.657  (1728s)
step 29000/50000  loss 5.039  (1786s)
step 30000/50000  loss 3.741  (1843s)
step 31000/50000  loss 4.982  (1901s)
step 32000/50000  loss 5.785  (1958s)
step 33000/50000  loss 3.712  (2014s)
step 34000/50000  loss 5.887  (2076s)
step 35000/50000  loss 3.527  (2136s)
step 36000/50000  loss 3.735  (2194s)
step 37000/50000  loss 3.434  (2252s)
step 38000/50000  loss 3.526  (2310s)
step 39000/50000  loss 5.170  (2367s)
step 40000/50000  loss 3.471  (2423s)
step 41000/50000  loss 3.407  (2480s)
step 42000/50000  loss 6.398  (2542s)
step 43000/50000  loss 3.734  (2602s)
step 44000/50000  loss 5.800  (2659s)
step 45000/50000  loss 3.475  (2716s)
step 46000/50000  loss 3.250  (2773s)
step 47000/50000  loss 4.540  (2830s)
step 48000/50000  loss 3.276  (2887s)
step 49000/50000  loss 6.337  (2944s)
step 50000/50000  loss 4.676  (3000s)

=== OGB official evaluation ===
[valid] MRR 0.8317  hits@1 0.7669  hits@3 0.8785  hits@10 0.9471
leaderboard context: TransE 0.745, RotatE 0.799, DistMult 0.804, ComplEx 0.810, top ~0.86
