ogbl-biokg loaded in 7s: 93,773 entities (disease:10687, drug:10533, function:45085, protein:17499, sideeffect:9969), 51 relations, 4,762,678 train triples
sparse shell: row-sparse table grads, RowAdagrad lr 0.3, table fp32
params: 27,124,129 (M=144)
distill: 10 teachers (M=[144, 144, 144, 144, 144, 144, 144, 144, 144, 144]), w=1.0, T=3.0
step 1000/50000  loss 10.547  (10s)
step 2000/50000  loss 6.382  (20s)
step 3000/50000  loss 10.301  (30s)
step 4000/50000  loss 6.176  (41s)
step 5000/50000  loss 5.533  (51s)
step 6000/50000  loss 5.728  (61s)
step 7000/50000  loss 5.300  (71s)
step 8000/50000  loss 5.461  (81s)
step 9000/50000  loss 7.280  (91s)
step 10000/50000  loss 5.018  (101s)
step 11000/50000  loss 4.683  (111s)
step 12000/50000  loss 5.312  (121s)
step 13000/50000  loss 4.831  (131s)
step 14000/50000  loss 4.346  (141s)
step 15000/50000  loss 4.529  (151s)
step 16000/50000  loss 6.746  (162s)
step 17000/50000  loss 4.166  (172s)
step 18000/50000  loss 5.116  (182s)
step 19000/50000  loss 5.067  (192s)
step 20000/50000  loss 4.485  (202s)
step 21000/50000  loss 4.132  (212s)
step 22000/50000  loss 5.255  (222s)
step 23000/50000  loss 4.965  (232s)
step 24000/50000  loss 6.216  (242s)
step 25000/50000  loss 4.310  (252s)
step 26000/50000  loss 4.992  (263s)
step 27000/50000  loss 4.172  (273s)
step 28000/50000  loss 3.871  (283s)
step 29000/50000  loss 3.790  (293s)
step 30000/50000  loss 3.388  (303s)
step 31000/50000  loss 6.046  (313s)
step 32000/50000  loss 3.507  (323s)
step 33000/50000  loss 4.925  (333s)
step 34000/50000  loss 3.636  (343s)
step 35000/50000  loss 4.862  (353s)
step 36000/50000  loss 4.925  (363s)
step 37000/50000  loss 4.746  (373s)
step 38000/50000  loss 5.051  (384s)
step 39000/50000  loss 3.753  (394s)
step 40000/50000  loss 4.893  (404s)
step 41000/50000  loss 3.453  (414s)
step 42000/50000  loss 3.538  (424s)
step 43000/50000  loss 5.734  (434s)
step 44000/50000  loss 3.593  (444s)
step 45000/50000  loss 4.838  (454s)
step 46000/50000  loss 4.952  (465s)
step 47000/50000  loss 3.401  (475s)
step 48000/50000  loss 3.286  (485s)
step 49000/50000  loss 3.243  (495s)
step 50000/50000  loss 3.309  (505s)

=== OGB official evaluation ===
[valid] MRR 0.8314  hits@1 0.7664  hits@3 0.8784  hits@10 0.9473
leaderboard context: TransE 0.745, RotatE 0.799, DistMult 0.804, ComplEx 0.810, top ~0.86
