ogbl-biokg loaded in 7s: 93,773 entities (disease:10687, drug:10533, function:45085, protein:17499, sideeffect:9969), 51 relations, 4,762,678 train triples
sparse shell: row-sparse table grads, RowAdagrad lr 0.3, table fp32
params: 27,124,129 (M=144)
distill: 10 teachers (M=[144, 144, 144, 144, 144, 144, 144, 144, 144, 144]), w=1.0, T=4.0
step 1000/50000  loss 10.140  (10s)
step 2000/50000  loss 7.351  (20s)
step 3000/50000  loss 9.554  (30s)
step 4000/50000  loss 5.921  (41s)
step 5000/50000  loss 5.421  (51s)
step 6000/50000  loss 5.567  (61s)
step 7000/50000  loss 5.240  (71s)
step 8000/50000  loss 5.623  (81s)
step 9000/50000  loss 7.244  (91s)
step 10000/50000  loss 4.964  (101s)
step 11000/50000  loss 4.646  (111s)
step 12000/50000  loss 5.445  (122s)
step 13000/50000  loss 4.756  (132s)
step 14000/50000  loss 4.272  (142s)
step 15000/50000  loss 4.470  (152s)
step 16000/50000  loss 6.744  (162s)
step 17000/50000  loss 4.123  (172s)
step 18000/50000  loss 5.248  (182s)
step 19000/50000  loss 5.089  (192s)
step 20000/50000  loss 4.464  (202s)
step 21000/50000  loss 4.111  (212s)
step 22000/50000  loss 5.235  (223s)
step 23000/50000  loss 5.069  (233s)
step 24000/50000  loss 6.028  (243s)
step 25000/50000  loss 4.304  (253s)
step 26000/50000  loss 5.039  (263s)
step 27000/50000  loss 4.173  (273s)
step 28000/50000  loss 3.859  (283s)
step 29000/50000  loss 3.782  (293s)
step 30000/50000  loss 3.379  (303s)
step 31000/50000  loss 6.053  (313s)
step 32000/50000  loss 3.503  (323s)
step 33000/50000  loss 4.955  (333s)
step 34000/50000  loss 3.638  (343s)
step 35000/50000  loss 4.896  (353s)
step 36000/50000  loss 4.952  (364s)
step 37000/50000  loss 4.770  (374s)
step 38000/50000  loss 5.072  (384s)
step 39000/50000  loss 3.754  (394s)
step 40000/50000  loss 4.901  (404s)
step 41000/50000  loss 3.448  (414s)
step 42000/50000  loss 3.533  (424s)
step 43000/50000  loss 5.735  (434s)
step 44000/50000  loss 3.590  (444s)
step 45000/50000  loss 4.851  (454s)
step 46000/50000  loss 4.960  (464s)
step 47000/50000  loss 3.398  (474s)
step 48000/50000  loss 3.278  (484s)
step 49000/50000  loss 3.242  (494s)
step 50000/50000  loss 3.303  (504s)

=== OGB official evaluation ===
[valid] MRR 0.8300  hits@1 0.7644  hits@3 0.8773  hits@10 0.9471
leaderboard context: TransE 0.745, RotatE 0.799, DistMult 0.804, ComplEx 0.810, top ~0.86
