WIKI_HOLDOUT=/root/resonate/wikikg2/holdout_wiki.npz: train -> 15,625,138 fit rows; holdout 484,044 rows (seed 36840, buckets >= 97)
ogbl-wikikg2 loaded in 22s: 2,500,604 entities, 535 relations, 15,625,138 train triples, valid 429,456, test 598,543
args: {'steps': 800000, 'batch': 2048, 'neg': 4096, 'k': 8, 'block_size': 64, 'ent_bias': False, 'rel_gain': False, 'opt': 'rowadagrad', 'lr': 0.005, 'table_lr': 0.6, 'table_sched': 'cosine', 'lam': 0.1, 'clip': 1.0, 'distill': [], 'distill_w': 1.0, 'distill_T': 1.0, 'rel_alpha': 1.0, 'n3': 0.0, 'table_dtype': 'fp32', 'comp': 0, 'comp_k': 8, 'comp_drop': 0.3, 'comp_lam': 1.0, 'comp_hubw': False, 'comp_gain': False, 'comp_free_min_deg': 0, 'rev_frac': 0.75, 'seed': 0, 'save': 'model_fit97_s0.pt', 'eval': 'valid', 'eval_only': False, 'probe_every': 100000, 'probe_size': 20000, 'ckpt_every': 100000, 'log_every': 50000, 'device': 'cuda', 'data_root': 'data_ogb'}
params: 328,842,753 (M=64, table 1.19 GB fp32)  opt=rowadagrad lr=0.005 table_lr=0.6 table_sched=cosine
step 50000/800000  loss 4.604  3.0 ms/step  tau 3.68  (149s)
step 100000/800000  loss 4.149  2.7 ms/step  tau 4.38  (283s)
[probe@100000] MRR 0.6522  hits@1 0.5886  hits@3 0.6812  hits@10 0.7727  (n=20,000, 0s)
step 150000/800000  loss 3.747  2.3 ms/step  tau 4.86  (401s)
step 200000/800000  loss 3.459  2.2 ms/step  tau 5.28  (510s)
[probe@200000] MRR 0.6708  hits@1 0.6066  hits@3 0.7006  hits@10 0.7942  (n=20,000, 0s)
step 250000/800000  loss 3.355  2.2 ms/step  tau 5.74  (621s)
step 300000/800000  loss 3.212  2.2 ms/step  tau 6.10  (731s)
[probe@300000] MRR 0.6825  hits@1 0.6180  hits@3 0.7126  hits@10 0.8082  (n=20,000, 0s)
step 350000/800000  loss 2.917  2.2 ms/step  tau 6.55  (841s)
step 400000/800000  loss 2.826  2.2 ms/step  tau 7.01  (951s)
[probe@400000] MRR 0.6901  hits@1 0.6252  hits@3 0.7211  hits@10 0.8164  (n=20,000, 0s)
step 450000/800000  loss 2.734  2.2 ms/step  tau 7.52  (1062s)
step 500000/800000  loss 2.646  2.2 ms/step  tau 8.17  (1172s)
[probe@500000] MRR 0.6940  hits@1 0.6293  hits@3 0.7237  hits@10 0.8200  (n=20,000, 0s)
step 550000/800000  loss 2.603  2.2 ms/step  tau 8.86  (1282s)
step 600000/800000  loss 2.633  2.2 ms/step  tau 9.63  (1392s)
[probe@600000] MRR 0.6970  hits@1 0.6320  hits@3 0.7274  hits@10 0.8244  (n=20,000, 0s)
step 650000/800000  loss 2.500  2.2 ms/step  tau 10.60  (1503s)
step 700000/800000  loss 2.420  2.2 ms/step  tau 11.71  (1613s)
[probe@700000] MRR 0.6992  hits@1 0.6338  hits@3 0.7305  hits@10 0.8280  (n=20,000, 0s)
step 750000/800000  loss 2.379  2.2 ms/step  tau 12.83  (1723s)
step 800000/800000  loss 2.319  2.2 ms/step  tau 13.20  (1833s)
[probe@800000] MRR 0.7001  hits@1 0.6342  hits@3 0.7313  hits@10 0.8296  (n=20,000, 0s)
saved model_fit97_s0.pt  (train 1834s)

=== OGB official evaluation (ogbl-wikikg2) ===
[valid] MRR 0.6994  hits@1 0.6332  hits@3 0.7313  hits@10 0.8290  (n=429,456, 2s)
leaderboard context (test MRR): RotatE 0.433, PairRE 0.521, AutoSF 0.546, TripleRE 0.579, ComplEx-RP 0.639, TranS 0.694, StarGraph+TripleRE 0.729, RelEns 0.739
