holdout: 484,044 rows x 2 directions; members (7):
          model_fit97_s0: holdout MRR alone 0.6639 (tail 0.9650 head 0.3628)
           analogy_f0_t3: holdout MRR alone 0.5394 (tail 0.9310 head 0.1478)
                 holders: holdout MRR alone 0.4725 (tail 0.8808 head 0.0643)
                   cn_aa: holdout MRR alone 0.1283 (tail 0.0951 head 0.1615)
                  linked: holdout MRR alone 0.0020 (tail 0.0020 head 0.0020)
                  cn3_aa: holdout MRR alone 0.4991 (tail 0.7110 head 0.2873)
                   typed: holdout MRR alone 0.2710 (tail 0.3507 head 0.1913)
guard   250: holdout cross-fit 0.8028 (folds 0.8030 0.8027)
guard   500: holdout cross-fit 0.8018 (folds 0.8021 0.8015)
guard  1000: holdout cross-fit 0.7998 (folds 0.8000 0.7995)
guard  2000: holdout cross-fit 0.7990 (folds 0.7993 0.7987)
holdout fit: guard 250, 192 local groups, in-sample holdout MRR 0.8039
holdout global/dir weights:
  tail: model_fit97_s0=+1.839 analogy_f0_t3=-0.137 holders=+0.256 cn_aa=+0.039 linked=-0.313 cn3_aa=+0.067 typed=+0.099
  head: model_fit97_s0=+2.456 analogy_f0_t3=-0.237 holders=-0.271 cn_aa=-0.029 linked=-4.038 cn3_aa=+0.154 typed=+0.059

HOLDOUT-FIT combiner on FULL validation (official Evaluator): MRR 0.6874  hits@1 0.6136 hits@3 0.7291 hits@10 0.8303  (tail 0.9385 head 0.4362; 860 rows on direction fallback)

on the held-out half of validation (seed 0, 214,447 triples):
  row                                                        MRR    tail    head
  model alone                                             0.7042  0.9511  0.4574
  selection blend (fit other half)                        0.7450  0.9608  0.5291
  learned combiner (fit other half, validation labels)    0.7740  0.9664  0.5816
  HOLDOUT-FIT combiner (no validation fit)                0.6876  0.9381  0.4371

GATE: combiner gain over selection +0.0290; holdout-fit keeps -198% of it; bar 0.7595 -> FAIL
validation-fit global/dir weights (for comparison, not used):
  tail: model_wiki_s0.bf16=+1.749 analogy_s0_t3=+0.163 holders=+0.057 cn_aa=+0.176 linked=+0.280 cn3_aa=+0.074 typed=+0.120
  head: model_wiki_s0.bf16=+1.660 analogy_s0_t3=+0.429 holders=-0.485 cn_aa=+0.055 linked=+0.129 cn3_aa=+0.010 typed=+0.164
HC1_DONE wiki_s0
