members (9): model_cp3_k4096_w4_full, analogy_w4f_t3, holders, cn_aa, linked, cn3_aa, typed, rev_raw_w4f, rev_nov_w4f  min_rows=250
  model_cp3_k4096_w4_full: valid MRR alone 0.7072  (tail 0.9581 head 0.4562)
  analogy_w4f_t3: valid MRR alone 0.4928  (tail 0.8467 head 0.1390)
  holders: valid MRR alone 0.4250  (tail 0.7999 head 0.0502)
  cn_aa: valid MRR alone 0.1643  (tail 0.0957 head 0.2330)
  linked: valid MRR alone 0.0921  (tail 0.0936 head 0.0906)
  cn3_aa: valid MRR alone 0.3619  (tail 0.5015 head 0.2224)
  typed: valid MRR alone 0.3699  (tail 0.4806 head 0.2592)
  rev_raw_w4f: valid MRR alone 0.6096  (tail 0.7885 head 0.4307)
  rev_nov_w4f: valid MRR alone 0.3129  (tail 0.3979 head 0.2278)
SEL1 rich candidate family on
global choice on fit rows: model+6@0.25 (0.7233)
direction tail choice: soft20 (0.9601)
direction head choice: soft10 (0.5200)
groups with local weights: 164/726
frozen weights on full valid (in-sample): 0.7675
weights frozen -> results/tr1/frozen_E_s1.npz
  fallback weights applied to 9,176 rows of unseen (relation, direction) groups

================= COMMITTED TEST RESULT (wikikg2) ==============
official Evaluator test MRR: 0.7116
  by direction: tail 0.9621  head 0.4610
hits@1: 0.6450
hits@3: 0.7433
hits@10: 0.8429
