members (9): model_cp3s4_w4_full, analogy_c4_t3, holders, cn_aa, linked, cn3_aa, typed, rev_raw_c4, rev_nov_c4  min_rows=250
  model_cp3s4_w4_full: valid MRR alone 0.7070  (tail 0.9575 head 0.4565)
  analogy_c4_t3: valid MRR alone 0.4896  (tail 0.8460 head 0.1331)
  holders: valid MRR alone 0.4250  (tail 0.7999 head 0.0502)
  cn_aa: valid MRR alone 0.1643  (tail 0.0957 head 0.2330)
  linked: valid MRR alone 0.0921  (tail 0.0936 head 0.0906)
  cn3_aa: valid MRR alone 0.3619  (tail 0.5015 head 0.2224)
  typed: valid MRR alone 0.3699  (tail 0.4806 head 0.2592)
  rev_raw_c4: valid MRR alone 0.6137  (tail 0.7928 head 0.4346)
  rev_nov_c4: valid MRR alone 0.3141  (tail 0.3998 head 0.2284)
SEL1 rich candidate family on
global choice on fit rows: model+6@0.25 (0.7226)
direction tail choice: soft20 (0.9601)
direction head choice: soft10 (0.5201)
groups with local weights: 157/726
frozen weights on full valid (in-sample): 0.7681
weights frozen -> results/tr1/frozen_E_s4.npz
  fallback weights applied to 9,176 rows of unseen (relation, direction) groups

================= COMMITTED TEST RESULT (wikikg2) ==============
official Evaluator test MRR: 0.7090
  by direction: tail 0.9560  head 0.4619
hits@1: 0.6436
hits@3: 0.7390
hits@10: 0.8379
