members (9): model_cp3s5_w4_full, analogy_c5_t3, holders, cn_aa, linked, cn3_aa, typed, rev_raw_c5, rev_nov_c5  min_rows=250
  model_cp3s5_w4_full: valid MRR alone 0.7074  (tail 0.9576 head 0.4571)
  analogy_c5_t3: valid MRR alone 0.4892  (tail 0.8468 head 0.1315)
  holders: valid MRR alone 0.4250  (tail 0.7999 head 0.0502)
  cn_aa: valid MRR alone 0.1643  (tail 0.0957 head 0.2330)
  linked: valid MRR alone 0.0921  (tail 0.0936 head 0.0906)
  cn3_aa: valid MRR alone 0.3619  (tail 0.5015 head 0.2224)
  typed: valid MRR alone 0.3699  (tail 0.4806 head 0.2592)
  rev_raw_c5: valid MRR alone 0.6152  (tail 0.7942 head 0.4363)
  rev_nov_c5: valid MRR alone 0.3150  (tail 0.4020 head 0.2280)
SEL1 rich candidate family on
global choice on fit rows: model+6@0.25 (0.7226)
direction tail choice: soft20 (0.9595)
direction head choice: soft10 (0.5210)
groups with local weights: 155/726
frozen weights on full valid (in-sample): 0.7665
weights frozen -> results/tr1/frozen_E_s5.npz
  fallback weights applied to 9,176 rows of unseen (relation, direction) groups

================= COMMITTED TEST RESULT (wikikg2) ==============
official Evaluator test MRR: 0.7105
  by direction: tail 0.9576  head 0.4634
hits@1: 0.6454
hits@3: 0.7405
hits@10: 0.8391
