members (9): model_cp3s7_w4_full, analogy_c7_t3, holders, cn_aa, linked, cn3_aa, typed, rev_raw_c7, rev_nov_c7  min_rows=250
  model_cp3s7_w4_full: valid MRR alone 0.7072  (tail 0.9574 head 0.4570)
  analogy_c7_t3: valid MRR alone 0.4876  (tail 0.8467 head 0.1286)
  holders: valid MRR alone 0.4250  (tail 0.7999 head 0.0502)
  cn_aa: valid MRR alone 0.1643  (tail 0.0957 head 0.2330)
  linked: valid MRR alone 0.0921  (tail 0.0936 head 0.0906)
  cn3_aa: valid MRR alone 0.3619  (tail 0.5015 head 0.2224)
  typed: valid MRR alone 0.3703  (tail 0.4806 head 0.2600)
  rev_raw_c7: valid MRR alone 0.6141  (tail 0.7934 head 0.4349)
  rev_nov_c7: valid MRR alone 0.3146  (tail 0.4002 head 0.2290)
SEL1 rich candidate family on
global choice on fit rows: model+6@0.25 (0.7232)
direction tail choice: soft20 (0.9595)
direction head choice: soft10 (0.5211)
groups with local weights: 157/726
frozen weights on full valid (in-sample): 0.7661
weights frozen -> results/tr1/frozen_E_s7.npz
  fallback weights applied to 9,176 rows of unseen (relation, direction) groups

================= COMMITTED TEST RESULT (wikikg2) ==============
official Evaluator test MRR: 0.7083
  by direction: tail 0.9567  head 0.4599
hits@1: 0.6434
hits@3: 0.7388
hits@10: 0.8355
