members (9): model_cp3s8_w4_full, analogy_c8_t3, holders, cn_aa, linked, cn3_aa, typed, rev_raw_c8, rev_nov_c8  min_rows=250
  model_cp3s8_w4_full: valid MRR alone 0.7073  (tail 0.9584 head 0.4561)
  analogy_c8_t3: valid MRR alone 0.4923  (tail 0.8470 head 0.1376)
  holders: valid MRR alone 0.4250  (tail 0.7999 head 0.0502)
  cn_aa: valid MRR alone 0.1643  (tail 0.0957 head 0.2330)
  linked: valid MRR alone 0.0921  (tail 0.0936 head 0.0906)
  cn3_aa: valid MRR alone 0.3619  (tail 0.5015 head 0.2224)
  typed: valid MRR alone 0.3699  (tail 0.4806 head 0.2592)
  rev_raw_c8: valid MRR alone 0.6152  (tail 0.7927 head 0.4377)
  rev_nov_c8: valid MRR alone 0.3146  (tail 0.3995 head 0.2298)
SEL1 rich candidate family on
global choice on fit rows: model+6@0.25 (0.7232)
direction tail choice: soft20 (0.9606)
direction head choice: soft10 (0.5201)
groups with local weights: 158/726
frozen weights on full valid (in-sample): 0.7686
weights frozen -> results/tr1/frozen_E_s8.npz
  fallback weights applied to 9,176 rows of unseen (relation, direction) groups

================= COMMITTED TEST RESULT (wikikg2) ==============
official Evaluator test MRR: 0.7087
  by direction: tail 0.9570  head 0.4604
hits@1: 0.6437
hits@3: 0.7388
hits@10: 0.8367
