members (9): model_cp3s9_w4_full, analogy_c9_t3, holders, cn_aa, linked, cn3_aa, typed, rev_raw_c9, rev_nov_c9  min_rows=250
  model_cp3s9_w4_full: valid MRR alone 0.7083  (tail 0.9584 head 0.4582)
  analogy_c9_t3: valid MRR alone 0.4885  (tail 0.8468 head 0.1302)
  holders: valid MRR alone 0.4250  (tail 0.7999 head 0.0502)
  cn_aa: valid MRR alone 0.1643  (tail 0.0957 head 0.2330)
  linked: valid MRR alone 0.0921  (tail 0.0936 head 0.0906)
  cn3_aa: valid MRR alone 0.3619  (tail 0.5015 head 0.2224)
  typed: valid MRR alone 0.3703  (tail 0.4806 head 0.2600)
  rev_raw_c9: valid MRR alone 0.6122  (tail 0.7895 head 0.4350)
  rev_nov_c9: valid MRR alone 0.3158  (tail 0.4014 head 0.2302)
SEL1 rich candidate family on
global choice on fit rows: model+6@0.25 (0.7242)
direction tail choice: soft20 (0.9607)
direction head choice: soft10 (0.5209)
groups with local weights: 154/726
frozen weights on full valid (in-sample): 0.7657
weights frozen -> results/tr1/frozen_E_s9.npz
  fallback weights applied to 9,176 rows of unseen (relation, direction) groups

================= COMMITTED TEST RESULT (wikikg2) ==============
official Evaluator test MRR: 0.7107
  by direction: tail 0.9585  head 0.4628
hits@1: 0.6455
hits@3: 0.7408
hits@10: 0.8391
