ogbl-biokg loaded in 6s: 93,773 entities (disease:10687, drug:10533, function:45085, protein:17499, sideeffect:9969), 51 relations, 4,762,678 train triples
sparse shell: row-sparse table grads, RowAdagrad lr 0.3, table fp32
params: 27,359,137 (M=144)
relation correction: rank 4, within blocks (control)
step 1000/12500  loss 8.416  (19s)
step 2000/12500  loss 5.411  (38s)
step 3000/12500  loss 7.711  (56s)
step 4000/12500  loss 4.846  (74s)
step 5000/12500  loss 4.432  (92s)
step 6000/12500  loss 4.449  (112s)
step 7000/12500  loss 4.276  (130s)
step 8000/12500  loss 5.204  (150s)
step 9000/12500  loss 6.285  (169s)
step 10000/12500  loss 3.934  (190s)
step 11000/12500  loss 3.563  (211s)
step 12000/12500  loss 5.036  (230s)
step 12500/12500  loss 4.843  (240s)

=== OGB official evaluation ===
[valid] MRR 0.7832  hits@1 0.7048  hits@3 0.8373  hits@10 0.9260
leaderboard context: TransE 0.745, RotatE 0.799, DistMult 0.804, ComplEx 0.810, top ~0.86
