row weights: hc3_weights.npy, ESS 269,582 of 484,833 triples
holdout: 484,833 rows x 2 directions; members (7):
         model_fit97r_s0: holdout MRR alone 0.6766 (tail 0.9752 head 0.3779)
          analogy_f0r_t3: holdout MRR alone 0.5401 (tail 0.9317 head 0.1484)
                 holders: holdout MRR alone 0.4725 (tail 0.8808 head 0.0642)
                   cn_aa: holdout MRR alone 0.1290 (tail 0.0952 head 0.1628)
                  linked: holdout MRR alone 0.1018 (tail 0.1041 head 0.0996)
                  cn3_aa: holdout MRR alone 0.4958 (tail 0.7031 head 0.2885)
                   typed: holdout MRR alone 0.2725 (tail 0.3520 head 0.1929)
guard   250: holdout cross-fit 0.8429 (folds 0.8424 0.8434)
guard   500: holdout cross-fit 0.8416 (folds 0.8410 0.8422)
guard  1000: holdout cross-fit 0.8374 (folds 0.8369 0.8378)
guard  2000: holdout cross-fit 0.8313 (folds 0.8309 0.8317)
holdout fit: guard 250, 198 local groups, in-sample holdout MRR 0.8062
holdout global/dir weights:
  tail: model_fit97r_s0=+1.753 analogy_f0r_t3=+0.024 holders=+0.133 cn_aa=+0.081 linked=+0.196 cn3_aa=+0.099 typed=+0.090
  head: model_fit97r_s0=+1.779 analogy_f0r_t3=+0.055 holders=-0.208 cn_aa=+0.021 linked=-0.223 cn3_aa=+0.116 typed=+0.060

HOLDOUT-FIT combiner on FULL validation (official Evaluator): MRR 0.7313  hits@1 0.6589 hits@3 0.7724 hits@10 0.8729  (tail 0.9660 head 0.4966; 1,682 rows on direction fallback)

on the held-out half of validation (seed 0, 214,447 triples):
  row                                                        MRR    tail    head
  model alone                                             0.7186  0.9616  0.4755
  selection blend (fit other half)                        0.7542  0.9664  0.5421
  learned combiner (fit other half, validation labels)    0.7826  0.9704  0.5949
  HOLDOUT-FIT combiner (no validation fit)                0.7315  0.9658  0.4972

GATE: combiner gain over selection +0.0284; holdout-fit keeps -80% of it; bar 0.7684 -> FAIL
validation-fit global/dir weights (for comparison, not used):
  tail: model_dist_s1.bf16=+1.736 analogy_d1_t3=+0.200 holders=-0.029 cn_aa=+0.152 linked=+0.271 cn3_aa=+0.060 typed=+0.108
  head: model_dist_s1.bf16=+1.704 analogy_d1_t3=+0.244 holders=-0.317 cn_aa=+0.054 linked=+0.123 cn3_aa=-0.016 typed=+0.159
HC1_DONE dist_s1
