Installed 31 packages in 553ms
{"stage": "environment_verified", "python": "3.12.3 (main, Jul 15 2026, 23:46:41) [GCC 13.3.0]", "torch": "2.11.0+cu128", "numpy": "2.5.2", "cuda": "12.8", "gpu": "NVIDIA GeForce RTX 5090"}
................................
----------------------------------------------------------------------
Ran 32 tests in 1.849s

OK
{"stage": "environment_verified", "python": "3.12.3 (main, Jul 15 2026, 23:46:41) [GCC 13.3.0]", "torch": "2.11.0+cu128", "numpy": "2.5.2", "cuda": "12.8", "gpu": "NVIDIA GeForce RTX 5090"}
{"stage": "pilot_complete", "passed": true, "receipt": {"spec": {"protocol": "H37", "steps": 50000, "seed": 0, "stream_seed": 0, "batch": 2048, "negatives": 4096, "epsilon": 1e-06, "k": 12, "block_size": 4, "trajectory": 0.1, "adam_lr": 0.005, "table_lr": 0.3, "probe_seed": 36852, "probe_rows": 1024, "probe_every": 5000, "evaluation_seed": 36853, "bootstrap_seed": 36854, "eval_chunk": 256, "cpu_threads": 4, "pilot_seed": 37055, "pilot_max_pair_seconds": 0.02, "pilot_max_allocated_bytes": 8589934592, "train_max_seconds": 1800}, "source_sha256": {"resonate.py": "b859bf43409d32da1b312c8bb2fe67da2832c46b4584ab2b27de485ade41057e", "resonate_wiki.py": "ac8ce8763f6f009634d7617755e2bbcc885e96387d54fa5a0af79473c83c6697", "rowadagrad.py": "de8afd9919f7478b3ab06d75846991afa92aeb412d3be5dc2b4549737aded115", "biokg/masked_neighborhood.py": "fbdcb598ac50cc5aeb99c6c931f030f453c1c0893408112e43ba230b943467ba", "biokg/masked_neighborhood_run.py": "d03775f0d0f957e4123373b1756e678454fab57e6984d7a1d4ba37a6ff5b86b0", "biokg/test_masked_neighborhood.py": "94ae9d7824e6eaf24d2e38ead9d124f8807d8313376aa40d15a0fd3761ae4636", "biokg/squared_operator.py": "71e4a802400670ae75add8a26ba93a1d88daba2ec3fa6328357af581a22ac39e", "biokg/squared_operator_run.py": "a1ce9444851120df502e96c09832b9d6a286d41f631cff1ab62867b5189b4b3a", "biokg/test_squared_operator.py": "a8d9f3faea95ca16655489192d80ffa36b6a0587c8cc68ceff5ff252a529d8bc", "biokg/H37.md": "ea92880297d3a27c62beaa2e427f0e184fd920528ba10ceb05ac1a95af666652", "biokg/run_h37_vast.py": "19ea8e8f602ce9c837ae7742eb743a61ee3a0f5b4d5b186a0f8a9e3fb628951a", "biokg/scripts/run_h37.sh": "93fb829513a1a6b7763b4b26575bd145b31fe2d254921fb0ca3ad850d3df484d", "biokg/scripts/h37.supervisor.conf": "f29f0c04cd2cab0c5b773cbae41ecafa715a00fae91e1e5a2cb267ed161c6d42"}, "torch": "2.11.0+cu128", "numpy": "2.5.2", "cuda": "12.8", "gpu": "NVIDIA GeForce RTX 5090", "cpu_threads": 4, "tf32": false}, "real_data_loaded": false, "explicit_probability_gradient_check_passed": true, "largest_eligible_type": 45085, "timed_paired_steps": 40, "seconds_per_pair_blocks": [0.007055349049915094, 0.00719271919952007], "peak_allocated_bytes": 595214336, "parameters_each": 27124129, "finite": true, "ideal_training_seconds": 359.6359599760035}
{"stage": "environment_verified", "python": "3.12.3 (main, Jul 15 2026, 23:46:41) [GCC 13.3.0]", "torch": "2.11.0+cu128", "numpy": "2.5.2", "cuda": "12.8", "gpu": "NVIDIA GeForce RTX 5090"}
{"stage": "fresh_pair_verified", "initial_model": "8c2a76c926cbc0133c97a8f6f208db705a9c27261a9c67c994166d1ff53bc6f0", "initial_optimizer": "bd4a3999cf86b1ff44fcf9fbf61351d0d1c8b3dc961b9aa69e7fe68f5fe0fac9", "independent_storage": true, "parameters_each": 27124129, "holdout_opened": false, "adam_lr": 0.005, "table_lr": 0.3, "seconds": 2.948991035009385}
{"stage": "paired_training", "step": 1000, "steps": 50000, "adam_lr": 0.00499507667925734, "table_lr": 0.2997046007554405, "losses": {"linear": {"loss": 5.671302318572998, "ce": 4.752871513366699, "trajectory": 9.184309005737305, "context_rows": 0}, "squared": {"loss": 15.684865951538086, "nll": 9.869888305664062, "trajectory": 58.14977264404297, "eligible_entities": 17499, "positive_negative_dot_fraction": 0.49755859375, "mean_epsilon_denominator_share": 0.056586913764476776, "tau": 0.00991917960345745}}, "fit_probe_mrr": {"linear": "not_evaluated_yet", "squared": "not_evaluated_yet"}, "seconds": 10.405760050009121}
Traceback (most recent call last):
  File "<frozen runpy>", line 198, in _run_module_as_main
  File "<frozen runpy>", line 88, in _run_code
  File "/workspace/biokg_h37/biokg/squared_operator_run.py", line 363, in <module>
    main()
  File "/workspace/biokg_h37/biokg/squared_operator_run.py", line 359, in main
    train(root, data, out, pilot_path)
  File "/workspace/biokg_h37/biokg/squared_operator_run.py", line 204, in train
    value, parts = update(m, oo, batch, support)
                   ^^^^^^^^^^^^^^^^^^^^^^^^^^^^^
  File "/workspace/biokg_h37/biokg/squared_operator.py", line 111, in update
    raise RuntimeError('Nonfinite H37 gradients')
RuntimeError: Nonfinite H37 gradients
