ogbl-wikikg2 loaded in 29s: 2,500,604 entities, 535 relations, 16,109,182 train triples, valid 429,456, test 598,543
args: {'steps': 400000, 'batch': 2048, 'neg': 4096, 'k': 8, 'block_size': 64, 'ent_bias': False, 'rel_gain': False, 'opt': 'rowadagrad', 'lr': 0.005, 'table_lr': 0.6, 'table_sched': 'cosine', 'lam': 0.1, 'clip': 1.0, 'distill': ['teachers/model_wiki_s0.bf16.pt', 'teachers/model_wiki_s1.bf16.pt', 'teachers/model_wiki_s2.bf16.pt', 'teachers/model_wiki_s3.bf16.pt', 'teachers/model_wiki_s4.bf16.pt', 'teachers/model_wiki_s5.bf16.pt', 'teachers/model_wiki_s6.bf16.pt', 'teachers/model_wiki_s7.bf16.pt', 'teachers/model_wiki_s8.bf16.pt', 'teachers/model_wiki_s9.bf16.pt'], 'distill_w': 1.0, 'distill_T': 2.0, 'rel_alpha': 1.0, 'n3': 0.0, 'table_dtype': 'fp32', 'comp': 0, 'comp_k': 8, 'comp_drop': 0.3, 'comp_lam': 1.0, 'comp_hubw': False, 'comp_gain': False, 'comp_free_min_deg': 0, 'rev_frac': 0.75, 'seed': 2, 'save': 'model_dist_s2.pt', 'eval': 'both', 'eval_only': False, 'probe_every': 100000, 'probe_size': 20000, 'ckpt_every': 0, 'log_every': 50000, 'device': 'cuda', 'data_root': 'data_ogb'}
params: 328,842,753 (M=64, table 1.19 GB fp32)  opt=rowadagrad lr=0.005 table_lr=0.6 table_sched=cosine
distill: 10 teachers (bf16 tables), w=1.0, T=2.0
step 50000/400000  loss 6.389  7.6 ms/step  tau 4.62  (379s)
step 100000/400000  loss 5.068  7.6 ms/step  tau 5.52  (758s)
[probe@100000] MRR 0.7016  hits@1 0.6342  hits@3 0.7330  hits@10 0.8341  (n=20,000, 0s)
step 150000/400000  loss 4.288  7.6 ms/step  tau 6.35  (1137s)
step 200000/400000  loss 3.642  7.6 ms/step  tau 7.22  (1515s)
[probe@200000] MRR 0.7130  hits@1 0.6456  hits@3 0.7443  hits@10 0.8470  (n=20,000, 0s)
step 250000/400000  loss 3.247  7.6 ms/step  tau 8.09  (1894s)
step 300000/400000  loss 3.000  7.6 ms/step  tau 8.79  (2272s)
[probe@300000] MRR 0.7169  hits@1 0.6507  hits@3 0.7476  hits@10 0.8508  (n=20,000, 0s)
step 350000/400000  loss 2.883  7.6 ms/step  tau 9.15  (2651s)
step 400000/400000  loss 2.859  7.6 ms/step  tau 9.23  (3030s)
[probe@400000] MRR 0.7179  hits@1 0.6518  hits@3 0.7485  hits@10 0.8520  (n=20,000, 0s)
saved model_dist_s2.pt  (train 3031s)

=== OGB official evaluation (ogbl-wikikg2) ===
[valid] MRR 0.7188  hits@1 0.6521  hits@3 0.7510  hits@10 0.8521  (n=429,456, 2s)
[test] MRR 0.6852  hits@1 0.6173  hits@3 0.7156  hits@10 0.8210  (n=598,543, 3s)
leaderboard context (test MRR): RotatE 0.433, PairRE 0.521, AutoSF 0.546, TripleRE 0.579, ComplEx-RP 0.639, TranS 0.694, StarGraph+TripleRE 0.729, RelEns 0.739
