ogbl-wikikg2 loaded in 38s: 2,500,604 entities, 535 relations, 16,109,182 train triples, valid 429,456, test 598,543
args: {'steps': 400000, 'batch': 2048, 'neg': 4096, 'k': 8, 'block_size': 64, 'ent_bias': False, 'rel_gain': False, 'opt': 'rowadagrad', 'lr': 0.005, 'table_lr': 0.6, 'table_sched': 'cosine', 'lam': 0.1, 'clip': 1.0, 'distill': ['teachers/model_wiki_s0.bf16.pt', 'teachers/model_wiki_s1.bf16.pt', 'teachers/model_wiki_s2.bf16.pt', 'teachers/model_wiki_s3.bf16.pt', 'teachers/model_wiki_s4.bf16.pt', 'teachers/model_wiki_s5.bf16.pt', 'teachers/model_wiki_s6.bf16.pt', 'teachers/model_wiki_s7.bf16.pt', 'teachers/model_wiki_s8.bf16.pt', 'teachers/model_wiki_s9.bf16.pt'], 'distill_w': 1.0, 'distill_T': 2.0, 'rel_alpha': 1.0, 'n3': 0.0, 'table_dtype': 'fp32', 'comp': 0, 'comp_k': 8, 'comp_drop': 0.3, 'comp_lam': 1.0, 'comp_gain': False, 'comp_free_min_deg': 0, 'rev_frac': 0.75, 'seed': 7, 'save': 'model_dist_s7.pt', 'eval': 'both', 'eval_only': False, 'probe_every': 100000, 'probe_size': 20000, 'ckpt_every': 100000, 'log_every': 50000, 'device': 'cuda', 'data_root': 'data_ogb'}
params: 328,842,753 (M=64, table 1.19 GB fp32)  opt=rowadagrad lr=0.005 table_lr=0.6 table_sched=cosine
distill: 10 teachers (bf16 tables), w=1.0, T=2.0
step 50000/400000  loss 6.347  9.1 ms/step  tau 4.61  (457s)
step 100000/400000  loss 5.123  8.9 ms/step  tau 5.53  (902s)
[probe@100000] MRR 0.7018  hits@1 0.6339  hits@3 0.7340  hits@10 0.8357  (n=20,000, 0s)
step 150000/400000  loss 4.230  9.3 ms/step  tau 6.34  (1368s)
step 200000/400000  loss 3.581  9.2 ms/step  tau 7.20  (1829s)
[probe@200000] MRR 0.7121  hits@1 0.6440  hits@3 0.7452  hits@10 0.8468  (n=20,000, 0s)
step 250000/400000  loss 3.384  8.5 ms/step  tau 8.10  (2257s)
step 300000/400000  loss 3.018  9.0 ms/step  tau 8.79  (2705s)
[probe@300000] MRR 0.7173  hits@1 0.6500  hits@3 0.7504  hits@10 0.8507  (n=20,000, 0s)
step 350000/400000  loss 2.893  9.0 ms/step  tau 9.16  (3154s)
step 400000/400000  loss 2.851  9.1 ms/step  tau 9.23  (3609s)
[probe@400000] MRR 0.7180  hits@1 0.6507  hits@3 0.7515  hits@10 0.8510  (n=20,000, 0s)
saved model_dist_s7.pt  (train 3611s)

=== OGB official evaluation (ogbl-wikikg2) ===
[valid] MRR 0.7189  hits@1 0.6519  hits@3 0.7514  hits@10 0.8521  (n=429,456, 3s)
[test] MRR 0.6853  hits@1 0.6181  hits@3 0.7156  hits@10 0.8184  (n=598,543, 4s)
leaderboard context (test MRR): RotatE 0.433, PairRE 0.521, AutoSF 0.546, TripleRE 0.579, ComplEx-RP 0.639, TranS 0.694, StarGraph+TripleRE 0.729, RelEns 0.739
