distill: 10 teachers (bf16 tables), w=1.0, T=2.0
[valid] MRR 0.7196  hits@1 0.6527  hits@3 0.7519  hits@10 0.8529  (n=429,456, 3s)
[test] MRR 0.6860  hits@1 0.6179  hits@3 0.7165  hits@10 0.8218  (n=598,543, 4s)
model_dist_s9: valid MRR(f16) 0.7194 -> ens_cache/model_dist_s9.valid.npz
analogy_d9: valid MRR alone 0.4877 (positive has holders on 55% of rows) -> ens_cache/analogy_d9.valid.npz
analogy_d9_t3: valid MRR alone 0.4898 (positive has holders on 55% of rows) -> ens_cache/analogy_d9_t3.valid.npz
holders: valid MRR alone 0.4250 (positive has holders on 55% of rows) -> ens_cache/holders.valid.npz
analogy_d9_aug: valid MRR alone 0.4889 (positive has holders on 58% of rows) -> ens_cache/analogy_d9_aug.valid.npz
analogy_d9_t3_aug: valid MRR alone 0.4910 (positive has holders on 58% of rows) -> ens_cache/analogy_d9_t3_aug.valid.npz
holders_aug: valid MRR alone 0.4250 (positive has holders on 58% of rows) -> ens_cache/holders_aug.valid.npz
model_dist_s9: test scores cached (MRR not computed) -> ens_cache/model_dist_s9.test.npz
analogy_d9: test features cached (MRR not computed; positive has holders on 51% of rows) -> ens_cache/analogy_d9.test.npz
analogy_d9_t3: test features cached (MRR not computed; positive has holders on 51% of rows) -> ens_cache/analogy_d9_t3.test.npz
holders: test features cached (MRR not computed; positive has holders on 51% of rows) -> ens_cache/holders.test.npz
analogy_d9_aug: test features cached (MRR not computed; positive has holders on 53% of rows) -> ens_cache/analogy_d9_aug.test.npz
analogy_d9_t3_aug: test features cached (MRR not computed; positive has holders on 53% of rows) -> ens_cache/analogy_d9_t3_aug.test.npz
holders_aug: test features cached (MRR not computed; positive has holders on 53% of rows) -> ens_cache/holders_aug.test.npz
learned freeze: 138 local groups; in-sample valid 0.7878
official Evaluator test MRR: 0.7323
  by direction: tail 0.9578  head 0.5067
