distill: 10 teachers (bf16 tables), w=1.0, T=2.0
[valid] MRR 0.7189  hits@1 0.6519  hits@3 0.7514  hits@10 0.8521  (n=429,456, 3s)
[test] MRR 0.6853  hits@1 0.6181  hits@3 0.7156  hits@10 0.8184  (n=598,543, 4s)
model_dist_s7: valid MRR(f16) 0.7187 -> ens_cache/model_dist_s7.valid.npz
analogy_d7: valid MRR alone 0.4927 (positive has holders on 55% of rows) -> ens_cache/analogy_d7.valid.npz
analogy_d7_t3: valid MRR alone 0.4948 (positive has holders on 55% of rows) -> ens_cache/analogy_d7_t3.valid.npz
holders: valid MRR alone 0.4250 (positive has holders on 55% of rows) -> ens_cache/holders.valid.npz
analogy_d7_aug: valid MRR alone 0.4940 (positive has holders on 58% of rows) -> ens_cache/analogy_d7_aug.valid.npz
analogy_d7_t3_aug: valid MRR alone 0.4961 (positive has holders on 58% of rows) -> ens_cache/analogy_d7_t3_aug.valid.npz
holders_aug: valid MRR alone 0.4250 (positive has holders on 58% of rows) -> ens_cache/holders_aug.valid.npz
model_dist_s7: test scores cached (MRR not computed) -> ens_cache/model_dist_s7.test.npz
analogy_d7: test features cached (MRR not computed; positive has holders on 51% of rows) -> ens_cache/analogy_d7.test.npz
analogy_d7_t3: test features cached (MRR not computed; positive has holders on 51% of rows) -> ens_cache/analogy_d7_t3.test.npz
holders: test features cached (MRR not computed; positive has holders on 51% of rows) -> ens_cache/holders.test.npz
analogy_d7_aug: test features cached (MRR not computed; positive has holders on 53% of rows) -> ens_cache/analogy_d7_aug.test.npz
analogy_d7_t3_aug: test features cached (MRR not computed; positive has holders on 53% of rows) -> ens_cache/analogy_d7_t3_aug.test.npz
holders_aug: test features cached (MRR not computed; positive has holders on 53% of rows) -> ens_cache/holders_aug.test.npz
learned freeze: 138 local groups; in-sample valid 0.7882
official Evaluator test MRR: 0.7310
  by direction: tail 0.9556  head 0.5064
