distill: 10 teachers (bf16 tables), w=1.0, T=2.0
[valid] MRR 0.7196  hits@1 0.6528  hits@3 0.7517  hits@10 0.8528  (n=429,456, 3s)
[test] MRR 0.6853  hits@1 0.6177  hits@3 0.7157  hits@10 0.8190  (n=598,543, 4s)
model_dist_s8: valid MRR(f16) 0.7194 -> ens_cache/model_dist_s8.valid.npz
analogy_d8: valid MRR alone 0.4936 (positive has holders on 55% of rows) -> ens_cache/analogy_d8.valid.npz
analogy_d8_t3: valid MRR alone 0.4955 (positive has holders on 55% of rows) -> ens_cache/analogy_d8_t3.valid.npz
holders: valid MRR alone 0.4250 (positive has holders on 55% of rows) -> ens_cache/holders.valid.npz
analogy_d8_aug: valid MRR alone 0.4949 (positive has holders on 58% of rows) -> ens_cache/analogy_d8_aug.valid.npz
analogy_d8_t3_aug: valid MRR alone 0.4968 (positive has holders on 58% of rows) -> ens_cache/analogy_d8_t3_aug.valid.npz
holders_aug: valid MRR alone 0.4250 (positive has holders on 58% of rows) -> ens_cache/holders_aug.valid.npz
model_dist_s8: test scores cached (MRR not computed) -> ens_cache/model_dist_s8.test.npz
analogy_d8: test features cached (MRR not computed; positive has holders on 51% of rows) -> ens_cache/analogy_d8.test.npz
analogy_d8_t3: test features cached (MRR not computed; positive has holders on 51% of rows) -> ens_cache/analogy_d8_t3.test.npz
holders: test features cached (MRR not computed; positive has holders on 51% of rows) -> ens_cache/holders.test.npz
analogy_d8_aug: test features cached (MRR not computed; positive has holders on 53% of rows) -> ens_cache/analogy_d8_aug.test.npz
analogy_d8_t3_aug: test features cached (MRR not computed; positive has holders on 53% of rows) -> ens_cache/analogy_d8_t3_aug.test.npz
holders_aug: test features cached (MRR not computed; positive has holders on 53% of rows) -> ens_cache/holders_aug.test.npz
learned freeze: 138 local groups; in-sample valid 0.7883
official Evaluator test MRR: 0.7317
  by direction: tail 0.9563  head 0.5070
