distill: 10 teachers (bf16 tables), w=1.0, T=2.0
[valid] MRR 0.7185  hits@1 0.6515  hits@3 0.7507  hits@10 0.8521  (n=429,456, 2s)
[test] MRR 0.6846  hits@1 0.6166  hits@3 0.7149  hits@10 0.8204  (n=598,543, 3s)
model_dist_s3: valid MRR(f16) 0.7183 -> ens_cache/model_dist_s3.valid.npz
analogy_d3: valid MRR alone 0.4932 (positive has holders on 55% of rows) -> ens_cache/analogy_d3.valid.npz
analogy_d3_t3: valid MRR alone 0.4951 (positive has holders on 55% of rows) -> ens_cache/analogy_d3_t3.valid.npz
holders: valid MRR alone 0.4250 (positive has holders on 55% of rows) -> ens_cache/holders.valid.npz
analogy_d3_aug: valid MRR alone 0.4945 (positive has holders on 58% of rows) -> ens_cache/analogy_d3_aug.valid.npz
analogy_d3_t3_aug: valid MRR alone 0.4965 (positive has holders on 58% of rows) -> ens_cache/analogy_d3_t3_aug.valid.npz
holders_aug: valid MRR alone 0.4250 (positive has holders on 58% of rows) -> ens_cache/holders_aug.valid.npz
analogy_d3: test features cached (MRR not computed; positive has holders on 51% of rows) -> ens_cache/analogy_d3.test.npz
analogy_d3_t3: test features cached (MRR not computed; positive has holders on 51% of rows) -> ens_cache/analogy_d3_t3.test.npz
holders: test features cached (MRR not computed; positive has holders on 51% of rows) -> ens_cache/holders.test.npz
analogy_d3_aug: test features cached (MRR not computed; positive has holders on 53% of rows) -> ens_cache/analogy_d3_aug.test.npz
analogy_d3_t3_aug: test features cached (MRR not computed; positive has holders on 53% of rows) -> ens_cache/analogy_d3_t3_aug.test.npz
holders_aug: test features cached (MRR not computed; positive has holders on 53% of rows) -> ens_cache/holders_aug.test.npz
learned freeze: 138 local groups; in-sample valid 0.7881
Traceback (most recent call last):
distill: 10 teachers (bf16 tables), w=1.0, T=2.0
[valid] MRR 0.7185  hits@1 0.6515  hits@3 0.7507  hits@10 0.8521  (n=429,456, 2s)
[test] MRR 0.6846  hits@1 0.6166  hits@3 0.7149  hits@10 0.8204  (n=598,543, 3s)
model_dist_s3: valid MRR(f16) 0.7183 -> ens_cache/model_dist_s3.valid.npz
analogy_d3: valid MRR alone 0.4932 (positive has holders on 55% of rows) -> ens_cache/analogy_d3.valid.npz
analogy_d3_t3: valid MRR alone 0.4951 (positive has holders on 55% of rows) -> ens_cache/analogy_d3_t3.valid.npz
holders: valid MRR alone 0.4250 (positive has holders on 55% of rows) -> ens_cache/holders.valid.npz
analogy_d3_aug: valid MRR alone 0.4945 (positive has holders on 58% of rows) -> ens_cache/analogy_d3_aug.valid.npz
analogy_d3_t3_aug: valid MRR alone 0.4965 (positive has holders on 58% of rows) -> ens_cache/analogy_d3_t3_aug.valid.npz
holders_aug: valid MRR alone 0.4250 (positive has holders on 58% of rows) -> ens_cache/holders_aug.valid.npz
model_dist_s3: test scores cached (MRR not computed) -> ens_cache/model_dist_s3.test.npz
analogy_d3: test features cached (MRR not computed; positive has holders on 51% of rows) -> ens_cache/analogy_d3.test.npz
analogy_d3_t3: test features cached (MRR not computed; positive has holders on 51% of rows) -> ens_cache/analogy_d3_t3.test.npz
holders: test features cached (MRR not computed; positive has holders on 51% of rows) -> ens_cache/holders.test.npz
analogy_d3_aug: test features cached (MRR not computed; positive has holders on 53% of rows) -> ens_cache/analogy_d3_aug.test.npz
analogy_d3_t3_aug: test features cached (MRR not computed; positive has holders on 53% of rows) -> ens_cache/analogy_d3_t3_aug.test.npz
holders_aug: test features cached (MRR not computed; positive has holders on 53% of rows) -> ens_cache/holders_aug.test.npz
learned freeze: 138 local groups; in-sample valid 0.7881
official Evaluator test MRR: 0.7325
  by direction: tail 0.9579  head 0.5071
