ogbl-biokg loaded in 6s: 93,773 entities (disease:10687, drug:10533, function:45085, protein:17499, sideeffect:9969), 51 relations, 4,762,678 train triples
direction sampling: train-fanout, capped at 2:1; train SHA256 ac4d083d3c5104e605eb2b38563778dc4e57bf799573b39b028552606a4a038b
  relation 0: tail 0.6667, head 0.3333; train fanout tail 161.78, head 34.34
  relation 1: tail 0.6509, head 0.3491; train fanout tail 29.56, head 8.50
  relation 40: tail 0.6667, head 0.3333; train fanout tail 909.05, head 162.44
  relation 41: tail 0.6667, head 0.3333; train fanout tail 354.65, head 63.22
  relation 43: tail 0.3333, head 0.6667; train fanout tail 114.60, head 1834.06
sparse shell: row-sparse table grads, RowAdagrad lr 0.3, table fp32
params: 27,124,129 (M=144)
step 1000/12500  loss 8.213  (14s)
step 2000/12500  loss 5.333  (26s)
step 3000/12500  loss 7.681  (39s)
step 4000/12500  loss 4.850  (53s)
step 5000/12500  loss 4.456  (67s)
step 6000/12500  loss 4.448  (80s)
step 7000/12500  loss 4.269  (94s)
step 8000/12500  loss 3.851  (108s)
step 9000/12500  loss 3.922  (121s)
step 10000/12500  loss 3.941  (133s)
step 11000/12500  loss 3.566  (147s)
step 12000/12500  loss 4.881  (161s)
step 12500/12500  loss 4.917  (168s)

=== OGB official evaluation ===
[valid] MRR 0.7828  hits@1 0.7046  hits@3 0.8359  hits@10 0.9262
leaderboard context: TransE 0.745, RotatE 0.799, DistMult 0.804, ComplEx 0.810, top ~0.86
