ogbl-biokg loaded in 8s: 93,773 entities (disease:10687, drug:10533, function:45085, protein:17499, sideeffect:9969), 51 relations, 4,762,678 train triples
params: 27,124,129 (M=144)
distill: 10 teachers (M=[144, 144, 144, 144, 144, 144, 144, 144, 144, 144]), w=1.0, T=1.0
step 1000/50000  loss 7.965  (25s)
step 2000/50000  loss 5.602  (50s)
step 3000/50000  loss 7.884  (67s)
step 4000/50000  loss 4.688  (77s)
step 5000/50000  loss 4.533  (86s)
step 6000/50000  loss 4.691  (96s)
step 7000/50000  loss 4.576  (106s)
step 8000/50000  loss 5.338  (116s)
step 9000/50000  loss 7.026  (125s)
step 10000/50000  loss 4.424  (135s)
step 11000/50000  loss 4.298  (145s)
step 12000/50000  loss 5.228  (154s)
step 13000/50000  loss 4.328  (164s)
step 14000/50000  loss 3.953  (174s)
step 15000/50000  loss 4.061  (183s)
step 16000/50000  loss 6.808  (193s)
step 17000/50000  loss 3.898  (203s)
step 18000/50000  loss 5.009  (212s)
step 19000/50000  loss 5.031  (222s)
step 20000/50000  loss 4.167  (232s)
step 21000/50000  loss 4.044  (242s)
step 22000/50000  loss 5.198  (251s)
step 23000/50000  loss 4.923  (261s)
step 24000/50000  loss 4.700  (270s)
step 25000/50000  loss 4.180  (280s)
step 26000/50000  loss 4.974  (290s)
step 27000/50000  loss 4.117  (300s)
step 28000/50000  loss 3.708  (309s)
step 29000/50000  loss 3.657  (319s)
step 30000/50000  loss 3.426  (328s)
step 31000/50000  loss 6.146  (338s)
step 32000/50000  loss 3.494  (348s)
step 33000/50000  loss 4.878  (358s)
step 34000/50000  loss 3.579  (367s)
step 35000/50000  loss 4.851  (377s)
step 36000/50000  loss 4.897  (387s)
step 37000/50000  loss 4.749  (397s)
step 38000/50000  loss 5.023  (406s)
step 39000/50000  loss 3.736  (416s)
step 40000/50000  loss 4.859  (425s)
step 41000/50000  loss 3.320  (435s)
step 42000/50000  loss 3.405  (445s)
step 43000/50000  loss 5.690  (455s)
step 44000/50000  loss 3.471  (464s)
step 45000/50000  loss 4.798  (474s)
step 46000/50000  loss 4.903  (484s)
step 47000/50000  loss 3.263  (494s)
step 48000/50000  loss 3.143  (503s)
step 49000/50000  loss 3.084  (513s)
step 50000/50000  loss 3.165  (523s)

=== OGB official evaluation ===
[valid] MRR 0.8297  hits@1 0.7652  hits@3 0.8759  hits@10 0.9452
leaderboard context: TransE 0.745, RotatE 0.799, DistMult 0.804, ComplEx 0.810, top ~0.86
