ogbl-biokg loaded in 6s: 93,773 entities (disease:10687, drug:10533, function:45085, protein:17499, sideeffect:9969), 51 relations, 4,762,678 train triples
params: 27,124,129 (M=144)
distill: 10 teachers (M=[144, 144, 144, 144, 144, 144, 144, 144, 144, 144]), w=1.0, T=1.0
step 1000/50000  loss 5.493  (31s)
step 2000/50000  loss 4.720  (62s)
step 3000/50000  loss 4.841  (93s)
step 4000/50000  loss 4.760  (124s)
step 5000/50000  loss 4.868  (155s)
step 6000/50000  loss 4.503  (185s)
step 7000/50000  loss 4.516  (216s)
step 8000/50000  loss 4.350  (247s)
step 9000/50000  loss 8.193  (278s)
step 10000/50000  loss 5.062  (308s)
step 11000/50000  loss 5.121  (339s)
step 12000/50000  loss 4.332  (370s)
step 13000/50000  loss 4.312  (401s)
step 14000/50000  loss 4.141  (432s)
step 15000/50000  loss 3.817  (463s)
step 16000/50000  loss 6.750  (494s)
step 17000/50000  loss 6.870  (525s)
step 18000/50000  loss 4.063  (556s)
step 19000/50000  loss 3.817  (587s)
step 20000/50000  loss 6.643  (618s)
step 21000/50000  loss 3.922  (649s)
step 22000/50000  loss 4.812  (679s)
step 23000/50000  loss 3.525  (710s)
step 24000/50000  loss 4.146  (741s)
step 25000/50000  loss 3.650  (772s)
step 26000/50000  loss 3.435  (803s)
step 27000/50000  loss 14.865  (833s)
step 28000/50000  loss 4.978  (864s)
step 29000/50000  loss 3.727  (895s)
step 30000/50000  loss 5.023  (926s)
step 31000/50000  loss 4.914  (957s)
step 32000/50000  loss 5.018  (988s)
step 33000/50000  loss 3.507  (1019s)
step 34000/50000  loss 3.843  (1049s)
step 35000/50000  loss 4.933  (1080s)
step 36000/50000  loss 3.387  (1111s)
step 37000/50000  loss 4.859  (1141s)
step 38000/50000  loss 3.420  (1172s)
step 39000/50000  loss 5.797  (1203s)
step 40000/50000  loss 3.352  (1233s)
step 41000/50000  loss 3.790  (1264s)
step 42000/50000  loss 3.418  (1294s)
step 43000/50000  loss 3.038  (1325s)
step 44000/50000  loss 4.830  (1356s)
step 45000/50000  loss 3.234  (1387s)
step 46000/50000  loss 5.676  (1418s)
step 47000/50000  loss 3.738  (1449s)
step 48000/50000  loss 3.824  (1480s)
step 49000/50000  loss 3.400  (1511s)
step 50000/50000  loss 3.074  (1541s)

=== OGB official evaluation ===
[valid] MRR 0.8291  hits@1 0.7646  hits@3 0.8748  hits@10 0.9446
leaderboard context: TransE 0.745, RotatE 0.799, DistMult 0.804, ComplEx 0.810, top ~0.86
