ogbl-biokg loaded in 8s: 93,773 entities (disease:10687, drug:10533, function:45085, protein:17499, sideeffect:9969), 51 relations, 4,762,678 train triples
params: 27,124,129 (M=144)
distill: 10 teachers (M=[144, 144, 144, 144, 144, 144, 144, 144, 144, 144]), w=1.0, T=1.0
step 1000/50000  loss 4.969  (31s)
step 2000/50000  loss 4.654  (63s)
step 3000/50000  loss 4.765  (94s)
step 4000/50000  loss 4.725  (125s)
step 5000/50000  loss 4.386  (157s)
step 6000/50000  loss 5.718  (188s)
step 7000/50000  loss 4.452  (220s)
step 8000/50000  loss 4.222  (251s)
step 9000/50000  loss 4.353  (283s)
step 10000/50000  loss 4.402  (314s)
step 11000/50000  loss 4.501  (345s)
step 12000/50000  loss 4.497  (377s)
step 13000/50000  loss 4.224  (408s)
step 14000/50000  loss 7.902  (440s)
step 15000/50000  loss 4.324  (471s)
step 16000/50000  loss 4.250  (502s)
step 17000/50000  loss 5.196  (534s)
step 18000/50000  loss 4.772  (565s)
step 19000/50000  loss 3.881  (596s)
step 20000/50000  loss 4.103  (628s)
step 21000/50000  loss 6.592  (659s)
step 22000/50000  loss 4.236  (690s)
step 23000/50000  loss 3.781  (722s)
step 24000/50000  loss 5.100  (753s)
step 25000/50000  loss 4.035  (784s)
step 26000/50000  loss 5.123  (815s)
step 27000/50000  loss 3.618  (847s)
step 28000/50000  loss 3.716  (878s)
step 29000/50000  loss 3.489  (910s)
step 30000/50000  loss 3.612  (941s)
step 31000/50000  loss 6.082  (972s)
step 32000/50000  loss 4.913  (1003s)
step 33000/50000  loss 5.198  (1035s)
step 34000/50000  loss 6.056  (1066s)
step 35000/50000  loss 3.533  (1098s)
step 36000/50000  loss 3.394  (1129s)
step 37000/50000  loss 3.639  (1160s)
step 38000/50000  loss 3.865  (1192s)
step 39000/50000  loss 3.134  (1223s)
step 40000/50000  loss 3.271  (1255s)
step 41000/50000  loss 5.729  (1286s)
step 42000/50000  loss 3.436  (1317s)
step 43000/50000  loss 3.206  (1349s)
step 44000/50000  loss 3.374  (1380s)
step 45000/50000  loss 3.139  (1411s)
step 46000/50000  loss 2.939  (1442s)
step 47000/50000  loss 3.259  (1474s)
step 48000/50000  loss 3.323  (1505s)
step 49000/50000  loss 5.033  (1536s)
step 50000/50000  loss 3.455  (1568s)

=== OGB official evaluation ===
[valid] MRR 0.8288  hits@1 0.7643  hits@3 0.8749  hits@10 0.9450
leaderboard context: TransE 0.745, RotatE 0.799, DistMult 0.804, ComplEx 0.810, top ~0.86
