ogbl-biokg loaded in 8s: 93,773 entities (disease:10687, drug:10533, function:45085, protein:17499, sideeffect:9969), 51 relations, 4,762,678 train triples
params: 27,124,129 (M=144)
distill: 10 teachers (M=[144, 144, 144, 144, 144, 144, 144, 144, 144, 144]), w=1.0, T=1.0
step 1000/50000  loss 5.181  (31s)
step 2000/50000  loss 4.577  (63s)
step 3000/50000  loss 5.209  (94s)
step 4000/50000  loss 5.171  (125s)
step 5000/50000  loss 4.450  (157s)
step 6000/50000  loss 4.576  (188s)
step 7000/50000  loss 4.501  (220s)
step 8000/50000  loss 5.047  (251s)
step 9000/50000  loss 5.218  (283s)
step 10000/50000  loss 7.127  (314s)
step 11000/50000  loss 5.048  (346s)
step 12000/50000  loss 6.982  (377s)
step 13000/50000  loss 4.459  (409s)
step 14000/50000  loss 5.141  (440s)
step 15000/50000  loss 4.041  (471s)
step 16000/50000  loss 6.832  (503s)
step 17000/50000  loss 4.202  (534s)
step 18000/50000  loss 5.178  (566s)
step 19000/50000  loss 5.669  (597s)
step 20000/50000  loss 5.187  (628s)
step 21000/50000  loss 6.660  (660s)
step 22000/50000  loss 6.497  (692s)
step 23000/50000  loss 3.787  (723s)
step 24000/50000  loss 5.154  (755s)
step 25000/50000  loss 3.656  (786s)
step 26000/50000  loss 6.327  (817s)
step 27000/50000  loss 3.659  (849s)
step 28000/50000  loss 4.725  (880s)
step 29000/50000  loss 3.620  (911s)
step 30000/50000  loss 5.264  (943s)
step 31000/50000  loss 5.096  (974s)
step 32000/50000  loss 3.319  (1006s)
step 33000/50000  loss 5.029  (1037s)
step 34000/50000  loss 5.176  (1069s)
step 35000/50000  loss 3.570  (1100s)
step 36000/50000  loss 3.899  (1132s)
step 37000/50000  loss 3.361  (1163s)
step 38000/50000  loss 4.973  (1194s)
step 39000/50000  loss 3.548  (1226s)
step 40000/50000  loss 4.977  (1257s)
step 41000/50000  loss 3.406  (1289s)
step 42000/50000  loss 3.043  (1320s)
step 43000/50000  loss 4.880  (1352s)
step 44000/50000  loss 4.740  (1383s)
step 45000/50000  loss 3.297  (1414s)
step 46000/50000  loss 3.870  (1446s)
step 47000/50000  loss 3.664  (1477s)
step 48000/50000  loss 3.786  (1508s)
step 49000/50000  loss 3.763  (1540s)
step 50000/50000  loss 5.050  (1570s)

=== OGB official evaluation ===
[valid] MRR 0.8291  hits@1 0.7646  hits@3 0.8750  hits@10 0.9450
leaderboard context: TransE 0.745, RotatE 0.799, DistMult 0.804, ComplEx 0.810, top ~0.86
