ogbl-biokg loaded in 8s: 93,773 entities (disease:10687, drug:10533, function:45085, protein:17499, sideeffect:9969), 51 relations, 4,762,678 train triples
params: 27,124,129 (M=144)
distill: 10 teachers (M=[144, 144, 144, 144, 144, 144, 144, 144, 144, 144]), w=1.0, T=1.0
step 1000/50000  loss 6.710  (31s)
step 2000/50000  loss 5.531  (63s)
step 3000/50000  loss 4.509  (94s)
step 4000/50000  loss 4.492  (125s)
step 5000/50000  loss 4.682  (157s)
step 6000/50000  loss 4.568  (188s)
step 7000/50000  loss 5.148  (220s)
step 8000/50000  loss 4.554  (251s)
step 9000/50000  loss 4.423  (283s)
step 10000/50000  loss 4.326  (314s)
step 11000/50000  loss 4.223  (346s)
step 12000/50000  loss 4.365  (377s)
step 13000/50000  loss 4.367  (409s)
step 14000/50000  loss 4.336  (440s)
step 15000/50000  loss 4.062  (471s)
step 16000/50000  loss 5.082  (503s)
step 17000/50000  loss 4.310  (534s)
step 18000/50000  loss 4.247  (566s)
step 19000/50000  loss 3.934  (597s)
step 20000/50000  loss 3.814  (628s)
step 21000/50000  loss 5.106  (660s)
step 22000/50000  loss 3.683  (692s)
step 23000/50000  loss 3.718  (723s)
step 24000/50000  loss 7.299  (755s)
step 25000/50000  loss 4.902  (786s)
step 26000/50000  loss 3.384  (817s)
step 27000/50000  loss 3.676  (849s)
step 28000/50000  loss 4.052  (880s)
step 29000/50000  loss 3.777  (912s)
step 30000/50000  loss 5.185  (943s)
step 31000/50000  loss 3.529  (975s)
step 32000/50000  loss 4.200  (1006s)
step 33000/50000  loss 3.879  (1037s)
step 34000/50000  loss 3.626  (1069s)
step 35000/50000  loss 4.945  (1100s)
step 36000/50000  loss 4.949  (1132s)
step 37000/50000  loss 5.970  (1163s)
step 38000/50000  loss 4.885  (1195s)
step 39000/50000  loss 3.790  (1226s)
step 40000/50000  loss 5.013  (1257s)
step 41000/50000  loss 2.863  (1289s)
step 42000/50000  loss 3.173  (1320s)
step 43000/50000  loss 3.743  (1352s)
step 44000/50000  loss 3.363  (1383s)
step 45000/50000  loss 5.109  (1414s)
step 46000/50000  loss 3.696  (1446s)
step 47000/50000  loss 4.722  (1477s)
step 48000/50000  loss 4.610  (1509s)
step 49000/50000  loss 5.603  (1540s)
step 50000/50000  loss 2.942  (1570s)

=== OGB official evaluation ===
[valid] MRR 0.8288  hits@1 0.7645  hits@3 0.8745  hits@10 0.9443
leaderboard context: TransE 0.745, RotatE 0.799, DistMult 0.804, ComplEx 0.810, top ~0.86
