ogbl-biokg loaded in 8s: 93,773 entities (disease:10687, drug:10533, function:45085, protein:17499, sideeffect:9969), 51 relations, 4,762,678 train triples
params: 27,124,129 (M=144)
step 1000/50000  loss 5.916  (5s)
step 2000/50000  loss 5.443  (10s)
step 3000/50000  loss 4.335  (15s)
step 4000/50000  loss 4.242  (20s)
step 5000/50000  loss 4.456  (24s)
step 6000/50000  loss 4.300  (30s)
step 7000/50000  loss 5.046  (34s)
step 8000/50000  loss 4.315  (39s)
step 9000/50000  loss 4.256  (44s)
step 10000/50000  loss 4.127  (49s)
step 11000/50000  loss 3.989  (54s)
step 12000/50000  loss 4.163  (59s)
step 13000/50000  loss 4.207  (64s)
step 14000/50000  loss 4.153  (69s)
step 15000/50000  loss 3.899  (73s)
step 16000/50000  loss 5.021  (79s)
step 17000/50000  loss 4.143  (83s)
step 18000/50000  loss 4.116  (88s)
step 19000/50000  loss 3.730  (93s)
step 20000/50000  loss 3.638  (98s)
step 21000/50000  loss 5.060  (103s)
step 22000/50000  loss 3.500  (108s)
step 23000/50000  loss 3.594  (113s)
step 24000/50000  loss 6.954  (117s)
step 25000/50000  loss 4.843  (122s)
step 26000/50000  loss 3.228  (127s)
step 27000/50000  loss 3.579  (132s)
step 28000/50000  loss 3.969  (137s)
step 29000/50000  loss 3.636  (142s)
step 30000/50000  loss 5.150  (147s)
step 31000/50000  loss 3.460  (152s)
step 32000/50000  loss 4.242  (156s)
step 33000/50000  loss 3.811  (161s)
step 34000/50000  loss 3.592  (166s)
step 35000/50000  loss 4.939  (170s)
step 36000/50000  loss 4.954  (176s)
step 37000/50000  loss 5.890  (180s)
step 38000/50000  loss 4.872  (185s)
step 39000/50000  loss 3.735  (190s)
step 40000/50000  loss 5.001  (195s)
step 41000/50000  loss 2.801  (200s)
step 42000/50000  loss 3.136  (204s)
step 43000/50000  loss 3.615  (209s)
step 44000/50000  loss 3.318  (214s)
step 45000/50000  loss 5.049  (219s)
step 46000/50000  loss 3.660  (224s)
step 47000/50000  loss 4.711  (229s)
step 48000/50000  loss 4.617  (234s)
step 49000/50000  loss 5.538  (238s)
step 50000/50000  loss 2.848  (243s)

=== OGB official evaluation ===
[valid] MRR 0.8119  hits@1 0.7403  hits@3 0.8630  hits@10 0.9399
[test] MRR 0.8110  hits@1 0.7394  hits@3 0.8621  hits@10 0.9391
leaderboard context: TransE 0.745, RotatE 0.799, DistMult 0.804, ComplEx 0.810, top ~0.86
