ogbl-biokg loaded in 8s: 93,773 entities (disease:10687, drug:10533, function:45085, protein:17499, sideeffect:9969), 51 relations, 4,762,678 train triples
params: 27,124,129 (M=144)
step 1000/50000  loss 7.239  (5s)
step 2000/50000  loss 4.457  (10s)
step 3000/50000  loss 4.401  (15s)
step 4000/50000  loss 5.110  (20s)
step 5000/50000  loss 4.972  (25s)
step 6000/50000  loss 4.382  (30s)
step 7000/50000  loss 5.255  (35s)
step 8000/50000  loss 4.326  (40s)
step 9000/50000  loss 5.091  (44s)
step 10000/50000  loss 6.634  (49s)
step 11000/50000  loss 4.951  (54s)
step 12000/50000  loss 5.277  (59s)
step 13000/50000  loss 4.191  (64s)
step 14000/50000  loss 3.822  (68s)
step 15000/50000  loss 4.170  (73s)
step 16000/50000  loss 5.124  (78s)
step 17000/50000  loss 4.964  (83s)
step 18000/50000  loss 3.737  (87s)
step 19000/50000  loss 4.616  (92s)
step 20000/50000  loss 3.613  (97s)
step 21000/50000  loss 3.814  (102s)
step 22000/50000  loss 4.037  (106s)
step 23000/50000  loss 4.027  (111s)
step 24000/50000  loss 5.176  (115s)
step 25000/50000  loss 3.483  (120s)
step 26000/50000  loss 3.602  (125s)
step 27000/50000  loss 3.742  (130s)
step 28000/50000  loss 3.326  (134s)
step 29000/50000  loss 3.632  (139s)
step 30000/50000  loss 3.388  (144s)
step 31000/50000  loss 4.790  (149s)
step 32000/50000  loss 4.221  (154s)
step 33000/50000  loss 3.546  (159s)
step 34000/50000  loss 3.244  (164s)
step 35000/50000  loss 3.302  (168s)
step 36000/50000  loss 3.477  (173s)
step 37000/50000  loss 4.839  (178s)
step 38000/50000  loss 3.717  (182s)
step 39000/50000  loss 5.075  (187s)
step 40000/50000  loss 3.808  (192s)
step 41000/50000  loss 3.422  (198s)
step 42000/50000  loss 4.850  (202s)
step 43000/50000  loss 5.132  (207s)
step 44000/50000  loss 3.321  (212s)
step 45000/50000  loss 5.965  (217s)
step 46000/50000  loss 4.980  (222s)
step 47000/50000  loss 3.264  (227s)
step 48000/50000  loss 4.647  (231s)
step 49000/50000  loss 3.134  (236s)
step 50000/50000  loss 5.145  (241s)

=== OGB official evaluation ===
[valid] MRR 0.8129  hits@1 0.7424  hits@3 0.8627  hits@10 0.9399
[test] MRR 0.8125  hits@1 0.7420  hits@3 0.8619  hits@10 0.9391
leaderboard context: TransE 0.745, RotatE 0.799, DistMult 0.804, ComplEx 0.810, top ~0.86
