ogbl-biokg loaded in 8s: 93,773 entities (disease:10687, drug:10533, function:45085, protein:17499, sideeffect:9969), 51 relations, 4,762,678 train triples
params: 27,124,129 (M=144)
step 1000/50000  loss 5.986  (5s)
step 2000/50000  loss 4.464  (11s)
step 3000/50000  loss 4.427  (15s)
step 4000/50000  loss 4.317  (20s)
step 5000/50000  loss 4.493  (25s)
step 6000/50000  loss 4.236  (30s)
step 7000/50000  loss 4.028  (35s)
step 8000/50000  loss 4.766  (40s)
step 9000/50000  loss 5.020  (45s)
step 10000/50000  loss 5.138  (50s)
step 11000/50000  loss 4.096  (54s)
step 12000/50000  loss 6.659  (59s)
step 13000/50000  loss 4.897  (64s)
step 14000/50000  loss 4.038  (68s)
step 15000/50000  loss 4.213  (73s)
step 16000/50000  loss 5.271  (78s)
step 17000/50000  loss 4.176  (83s)
step 18000/50000  loss 3.782  (87s)
step 19000/50000  loss 5.051  (92s)
step 20000/50000  loss 5.229  (97s)
step 21000/50000  loss 3.640  (102s)
step 22000/50000  loss 3.411  (107s)
step 23000/50000  loss 5.123  (112s)
step 24000/50000  loss 5.027  (117s)
step 25000/50000  loss 6.226  (122s)
step 26000/50000  loss 3.824  (127s)
step 27000/50000  loss 4.026  (132s)
step 28000/50000  loss 4.936  (137s)
step 29000/50000  loss 3.899  (142s)
step 30000/50000  loss 6.098  (146s)
step 31000/50000  loss 3.797  (152s)
step 32000/50000  loss 3.457  (157s)
step 33000/50000  loss 3.405  (161s)
step 34000/50000  loss 4.555  (166s)
step 35000/50000  loss 4.832  (171s)
step 36000/50000  loss 3.775  (176s)
step 37000/50000  loss 4.928  (181s)
step 38000/50000  loss 3.374  (186s)
step 39000/50000  loss 3.381  (191s)
step 40000/50000  loss 3.632  (196s)
step 41000/50000  loss 3.008  (201s)
step 42000/50000  loss 4.783  (206s)
step 43000/50000  loss 3.002  (211s)
step 44000/50000  loss 4.547  (215s)
step 45000/50000  loss 3.343  (220s)
step 46000/50000  loss 3.216  (225s)
step 47000/50000  loss 5.576  (230s)
step 48000/50000  loss 4.912  (235s)
step 49000/50000  loss 4.916  (240s)
step 50000/50000  loss 5.661  (245s)

=== OGB official evaluation ===
[valid] MRR 0.8116  hits@1 0.7404  hits@3 0.8619  hits@10 0.9391
[test] MRR 0.8111  hits@1 0.7397  hits@3 0.8620  hits@10 0.9390
leaderboard context: TransE 0.745, RotatE 0.799, DistMult 0.804, ComplEx 0.810, top ~0.86
