ogbl-biokg loaded in 8s: 93,773 entities (disease:10687, drug:10533, function:45085, protein:17499, sideeffect:9969), 51 relations, 4,762,678 train triples
params: 27,124,129 (M=144)
step 1000/50000  loss 4.881  (5s)
step 2000/50000  loss 4.734  (10s)
step 3000/50000  loss 5.078  (15s)
step 4000/50000  loss 4.593  (19s)
step 5000/50000  loss 4.117  (24s)
step 6000/50000  loss 4.147  (29s)
step 7000/50000  loss 5.058  (34s)
step 8000/50000  loss 4.180  (39s)
step 9000/50000  loss 4.217  (44s)
step 10000/50000  loss 4.332  (49s)
step 11000/50000  loss 4.208  (54s)
step 12000/50000  loss 4.943  (59s)
step 13000/50000  loss 4.220  (63s)
step 14000/50000  loss 4.245  (68s)
step 15000/50000  loss 6.525  (73s)
step 16000/50000  loss 3.935  (78s)
step 17000/50000  loss 6.435  (83s)
step 18000/50000  loss 3.879  (88s)
step 19000/50000  loss 4.110  (92s)
step 20000/50000  loss 3.703  (97s)
step 21000/50000  loss 4.964  (102s)
step 22000/50000  loss 4.019  (107s)
step 23000/50000  loss 3.567  (112s)
step 24000/50000  loss 3.757  (117s)
step 25000/50000  loss 3.636  (122s)
step 26000/50000  loss 3.853  (127s)
step 27000/50000  loss 3.313  (131s)
step 28000/50000  loss 3.454  (136s)
step 29000/50000  loss 4.981  (141s)
step 30000/50000  loss 3.517  (146s)
step 31000/50000  loss 4.947  (151s)
step 32000/50000  loss 5.365  (156s)
step 33000/50000  loss 3.538  (161s)
step 34000/50000  loss 5.884  (166s)
step 35000/50000  loss 3.372  (171s)
step 36000/50000  loss 3.669  (176s)
step 37000/50000  loss 3.274  (181s)
step 38000/50000  loss 3.372  (186s)
step 39000/50000  loss 5.143  (191s)
step 40000/50000  loss 3.304  (195s)
step 41000/50000  loss 3.234  (201s)
step 42000/50000  loss 6.012  (206s)
step 43000/50000  loss 3.566  (211s)
step 44000/50000  loss 5.682  (215s)
step 45000/50000  loss 3.299  (220s)
step 46000/50000  loss 3.058  (226s)
step 47000/50000  loss 4.518  (230s)
step 48000/50000  loss 3.080  (235s)
step 49000/50000  loss 5.891  (240s)
step 50000/50000  loss 4.630  (244s)

=== OGB official evaluation ===
[valid] MRR 0.8107  hits@1 0.7385  hits@3 0.8624  hits@10 0.9395
[test] MRR 0.8100  hits@1 0.7377  hits@3 0.8615  hits@10 0.9391
leaderboard context: TransE 0.745, RotatE 0.799, DistMult 0.804, ComplEx 0.810, top ~0.86
