ogbl-biokg loaded in 8s: 93,773 entities (disease:10687, drug:10533, function:45085, protein:17499, sideeffect:9969), 51 relations, 4,762,678 train triples
params: 27,124,129 (M=144)
step 1000/50000  loss 7.490  (5s)
step 2000/50000  loss 5.270  (10s)
step 3000/50000  loss 6.633  (15s)
step 4000/50000  loss 4.392  (20s)
step 5000/50000  loss 4.296  (25s)
step 6000/50000  loss 4.422  (30s)
step 7000/50000  loss 4.354  (35s)
step 8000/50000  loss 5.240  (39s)
step 9000/50000  loss 6.708  (44s)
step 10000/50000  loss 4.244  (49s)
step 11000/50000  loss 4.010  (54s)
step 12000/50000  loss 5.171  (59s)
step 13000/50000  loss 4.070  (64s)
step 14000/50000  loss 3.748  (69s)
step 15000/50000  loss 3.870  (73s)
step 16000/50000  loss 6.555  (78s)
step 17000/50000  loss 3.725  (84s)
step 18000/50000  loss 4.934  (90s)
step 19000/50000  loss 4.942  (95s)
step 20000/50000  loss 3.969  (100s)
step 21000/50000  loss 3.842  (106s)
step 22000/50000  loss 5.136  (111s)
step 23000/50000  loss 4.896  (116s)
step 24000/50000  loss 4.472  (120s)
step 25000/50000  loss 4.080  (125s)
step 26000/50000  loss 4.933  (130s)
step 27000/50000  loss 4.026  (135s)
step 28000/50000  loss 3.600  (140s)
step 29000/50000  loss 3.573  (145s)
step 30000/50000  loss 3.312  (150s)
step 31000/50000  loss 6.047  (155s)
step 32000/50000  loss 3.390  (160s)
step 33000/50000  loss 4.854  (165s)
step 34000/50000  loss 3.512  (170s)
step 35000/50000  loss 4.830  (174s)
step 36000/50000  loss 4.874  (179s)
step 37000/50000  loss 4.729  (184s)
step 38000/50000  loss 5.008  (189s)
step 39000/50000  loss 3.677  (194s)
step 40000/50000  loss 4.862  (199s)
step 41000/50000  loss 3.265  (204s)
step 42000/50000  loss 3.357  (209s)
step 43000/50000  loss 5.644  (214s)
step 44000/50000  loss 3.421  (219s)
step 45000/50000  loss 4.799  (223s)
step 46000/50000  loss 4.902  (229s)
step 47000/50000  loss 3.218  (234s)
step 48000/50000  loss 3.103  (238s)
step 49000/50000  loss 3.051  (243s)
step 50000/50000  loss 3.110  (248s)

=== OGB official evaluation ===
[valid] MRR 0.8139  hits@1 0.7438  hits@3 0.8636  hits@10 0.9398
[test] MRR 0.8135  hits@1 0.7435  hits@3 0.8627  hits@10 0.9395
leaderboard context: TransE 0.745, RotatE 0.799, DistMult 0.804, ComplEx 0.810, top ~0.86
