ogbl-biokg loaded in 9s: 93,773 entities (disease:10687, drug:10533, function:45085, protein:17499, sideeffect:9969), 51 relations, 4,762,678 train triples
params: 27,124,129 (M=144)
step 1000/50000  loss 4.660  (5s)
step 2000/50000  loss 4.469  (10s)
step 3000/50000  loss 4.441  (15s)
step 4000/50000  loss 4.565  (19s)
step 5000/50000  loss 4.199  (24s)
step 6000/50000  loss 4.967  (29s)
step 7000/50000  loss 4.241  (34s)
step 8000/50000  loss 4.000  (39s)
step 9000/50000  loss 4.153  (44s)
step 10000/50000  loss 4.113  (48s)
step 11000/50000  loss 4.320  (54s)
step 12000/50000  loss 4.280  (58s)
step 13000/50000  loss 3.674  (63s)
step 14000/50000  loss 7.529  (68s)
step 15000/50000  loss 4.197  (73s)
step 16000/50000  loss 4.130  (78s)
step 17000/50000  loss 5.140  (83s)
step 18000/50000  loss 4.824  (88s)
step 19000/50000  loss 3.739  (93s)
step 20000/50000  loss 3.847  (97s)
step 21000/50000  loss 6.373  (103s)
step 22000/50000  loss 4.131  (107s)
step 23000/50000  loss 3.689  (112s)
step 24000/50000  loss 5.074  (117s)
step 25000/50000  loss 3.937  (122s)
step 26000/50000  loss 5.113  (127s)
step 27000/50000  loss 3.510  (132s)
step 28000/50000  loss 3.633  (137s)
step 29000/50000  loss 3.359  (142s)
step 30000/50000  loss 3.499  (146s)
step 31000/50000  loss 5.978  (151s)
step 32000/50000  loss 4.914  (156s)
step 33000/50000  loss 5.195  (161s)
step 34000/50000  loss 5.972  (166s)
step 35000/50000  loss 3.490  (170s)
step 36000/50000  loss 3.316  (176s)
step 37000/50000  loss 3.613  (180s)
step 38000/50000  loss 3.805  (185s)
step 39000/50000  loss 3.052  (190s)
step 40000/50000  loss 3.239  (195s)
step 41000/50000  loss 5.673  (200s)
step 42000/50000  loss 3.386  (204s)
step 43000/50000  loss 3.163  (209s)
step 44000/50000  loss 3.353  (214s)
step 45000/50000  loss 3.085  (219s)
step 46000/50000  loss 2.877  (225s)
step 47000/50000  loss 3.220  (230s)
step 48000/50000  loss 3.278  (235s)
step 49000/50000  loss 5.030  (239s)
step 50000/50000  loss 3.045  (244s)

=== OGB official evaluation ===
[valid] MRR 0.8122  hits@1 0.7412  hits@3 0.8626  hits@10 0.9396
[test] MRR 0.8109  hits@1 0.7398  hits@3 0.8613  hits@10 0.9386
leaderboard context: TransE 0.745, RotatE 0.799, DistMult 0.804, ComplEx 0.810, top ~0.86
