ogbl-biokg loaded in 8s: 93,773 entities (disease:10687, drug:10533, function:45085, protein:17499, sideeffect:9969), 51 relations, 4,762,678 train triples
params: 27,124,129 (M=144)
step 1000/50000  loss 5.586  (5s)
step 2000/50000  loss 7.401  (10s)
step 3000/50000  loss 5.268  (15s)
step 4000/50000  loss 4.208  (20s)
step 5000/50000  loss 4.292  (25s)
step 6000/50000  loss 5.755  (30s)
step 7000/50000  loss 6.861  (35s)
step 8000/50000  loss 4.037  (40s)
step 9000/50000  loss 4.915  (44s)
step 10000/50000  loss 4.999  (49s)
step 11000/50000  loss 4.061  (54s)
step 12000/50000  loss 3.878  (59s)
step 13000/50000  loss 3.912  (64s)
step 14000/50000  loss 5.001  (69s)
step 15000/50000  loss 3.918  (74s)
step 16000/50000  loss 4.925  (79s)
step 17000/50000  loss 5.039  (84s)
step 18000/50000  loss 6.428  (89s)
step 19000/50000  loss 4.103  (94s)
step 20000/50000  loss 4.090  (99s)
step 21000/50000  loss 5.184  (104s)
step 22000/50000  loss 3.594  (109s)
step 23000/50000  loss 4.944  (114s)
step 24000/50000  loss 3.697  (119s)
step 25000/50000  loss 4.961  (124s)
step 26000/50000  loss 3.685  (128s)
step 27000/50000  loss 3.468  (133s)
step 28000/50000  loss 4.153  (138s)
step 29000/50000  loss 3.418  (143s)
step 30000/50000  loss 4.955  (147s)
step 31000/50000  loss 3.460  (153s)
step 32000/50000  loss 5.949  (158s)
step 33000/50000  loss 3.607  (162s)
step 34000/50000  loss 3.764  (167s)
step 35000/50000  loss 3.982  (172s)
step 36000/50000  loss 4.818  (178s)
step 37000/50000  loss 3.350  (182s)
step 38000/50000  loss 4.828  (187s)
step 39000/50000  loss 3.313  (191s)
step 40000/50000  loss 3.320  (196s)
step 41000/50000  loss 5.739  (201s)
step 42000/50000  loss 3.283  (206s)
step 43000/50000  loss 3.408  (211s)
step 44000/50000  loss 3.306  (216s)
step 45000/50000  loss 3.637  (220s)
step 46000/50000  loss 5.009  (226s)
step 47000/50000  loss 3.235  (231s)
step 48000/50000  loss 3.590  (235s)
step 49000/50000  loss 4.792  (240s)
step 50000/50000  loss 3.225  (245s)

=== OGB official evaluation ===
[valid] MRR 0.8104  hits@1 0.7383  hits@3 0.8620  hits@10 0.9393
[test] MRR 0.8106  hits@1 0.7387  hits@3 0.8617  hits@10 0.9393
leaderboard context: TransE 0.745, RotatE 0.799, DistMult 0.804, ComplEx 0.810, top ~0.86
