ogbl-wikikg2 loaded in 15s: 2,500,604 entities, 535 relations, 16,109,182 train triples, valid 429,456, test 598,543
args: {'steps': 800000, 'batch': 2048, 'neg': 4096, 'k': 6, 'block_size': 36, 'ent_bias': False, 'rel_gain': False, 'opt': 'rowadagrad', 'lr': 0.005, 'table_lr': 0.6, 'table_sched': 'cosine', 'lam': 0.1, 'clip': 1.0, 'distill': [], 'distill_w': 1.0, 'distill_T': 1.0, 'rel_alpha': 1.0, 'n3': 0.0, 'table_dtype': 'fp32', 'comp': 0, 'comp_k': 8, 'comp_drop': 0.3, 'comp_lam': 1.0, 'comp_hubw': False, 'comp_gain': False, 'comp_free_min_deg': 0, 'rev_frac': 0.75, 'seed': 0, 'save': 'model_k6.pt', 'eval': 'valid', 'eval_only': False, 'probe_every': 100000, 'probe_size': 20000, 'ckpt_every': 100000, 'log_every': 50000, 'device': 'cuda', 'data_root': 'data_ogb'}
params: 182,816,929 (M=36, table 0.67 GB fp32)  opt=rowadagrad lr=0.005 table_lr=0.6 table_sched=cosine
step 50000/800000  loss 4.458  1.8 ms/step  tau 3.96  (88s)
step 100000/800000  loss 3.762  1.8 ms/step  tau 4.72  (176s)
[probe@100000] MRR 0.6485  hits@1 0.5841  hits@3 0.6761  hits@10 0.7736  (n=20,000, 0s)
step 150000/800000  loss 3.594  1.8 ms/step  tau 5.22  (264s)
step 200000/800000  loss 3.571  1.8 ms/step  tau 5.70  (352s)
[probe@200000] MRR 0.6622  hits@1 0.5971  hits@3 0.6912  hits@10 0.7876  (n=20,000, 0s)
step 250000/800000  loss 3.076  1.8 ms/step  tau 6.19  (440s)
step 300000/800000  loss 2.988  1.8 ms/step  tau 6.62  (528s)
[probe@300000] MRR 0.6692  hits@1 0.6046  hits@3 0.6980  hits@10 0.7944  (n=20,000, 0s)
step 350000/800000  loss 2.841  1.8 ms/step  tau 7.19  (616s)
step 400000/800000  loss 2.804  1.8 ms/step  tau 7.72  (704s)
[probe@400000] MRR 0.6741  hits@1 0.6098  hits@3 0.7031  hits@10 0.7990  (n=20,000, 0s)
step 450000/800000  loss 2.605  1.8 ms/step  tau 8.35  (793s)
step 500000/800000  loss 2.645  1.8 ms/step  tau 8.99  (881s)
[probe@500000] MRR 0.6765  hits@1 0.6113  hits@3 0.7059  hits@10 0.8041  (n=20,000, 0s)
step 550000/800000  loss 2.451  1.8 ms/step  tau 9.77  (969s)
step 600000/800000  loss 2.462  1.8 ms/step  tau 10.68  (1056s)
[probe@600000] MRR 0.6785  hits@1 0.6129  hits@3 0.7075  hits@10 0.8066  (n=20,000, 0s)
step 650000/800000  loss 2.554  1.8 ms/step  tau 11.75  (1145s)
step 700000/800000  loss 2.370  1.8 ms/step  tau 13.06  (1233s)
[probe@700000] MRR 0.6816  hits@1 0.6159  hits@3 0.7107  hits@10 0.8103  (n=20,000, 0s)
step 750000/800000  loss 2.403  1.8 ms/step  tau 14.35  (1322s)
step 800000/800000  loss 2.394  1.8 ms/step  tau 14.74  (1410s)
[probe@800000] MRR 0.6821  hits@1 0.6162  hits@3 0.7117  hits@10 0.8111  (n=20,000, 0s)
saved model_k6.pt  (train 1410s)

=== OGB official evaluation (ogbl-wikikg2) ===
[valid] MRR 0.6829  hits@1 0.6171  hits@3 0.7126  hits@10 0.8123  (n=429,456, 1s)
leaderboard context (test MRR): RotatE 0.433, PairRE 0.521, AutoSF 0.546, TripleRE 0.579, ComplEx-RP 0.639, TranS 0.694, StarGraph+TripleRE 0.729, RelEns 0.739
