ogbl-biokg loaded in 15s: 93,773 entities (disease:10687, drug:10533, function:45085, protein:17499, sideeffect:9969), 51 relations, 4,762,678 train triples
params: 27,124,129 (M=144)
distill: 10 teachers (M=[144, 144, 144, 144, 144, 144, 144, 144, 144, 144]), w=1.0, T=1.0
step 1000/50000  loss 5.052  (51s)
step 2000/50000  loss 5.299  (101s)
step 3000/50000  loss 5.098  (151s)
step 4000/50000  loss 4.984  (194s)
step 5000/50000  loss 4.419  (225s)
step 6000/50000  loss 4.515  (256s)
step 7000/50000  loss 5.101  (288s)
step 8000/50000  loss 4.481  (319s)
step 9000/50000  loss 4.428  (351s)
step 10000/50000  loss 4.508  (382s)
step 11000/50000  loss 4.481  (413s)
step 12000/50000  loss 4.980  (445s)
step 13000/50000  loss 4.382  (476s)
step 14000/50000  loss 4.484  (508s)
step 15000/50000  loss 6.810  (539s)
step 16000/50000  loss 4.163  (571s)
step 17000/50000  loss 6.721  (602s)
step 18000/50000  loss 4.127  (634s)
step 19000/50000  loss 4.268  (665s)
step 20000/50000  loss 3.904  (696s)
step 21000/50000  loss 5.025  (728s)
step 22000/50000  loss 4.152  (760s)
step 23000/50000  loss 3.728  (791s)
step 24000/50000  loss 3.895  (823s)
step 25000/50000  loss 3.746  (854s)
step 26000/50000  loss 3.953  (886s)
step 27000/50000  loss 3.477  (917s)
step 28000/50000  loss 3.570  (949s)
step 29000/50000  loss 5.009  (980s)
step 30000/50000  loss 3.623  (1011s)
step 31000/50000  loss 4.964  (1043s)
step 32000/50000  loss 5.477  (1075s)
step 33000/50000  loss 3.599  (1106s)
step 34000/50000  loss 5.947  (1138s)
step 35000/50000  loss 3.423  (1169s)
step 36000/50000  loss 3.718  (1201s)
step 37000/50000  loss 3.328  (1232s)
step 38000/50000  loss 3.425  (1263s)
step 39000/50000  loss 5.154  (1295s)
step 40000/50000  loss 3.354  (1326s)
step 41000/50000  loss 3.270  (1358s)
step 42000/50000  loss 6.114  (1390s)
step 43000/50000  loss 3.612  (1421s)
step 44000/50000  loss 5.714  (1453s)
step 45000/50000  loss 3.345  (1484s)
step 46000/50000  loss 3.093  (1516s)
step 47000/50000  loss 4.511  (1547s)
step 48000/50000  loss 3.117  (1579s)
step 49000/50000  loss 6.007  (1610s)
step 50000/50000  loss 4.648  (1640s)

=== OGB official evaluation ===
[valid] MRR 0.8284  hits@1 0.7636  hits@3 0.8746  hits@10 0.9449
leaderboard context: TransE 0.745, RotatE 0.799, DistMult 0.804, ComplEx 0.810, top ~0.86
