ogbl-biokg loaded in 15s: 93,773 entities (disease:10687, drug:10533, function:45085, protein:17499, sideeffect:9969), 51 relations, 4,762,678 train triples
params: 27,124,129 (M=144)
distill: 10 teachers (M=[144, 144, 144, 144, 144, 144, 144, 144, 144, 144]), w=1.0, T=1.0
step 1000/50000  loss 7.450  (50s)
step 2000/50000  loss 4.710  (100s)
step 3000/50000  loss 4.629  (150s)
step 4000/50000  loss 4.499  (193s)
step 5000/50000  loss 4.687  (225s)
step 6000/50000  loss 4.397  (256s)
step 7000/50000  loss 4.802  (287s)
step 8000/50000  loss 4.996  (319s)
step 9000/50000  loss 5.136  (350s)
step 10000/50000  loss 5.204  (381s)
step 11000/50000  loss 4.229  (412s)
step 12000/50000  loss 6.913  (444s)
step 13000/50000  loss 4.953  (475s)
step 14000/50000  loss 4.188  (507s)
step 15000/50000  loss 4.375  (538s)
step 16000/50000  loss 5.777  (569s)
step 17000/50000  loss 4.305  (601s)
step 18000/50000  loss 3.888  (632s)
step 19000/50000  loss 5.104  (664s)
step 20000/50000  loss 5.273  (695s)
step 21000/50000  loss 3.724  (726s)
step 22000/50000  loss 3.592  (758s)
step 23000/50000  loss 5.148  (789s)
step 24000/50000  loss 5.031  (821s)
step 25000/50000  loss 6.366  (852s)
step 26000/50000  loss 3.927  (884s)
step 27000/50000  loss 4.095  (915s)
step 28000/50000  loss 4.940  (947s)
step 29000/50000  loss 3.989  (978s)
step 30000/50000  loss 6.214  (1009s)
step 31000/50000  loss 3.851  (1041s)
step 32000/50000  loss 3.521  (1072s)
step 33000/50000  loss 3.445  (1104s)
step 34000/50000  loss 4.562  (1135s)
step 35000/50000  loss 4.838  (1166s)
step 36000/50000  loss 3.833  (1198s)
step 37000/50000  loss 4.929  (1229s)
step 38000/50000  loss 3.407  (1260s)
step 39000/50000  loss 3.417  (1292s)
step 40000/50000  loss 3.694  (1323s)
step 41000/50000  loss 3.098  (1355s)
step 42000/50000  loss 4.774  (1386s)
step 43000/50000  loss 3.025  (1418s)
step 44000/50000  loss 4.543  (1449s)
step 45000/50000  loss 3.380  (1481s)
step 46000/50000  loss 3.257  (1512s)
step 47000/50000  loss 5.624  (1544s)
step 48000/50000  loss 4.914  (1575s)
step 49000/50000  loss 4.916  (1606s)
step 50000/50000  loss 5.702  (1638s)

=== OGB official evaluation ===
[valid] MRR 0.8284  hits@1 0.7636  hits@3 0.8745  hits@10 0.9446
leaderboard context: TransE 0.745, RotatE 0.799, DistMult 0.804, ComplEx 0.810, top ~0.86
