ogbl-biokg loaded in 15s: 93,773 entities (disease:10687, drug:10533, function:45085, protein:17499, sideeffect:9969), 51 relations, 4,762,678 train triples
params: 27,124,129 (M=144)
distill: 10 teachers (M=[144, 144, 144, 144, 144, 144, 144, 144, 144, 144]), w=1.0, T=1.0
step 1000/50000  loss 6.938  (51s)
step 2000/50000  loss 10.581  (101s)
step 3000/50000  loss 5.364  (151s)
step 4000/50000  loss 4.454  (193s)
step 5000/50000  loss 4.590  (225s)
step 6000/50000  loss 6.910  (256s)
step 7000/50000  loss 7.227  (288s)
step 8000/50000  loss 4.760  (319s)
step 9000/50000  loss 4.957  (351s)
step 10000/50000  loss 5.039  (382s)
step 11000/50000  loss 4.298  (413s)
step 12000/50000  loss 4.113  (445s)
step 13000/50000  loss 4.131  (476s)
step 14000/50000  loss 5.028  (507s)
step 15000/50000  loss 4.096  (539s)
step 16000/50000  loss 4.954  (570s)
step 17000/50000  loss 5.118  (602s)
step 18000/50000  loss 6.653  (634s)
step 19000/50000  loss 4.230  (665s)
step 20000/50000  loss 4.194  (696s)
step 21000/50000  loss 5.226  (728s)
step 22000/50000  loss 3.757  (760s)
step 23000/50000  loss 4.976  (791s)
step 24000/50000  loss 3.813  (823s)
step 25000/50000  loss 5.001  (854s)
step 26000/50000  loss 3.781  (886s)
step 27000/50000  loss 3.552  (917s)
step 28000/50000  loss 4.330  (949s)
step 29000/50000  loss 3.543  (980s)
step 30000/50000  loss 4.971  (1011s)
step 31000/50000  loss 3.580  (1043s)
step 32000/50000  loss 6.057  (1075s)
step 33000/50000  loss 3.661  (1106s)
step 34000/50000  loss 3.832  (1138s)
step 35000/50000  loss 4.049  (1169s)
step 36000/50000  loss 4.831  (1201s)
step 37000/50000  loss 3.407  (1232s)
step 38000/50000  loss 4.834  (1263s)
step 39000/50000  loss 3.366  (1295s)
step 40000/50000  loss 3.369  (1326s)
step 41000/50000  loss 5.778  (1358s)
step 42000/50000  loss 3.348  (1390s)
step 43000/50000  loss 3.437  (1421s)
step 44000/50000  loss 3.336  (1453s)
step 45000/50000  loss 3.671  (1484s)
step 46000/50000  loss 5.007  (1516s)
step 47000/50000  loss 3.280  (1547s)
step 48000/50000  loss 3.640  (1579s)
step 49000/50000  loss 4.793  (1610s)
step 50000/50000  loss 3.278  (1640s)

=== OGB official evaluation ===
[valid] MRR 0.8273  hits@1 0.7620  hits@3 0.8736  hits@10 0.9448
leaderboard context: TransE 0.745, RotatE 0.799, DistMult 0.804, ComplEx 0.810, top ~0.86
