ogbl-biokg loaded in 8s: 93,773 entities (disease:10687, drug:10533, function:45085, protein:17499, sideeffect:9969), 51 relations, 4,762,678 train triples
params: 27,124,129 (M=144)
step 1000/50000  loss 5.034  (5s)
step 2000/50000  loss 4.473  (10s)
step 3000/50000  loss 5.167  (15s)
step 4000/50000  loss 5.139  (19s)
step 5000/50000  loss 4.260  (24s)
step 6000/50000  loss 4.301  (30s)
step 7000/50000  loss 4.277  (34s)
step 8000/50000  loss 4.744  (39s)
step 9000/50000  loss 5.118  (44s)
step 10000/50000  loss 6.785  (49s)
step 11000/50000  loss 5.003  (54s)
step 12000/50000  loss 6.673  (58s)
step 13000/50000  loss 4.250  (63s)
step 14000/50000  loss 5.112  (68s)
step 15000/50000  loss 3.835  (72s)
step 16000/50000  loss 6.548  (77s)
step 17000/50000  loss 4.037  (82s)
step 18000/50000  loss 5.137  (87s)
step 19000/50000  loss 4.783  (92s)
step 20000/50000  loss 5.156  (97s)
step 21000/50000  loss 6.437  (102s)
step 22000/50000  loss 6.315  (107s)
step 23000/50000  loss 3.604  (111s)
step 24000/50000  loss 5.140  (116s)
step 25000/50000  loss 3.544  (121s)
step 26000/50000  loss 6.188  (126s)
step 27000/50000  loss 3.537  (131s)
step 28000/50000  loss 4.453  (136s)
step 29000/50000  loss 3.531  (141s)
step 30000/50000  loss 5.244  (146s)
step 31000/50000  loss 5.105  (151s)
step 32000/50000  loss 3.250  (156s)
step 33000/50000  loss 5.027  (161s)
step 34000/50000  loss 5.167  (165s)
step 35000/50000  loss 3.519  (170s)
step 36000/50000  loss 3.826  (175s)
step 37000/50000  loss 3.309  (180s)
step 38000/50000  loss 4.964  (185s)
step 39000/50000  loss 3.493  (190s)
step 40000/50000  loss 4.970  (195s)
step 41000/50000  loss 3.369  (200s)
step 42000/50000  loss 2.935  (205s)
step 43000/50000  loss 4.871  (210s)
step 44000/50000  loss 4.737  (214s)
step 45000/50000  loss 3.234  (219s)
step 46000/50000  loss 3.902  (224s)
step 47000/50000  loss 3.614  (229s)
step 48000/50000  loss 3.724  (233s)
step 49000/50000  loss 3.713  (238s)
step 50000/50000  loss 5.047  (243s)

=== OGB official evaluation ===
[valid] MRR 0.8138  hits@1 0.7434  hits@3 0.8639  hits@10 0.9403
[test] MRR 0.8130  hits@1 0.7427  hits@3 0.8628  hits@10 0.9397
leaderboard context: TransE 0.745, RotatE 0.799, DistMult 0.804, ComplEx 0.810, top ~0.86
