ogbl-biokg loaded in 8s: 93,773 entities (disease:10687, drug:10533, function:45085, protein:17499, sideeffect:9969), 51 relations, 4,762,678 train triples
params: 27,124,129 (M=144)
step 1000/50000  loss 7.777  (5s)
step 2000/50000  loss 4.430  (10s)
step 3000/50000  loss 4.282  (15s)
step 4000/50000  loss 5.328  (19s)
step 5000/50000  loss 3.993  (24s)
step 6000/50000  loss 5.022  (29s)
step 7000/50000  loss 4.375  (33s)
step 8000/50000  loss 5.163  (38s)
step 9000/50000  loss 5.106  (42s)
step 10000/50000  loss 6.774  (47s)
step 11000/50000  loss 5.133  (52s)
step 12000/50000  loss 4.344  (57s)
step 13000/50000  loss 4.926  (61s)
step 14000/50000  loss 5.005  (66s)
step 15000/50000  loss 6.572  (71s)
step 16000/50000  loss 4.100  (76s)
step 17000/50000  loss 6.633  (81s)
step 18000/50000  loss 5.068  (86s)
step 19000/50000  loss 4.080  (91s)
step 20000/50000  loss 3.779  (96s)
step 21000/50000  loss 3.901  (101s)
step 22000/50000  loss 3.801  (106s)
step 23000/50000  loss 6.353  (110s)
step 24000/50000  loss 3.420  (115s)
step 25000/50000  loss 5.008  (120s)
step 26000/50000  loss 3.480  (126s)
step 27000/50000  loss 3.903  (130s)
step 28000/50000  loss 3.999  (135s)
step 29000/50000  loss 3.531  (140s)
step 30000/50000  loss 4.960  (145s)
step 31000/50000  loss 3.502  (150s)
step 32000/50000  loss 3.642  (155s)
step 33000/50000  loss 6.093  (160s)
step 34000/50000  loss 4.824  (165s)
step 35000/50000  loss 3.423  (170s)
step 36000/50000  loss 4.019  (176s)
step 37000/50000  loss 5.038  (180s)
step 38000/50000  loss 5.789  (185s)
step 39000/50000  loss 3.378  (190s)
step 40000/50000  loss 3.993  (195s)
step 41000/50000  loss 5.711  (200s)
step 42000/50000  loss 5.662  (205s)
step 43000/50000  loss 3.337  (210s)
step 44000/50000  loss 5.635  (215s)
step 45000/50000  loss 4.787  (220s)
step 46000/50000  loss 5.663  (225s)
step 47000/50000  loss 3.267  (230s)
step 48000/50000  loss 3.735  (235s)
step 49000/50000  loss 3.654  (239s)
step 50000/50000  loss 3.832  (244s)

=== OGB official evaluation ===
[valid] MRR 0.8143  hits@1 0.7441  hits@3 0.8644  hits@10 0.9403
[test] MRR 0.8135  hits@1 0.7432  hits@3 0.8634  hits@10 0.9398
leaderboard context: TransE 0.745, RotatE 0.799, DistMult 0.804, ComplEx 0.810, top ~0.86
