ogbl-biokg loaded in 8s: 93,773 entities (disease:10687, drug:10533, function:45085, protein:17499, sideeffect:9969), 51 relations, 4,762,678 train triples
params: 27,124,129 (M=144)
step 1000/50000  loss 5.337  (5s)
step 2000/50000  loss 4.562  (10s)
step 3000/50000  loss 4.588  (15s)
step 4000/50000  loss 4.562  (19s)
step 5000/50000  loss 4.480  (24s)
step 6000/50000  loss 4.181  (29s)
step 7000/50000  loss 4.357  (34s)
step 8000/50000  loss 4.128  (39s)
step 9000/50000  loss 7.847  (44s)
step 10000/50000  loss 4.991  (48s)
step 11000/50000  loss 5.090  (53s)
step 12000/50000  loss 4.092  (58s)
step 13000/50000  loss 4.165  (63s)
step 14000/50000  loss 3.921  (68s)
step 15000/50000  loss 3.596  (73s)
step 16000/50000  loss 6.513  (78s)
step 17000/50000  loss 6.600  (82s)
step 18000/50000  loss 3.901  (87s)
step 19000/50000  loss 3.683  (91s)
step 20000/50000  loss 6.478  (96s)
step 21000/50000  loss 3.769  (101s)
step 22000/50000  loss 4.779  (106s)
step 23000/50000  loss 3.361  (111s)
step 24000/50000  loss 4.061  (115s)
step 25000/50000  loss 3.556  (120s)
step 26000/50000  loss 3.321  (126s)
step 27000/50000  loss 8.001  (130s)
step 28000/50000  loss 4.963  (135s)
step 29000/50000  loss 3.637  (140s)
step 30000/50000  loss 5.024  (144s)
step 31000/50000  loss 4.884  (150s)
step 32000/50000  loss 5.013  (154s)
step 33000/50000  loss 3.462  (159s)
step 34000/50000  loss 3.719  (163s)
step 35000/50000  loss 4.918  (168s)
step 36000/50000  loss 3.302  (173s)
step 37000/50000  loss 4.847  (178s)
step 38000/50000  loss 3.386  (183s)
step 39000/50000  loss 5.763  (188s)
step 40000/50000  loss 3.307  (192s)
step 41000/50000  loss 3.762  (198s)
step 42000/50000  loss 3.371  (203s)
step 43000/50000  loss 2.947  (208s)
step 44000/50000  loss 4.828  (212s)
step 45000/50000  loss 3.184  (217s)
step 46000/50000  loss 5.637  (222s)
step 47000/50000  loss 3.708  (226s)
step 48000/50000  loss 3.787  (231s)
step 49000/50000  loss 3.333  (235s)
step 50000/50000  loss 3.026  (240s)

=== OGB official evaluation ===
[valid] MRR 0.8122  hits@1 0.7420  hits@3 0.8618  hits@10 0.9388
[test] MRR 0.8119  hits@1 0.7416  hits@3 0.8614  hits@10 0.9379
leaderboard context: TransE 0.745, RotatE 0.799, DistMult 0.804, ComplEx 0.810, top ~0.86
